Archive member included to satisfy reference by file (symbol)

.\CortexM0\ARM_GCC_541\Debug\Lab_2_7SEG.a(SPIM.o)
                              .\CortexM0\ARM_GCC_541\Debug\main.o (SPIM_WriteTxData)
.\CortexM0\ARM_GCC_541\Debug\Lab_2_7SEG.a(isr_100Hz.o)
                              .\CortexM0\ARM_GCC_541\Debug\main.o (isr_100Hz_StartEx)
.\CortexM0\ARM_GCC_541\Debug\Lab_2_7SEG.a(Pin_B1.o)
                              .\CortexM0\ARM_GCC_541\Debug\main.o (Pin_B1_Read)
.\CortexM0\ARM_GCC_541\Debug\Lab_2_7SEG.a(SPIM_IntClock.o)
                              .\CortexM0\ARM_GCC_541\Debug\Lab_2_7SEG.a(SPIM.o) (SPIM_IntClock_StartEx)
.\CortexM0\ARM_GCC_541\Debug\Lab_2_7SEG.a(CyLib.o)
                              .\CortexM0\ARM_GCC_541\Debug\cyfitter_cfg.o (CyIntEnable)
.\CortexM0\ARM_GCC_541\Debug\Lab_2_7SEG.a(CyLFClk.o)
                              .\CortexM0\ARM_GCC_541\Debug\cyfitter_cfg.o (CySysClkWcoStart)
.\CortexM0\ARM_GCC_541\Debug\Lab_2_7SEG.a(PIN_SW2.o)
                              .\CortexM0\ARM_GCC_541\Debug\main.o (PIN_SW2_Read)
.\CortexM0\ARM_GCC_541\Debug\Lab_2_7SEG.a(CyBootAsmGnu.o)
                              .\CortexM0\ARM_GCC_541\Debug\Lab_2_7SEG.a(CyLib.o) (CyDelayCycles)
d:/programs/psoccreator/psoc creator/4.2/psoc creator/import/gnu/arm/5.4.1/bin/../lib/gcc/arm-none-eabi/5.4.1/../../../../arm-none-eabi/lib/armv6-m\libm.a(lib_a-w_pow.o)
                              .\CortexM0\ARM_GCC_541\Debug\main.o (pow)
d:/programs/psoccreator/psoc creator/4.2/psoc creator/import/gnu/arm/5.4.1/bin/../lib/gcc/arm-none-eabi/5.4.1/../../../../arm-none-eabi/lib/armv6-m\libm.a(lib_a-e_pow.o)
                              d:/programs/psoccreator/psoc creator/4.2/psoc creator/import/gnu/arm/5.4.1/bin/../lib/gcc/arm-none-eabi/5.4.1/../../../../arm-none-eabi/lib/armv6-m\libm.a(lib_a-w_pow.o) (__ieee754_pow)
d:/programs/psoccreator/psoc creator/4.2/psoc creator/import/gnu/arm/5.4.1/bin/../lib/gcc/arm-none-eabi/5.4.1/../../../../arm-none-eabi/lib/armv6-m\libm.a(lib_a-e_sqrt.o)
                              d:/programs/psoccreator/psoc creator/4.2/psoc creator/import/gnu/arm/5.4.1/bin/../lib/gcc/arm-none-eabi/5.4.1/../../../../arm-none-eabi/lib/armv6-m\libm.a(lib_a-e_pow.o) (__ieee754_sqrt)
d:/programs/psoccreator/psoc creator/4.2/psoc creator/import/gnu/arm/5.4.1/bin/../lib/gcc/arm-none-eabi/5.4.1/../../../../arm-none-eabi/lib/armv6-m\libm.a(lib_a-s_fabs.o)
                              d:/programs/psoccreator/psoc creator/4.2/psoc creator/import/gnu/arm/5.4.1/bin/../lib/gcc/arm-none-eabi/5.4.1/../../../../arm-none-eabi/lib/armv6-m\libm.a(lib_a-e_pow.o) (fabs)
d:/programs/psoccreator/psoc creator/4.2/psoc creator/import/gnu/arm/5.4.1/bin/../lib/gcc/arm-none-eabi/5.4.1/../../../../arm-none-eabi/lib/armv6-m\libm.a(lib_a-s_finite.o)
                              d:/programs/psoccreator/psoc creator/4.2/psoc creator/import/gnu/arm/5.4.1/bin/../lib/gcc/arm-none-eabi/5.4.1/../../../../arm-none-eabi/lib/armv6-m\libm.a(lib_a-w_pow.o) (finite)
d:/programs/psoccreator/psoc creator/4.2/psoc creator/import/gnu/arm/5.4.1/bin/../lib/gcc/arm-none-eabi/5.4.1/../../../../arm-none-eabi/lib/armv6-m\libm.a(lib_a-s_lib_ver.o)
                              d:/programs/psoccreator/psoc creator/4.2/psoc creator/import/gnu/arm/5.4.1/bin/../lib/gcc/arm-none-eabi/5.4.1/../../../../arm-none-eabi/lib/armv6-m\libm.a(lib_a-w_pow.o) (__fdlib_version)
d:/programs/psoccreator/psoc creator/4.2/psoc creator/import/gnu/arm/5.4.1/bin/../lib/gcc/arm-none-eabi/5.4.1/../../../../arm-none-eabi/lib/armv6-m\libm.a(lib_a-s_matherr.o)
                              d:/programs/psoccreator/psoc creator/4.2/psoc creator/import/gnu/arm/5.4.1/bin/../lib/gcc/arm-none-eabi/5.4.1/../../../../arm-none-eabi/lib/armv6-m\libm.a(lib_a-w_pow.o) (matherr)
d:/programs/psoccreator/psoc creator/4.2/psoc creator/import/gnu/arm/5.4.1/bin/../lib/gcc/arm-none-eabi/5.4.1/../../../../arm-none-eabi/lib/armv6-m\libm.a(lib_a-s_nan.o)
                              d:/programs/psoccreator/psoc creator/4.2/psoc creator/import/gnu/arm/5.4.1/bin/../lib/gcc/arm-none-eabi/5.4.1/../../../../arm-none-eabi/lib/armv6-m\libm.a(lib_a-e_pow.o) (nan)
d:/programs/psoccreator/psoc creator/4.2/psoc creator/import/gnu/arm/5.4.1/bin/../lib/gcc/arm-none-eabi/5.4.1/../../../../arm-none-eabi/lib/armv6-m\libm.a(lib_a-s_rint.o)
                              d:/programs/psoccreator/psoc creator/4.2/psoc creator/import/gnu/arm/5.4.1/bin/../lib/gcc/arm-none-eabi/5.4.1/../../../../arm-none-eabi/lib/armv6-m\libm.a(lib_a-w_pow.o) (rint)
d:/programs/psoccreator/psoc creator/4.2/psoc creator/import/gnu/arm/5.4.1/bin/../lib/gcc/arm-none-eabi/5.4.1/../../../../arm-none-eabi/lib/armv6-m\libm.a(lib_a-s_scalbn.o)
                              d:/programs/psoccreator/psoc creator/4.2/psoc creator/import/gnu/arm/5.4.1/bin/../lib/gcc/arm-none-eabi/5.4.1/../../../../arm-none-eabi/lib/armv6-m\libm.a(lib_a-e_pow.o) (scalbn)
[...]
Memory Configuration

Name             Origin             Length             Attributes
rom              0x00000000         0x00040000         xr
ram              0x20000000         0x00008000         xrw
*default*        0x00000000         0xffffffff

Linker script and memory map

LOAD d:/programs/psoccreator/psoc creator/4.2/psoc creator/import/gnu/arm/5.4.1/bin/../lib/gcc/arm-none-eabi/5.4.1/armv6-m/crti.o
LOAD d:/programs/psoccreator/psoc creator/4.2/psoc creator/import/gnu/arm/5.4.1/bin/../lib/gcc/arm-none-eabi/5.4.1/armv6-m/crtbegin.o
LOAD d:/programs/psoccreator/psoc creator/4.2/psoc creator/import/gnu/arm/5.4.1/bin/../lib/gcc/arm-none-eabi/5.4.1/../../../../arm-none-eabi/lib/armv6-m/crt0.o
START GROUP
LOAD .\CortexM0\ARM_GCC_541\Debug\main.o
LOAD .\CortexM0\ARM_GCC_541\Debug\cyfitter_cfg.o
LOAD .\CortexM0\ARM_GCC_541\Debug\cymetadata.o
LOAD .\CortexM0\ARM_GCC_541\Debug\Cm0Start.o
LOAD .\CortexM0\ARM_GCC_541\Debug\Lab_2_7SEG.a
LOAD d:/programs/psoccreator/psoc creator/4.2/psoc creator/import/gnu/arm/5.4.1/bin/../lib/gcc/arm-none-eabi/5.4.1/../../../../arm-none-eabi/lib/armv6-m\libm.a
END GROUP
START GROUP
LOAD d:/programs/psoccreator/psoc creator/4.2/psoc creator/import/gnu/arm/5.4.1/bin/../lib/gcc/arm-none-eabi/5.4.1/armv6-m\libgcc.a
LOAD d:/programs/psoccreator/psoc creator/4.2/psoc creator/import/gnu/arm/5.4.1/bin/../lib/gcc/arm-none-eabi/5.4.1/../../../../arm-none-eabi/lib/armv6-m\libg_nano.a
LOAD d:/programs/psoccreator/psoc creator/4.2/psoc creator/import/gnu/arm/5.4.1/bin/../lib/gcc/arm-none-eabi/5.4.1/../../../../arm-none-eabi/lib/armv6-m\libc_nano.a
END GROUP
START GROUP
LOAD d:/programs/psoccreator/psoc creator/4.2/psoc creator/import/gnu/arm/5.4.1/bin/../lib/gcc/arm-none-eabi/5.4.1/armv6-m\libgcc.a
LOAD d:/programs/psoccreator/psoc creator/4.2/psoc creator/import/gnu/arm/5.4.1/bin/../lib/gcc/arm-none-eabi/5.4.1/../../../../arm-none-eabi/lib/armv6-m\libc_nano.a
END GROUP
LOAD d:/programs/psoccreator/psoc creator/4.2/psoc creator/import/gnu/arm/5.4.1/bin/../lib/gcc/arm-none-eabi/5.4.1/armv6-m/crtend.o
LOAD d:/programs/psoccreator/psoc creator/4.2/psoc creator/import/gnu/arm/5.4.1/bin/../lib/gcc/arm-none-eabi/5.4.1/armv6-m/crtn.o
START GROUP
LOAD d:/programs/psoccreator/psoc creator/4.2/psoc creator/import/gnu/arm/5.4.1/bin/../lib/gcc/arm-none-eabi/5.4.1/armv6-m\libgcc.a
LOAD d:/programs/psoccreator/psoc creator/4.2/psoc creator/import/gnu/arm/5.4.1/bin/../lib/gcc/arm-none-eabi/5.4.1/../../../../arm-none-eabi/lib/armv6-m\libc.a
LOAD d:/programs/psoccreator/psoc creator/4.2/psoc creator/import/gnu/arm/5.4.1/bin/../lib/gcc/arm-none-eabi/5.4.1/../../../../arm-none-eabi/lib/armv6-m\libnosys.a
END GROUP
                0x00000000                CY_APPL_ORIGIN = 0x0
                0x00000100                CY_FLASH_ROW_SIZE = 0x100
                0x00000001                CY_APPL_NUM = 0x1
                0x00000001                CY_APPL_MAX = 0x1
                0x00000040                CY_METADATA_SIZE = 0x40
                0x00000000                CY_APPL_LOADABLE = 0x0
                0x00000000                CY_CHECKSUM_EXCLUDE_SIZE = ALIGN (0x0, CY_FLASH_ROW_SIZE)
                0x00000000                CY_APP_FOR_STACK_AND_COPIER = 0x0
                [!provide]                PROVIDE (__cy_heap_start, _end)
                0x00000001                PROVIDE (__cy_region_num, ((__cy_regions_end - __cy_regions) / 0x10))
                0x20008000                PROVIDE (__cy_stack, (ORIGIN (ram) + LENGTH (ram)))
                [!provide]                PROVIDE (__cy_heap_end, (__cy_stack - 0x400))

.cybootloader   0x00000000        0x0
 *(.cybootloader)
                0x00000000                appl1_start = CY_APPL_ORIGIN?CY_APPL_ORIGIN:ALIGN (CY_FLASH_ROW_SIZE)
                0x0001ff00                appl2_start = (appl1_start + ALIGN ((((LENGTH (rom) - appl1_start) - (0x2 * CY_FLASH_ROW_SIZE)) / 0x2), CY_FLASH_ROW_SIZE))
                0x00000000                appl_start = (CY_APPL_NUM == 0x1)?appl1_start:appl2_start
                0x00000001                cy_project_type_bootloader = (appl_start == 0x0)?0x1:0x0
                0x00000000                cy_project_type_app_for_stack_and_copier = (CY_APP_FOR_STACK_AND_COPIER == 0x1)?0x1:0x0

.text           0x00000000     0x4502
 CREATE_OBJECT_SYMBOLS
                0x00000000                PROVIDE (__cy_interrupt_vector, RomVectors)
 *(.romvectors)
 .romvectors    0x00000000       0x10 .\CortexM0\ARM_GCC_541\Debug\Cm0Start.o
                0x00000000                RomVectors
                0x00000001                ASSERT ((. != __cy_interrupt_vector), No interrupt vector)
                0x00000001                ASSERT (CY_APPL_ORIGIN?(SIZEOF (.cybootloader) <= CY_APPL_ORIGIN):0x1, Wrong image location)
                0x00000010                PROVIDE (__cy_reset, Reset)
 *(.text.Reset)
 .text.Reset    0x00000010        0x8 .\CortexM0\ARM_GCC_541\Debug\Cm0Start.o
                0x00000010                Reset
                0x00000001                ASSERT ((. != __cy_reset), No reset code)
 *(.psocinit)
 .psocinit      0x00000018      0x280 .\CortexM0\ARM_GCC_541\Debug\cyfitter_cfg.o
                0x00000130                cyfitter_cfg
                0x00000298                . = MAX (., 0x100)
 *(.text .text.* .gnu.linkonce.t.*)
 .text          0x00000298       0x60 d:/programs/psoccreator/psoc creator/4.2/psoc creator/import/gnu/arm/5.4.1/bin/../lib/gcc/arm-none-eabi/5.4.1/armv6-m/crtbegin.o
 .text.isr_100Hz
                0x000002f8       0x24 .\CortexM0\ARM_GCC_541\Debug\main.o
                0x000002f8                isr_100Hz
 .text.out7seg  0x0000031c      0x118 .\CortexM0\ARM_GCC_541\Debug\main.o
                0x0000031c                out7seg
 .text.count_tail
                0x00000434       0x34 .\CortexM0\ARM_GCC_541\Debug\main.o
                0x00000434                count_tail
 .text.main     0x00000468       0xbc .\CortexM0\ARM_GCC_541\Debug\main.o
                0x00000468                main
 .text.cfg_write_bytes32
                0x00000524       0x34 .\CortexM0\ARM_GCC_541\Debug\cyfitter_cfg.o
 .text.AnalogSetDefault
                0x00000558       0x20 .\CortexM0\ARM_GCC_541\Debug\cyfitter_cfg.o
 .text.CYMEMZERO
                0x00000578        0xc .\CortexM0\ARM_GCC_541\Debug\cyfitter_cfg.o
 .text.CYCONFIGCPYCODE
                0x00000584        0x8 .\CortexM0\ARM_GCC_541\Debug\cyfitter_cfg.o
 .text.IntDefaultHandler
                0x0000058c       0x10 .\CortexM0\ARM_GCC_541\Debug\Cm0Start.o
                0x0000058c                IntDefaultHandler
 .text.Start_c  0x0000059c       0x48 .\CortexM0\ARM_GCC_541\Debug\Cm0Start.o
                0x0000059c                Start_c
 .text.initialize_psoc
                0x000005e4       0x4c .\CortexM0\ARM_GCC_541\Debug\Cm0Start.o
                0x000005e4                initialize_psoc
 .text.SPIM_Enable
                0x00000630       0x40 .\CortexM0\ARM_GCC_541\Debug\Lab_2_7SEG.a(SPIM.o)
                0x00000630                SPIM_Enable
 .text.SPIM_ReadTxStatus
                0x00000670        0xc .\CortexM0\ARM_GCC_541\Debug\Lab_2_7SEG.a(SPIM.o)
                0x00000670                SPIM_ReadTxStatus
 .text.SPIM_ReadRxStatus
                0x0000067c        0xc .\CortexM0\ARM_GCC_541\Debug\Lab_2_7SEG.a(SPIM.o)
                0x0000067c                SPIM_ReadRxStatus
 .text.SPIM_WriteTxData
                0x00000688       0x18 .\CortexM0\ARM_GCC_541\Debug\Lab_2_7SEG.a(SPIM.o)
                0x00000688                SPIM_WriteTxData
 .text.SPIM_ClearFIFO
                0x000006a0       0x50 .\CortexM0\ARM_GCC_541\Debug\Lab_2_7SEG.a(SPIM.o)
                0x000006a0                SPIM_ClearFIFO
 .text.SPIM_Init
                0x000006f0       0x2c .\CortexM0\ARM_GCC_541\Debug\Lab_2_7SEG.a(SPIM.o)
                0x000006f0                SPIM_Init
 .text.SPIM_Start
                0x0000071c       0x20 .\CortexM0\ARM_GCC_541\Debug\Lab_2_7SEG.a(SPIM.o)
                0x0000071c                SPIM_Start
 .text.isr_100Hz_SetVector
                0x0000073c        0xc .\CortexM0\ARM_GCC_541\Debug\Lab_2_7SEG.a(isr_100Hz.o)
                0x0000073c                isr_100Hz_SetVector
 .text.isr_100Hz_SetPriority
                0x00000748       0x24 .\CortexM0\ARM_GCC_541\Debug\Lab_2_7SEG.a(isr_100Hz.o)
                0x00000748                isr_100Hz_SetPriority
 .text.isr_100Hz_Enable
                0x0000076c        0xc .\CortexM0\ARM_GCC_541\Debug\Lab_2_7SEG.a(isr_100Hz.o)
                0x0000076c                isr_100Hz_Enable
 .text.isr_100Hz_Disable
                0x00000778        0xc .\CortexM0\ARM_GCC_541\Debug\Lab_2_7SEG.a(isr_100Hz.o)
                0x00000778                isr_100Hz_Disable
 .text.isr_100Hz_StartEx
                0x00000784       0x1c .\CortexM0\ARM_GCC_541\Debug\Lab_2_7SEG.a(isr_100Hz.o)
                0x00000784                isr_100Hz_StartEx
 .text.Pin_B1_Read
                0x000007a0       0x10 .\CortexM0\ARM_GCC_541\Debug\Lab_2_7SEG.a(Pin_B1.o)
                0x000007a0                Pin_B1_Read
 .text.SPIM_IntClock_StartEx
                0x000007b0       0x1c .\CortexM0\ARM_GCC_541\Debug\Lab_2_7SEG.a(SPIM_IntClock.o)
                0x000007b0                SPIM_IntClock_StartEx
 .text.CySysClkEcoReadStatus
                0x000007cc       0x10 .\CortexM0\ARM_GCC_541\Debug\Lab_2_7SEG.a(CyLib.o)
                0x000007cc                CySysClkEcoReadStatus
 .text.CyIntEnable
                0x000007dc       0x14 .\CortexM0\ARM_GCC_541\Debug\Lab_2_7SEG.a(CyLib.o)
                0x000007dc                CyIntEnable
 .text.CyHalt   0x000007f0        0x4 .\CortexM0\ARM_GCC_541\Debug\Lab_2_7SEG.a(CyLib.o)
                0x000007f0                CyHalt
 .text.CyIntSetVector
                0x000007f4       0x24 .\CortexM0\ARM_GCC_541\Debug\Lab_2_7SEG.a(CyLib.o)
                0x000007f4                CyIntSetVector
 .text.CyDelay  0x00000818       0x30 .\CortexM0\ARM_GCC_541\Debug\Lab_2_7SEG.a(CyLib.o)
                0x00000818                CyDelay
 .text.CyDelayUs
                0x00000848       0x14 .\CortexM0\ARM_GCC_541\Debug\Lab_2_7SEG.a(CyLib.o)
                0x00000848                CyDelayUs
 .text.CySysClkWriteImoFreq
                0x0000085c      0x164 .\CortexM0\ARM_GCC_541\Debug\Lab_2_7SEG.a(CyLib.o)
                0x0000085c                CySysClkWriteImoFreq
 .text.CySysClkEcoStart
                0x000009c0       0x54 .\CortexM0\ARM_GCC_541\Debug\Lab_2_7SEG.a(CyLib.o)
                0x000009c0                CySysClkEcoStart
 .text.CySysWdtLocked
                0x00000a14       0x14 .\CortexM0\ARM_GCC_541\Debug\Lab_2_7SEG.a(CyLFClk.o)
 .text.CySysClkWcoStart
                0x00000a28       0x40 .\CortexM0\ARM_GCC_541\Debug\Lab_2_7SEG.a(CyLFClk.o)
                0x00000a28                CySysClkWcoStart
 .text.CySysClkWcoSetPowerMode
                0x00000a68       0x80 .\CortexM0\ARM_GCC_541\Debug\Lab_2_7SEG.a(CyLFClk.o)
                0x00000a68                CySysClkWcoSetPowerMode
 .text.CySysWdtLock
                0x00000ae8       0x1c .\CortexM0\ARM_GCC_541\Debug\Lab_2_7SEG.a(CyLFClk.o)
                0x00000ae8                CySysWdtLock
 .text.CySysWdtUnlock
                0x00000b04       0x30 .\CortexM0\ARM_GCC_541\Debug\Lab_2_7SEG.a(CyLFClk.o)
                0x00000b04                CySysWdtUnlock
 .text.CySysWdtClearInterrupt
                0x00000b34       0x4c .\CortexM0\ARM_GCC_541\Debug\Lab_2_7SEG.a(CyLFClk.o)
                0x00000b34                CySysWdtClearInterrupt
 .text.CySysWdtIsr
                0x00000b80       0xa4 .\CortexM0\ARM_GCC_541\Debug\Lab_2_7SEG.a(CyLFClk.o)
                0x00000b80                CySysWdtIsr
 .text.PIN_SW2_Read
                0x00000c24       0x10 .\CortexM0\ARM_GCC_541\Debug\Lab_2_7SEG.a(PIN_SW2.o)
                0x00000c24                PIN_SW2_Read
 *fill*         0x00000c34        0x4 
 .text          0x00000c38       0x20 .\CortexM0\ARM_GCC_541\Debug\Lab_2_7SEG.a(CyBootAsmGnu.o)
                0x00000c38                CyDelayCycles
                0x00000c4a                CyEnterCriticalSection
                0x00000c52                CyExitCriticalSection
 .text.pow      0x00000c58      0x378 d:/programs/psoccreator/psoc creator/4.2/psoc creator/import/gnu/arm/5.4.1/bin/../lib/gcc/arm-none-eabi/5.4.1/../../../../arm-none-eabi/lib/armv6-m\libm.a(lib_a-w_pow.o)
                0x00000c58                pow
 .text.__ieee754_pow
                0x00000fd0      0xa6c d:/programs/psoccreator/psoc creator/4.2/psoc creator/import/gnu/arm/5.4.1/bin/../lib/gcc/arm-none-eabi/5.4.1/../../../../arm-none-eabi/lib/armv6-m\libm.a(lib_a-e_pow.o)
                0x00000fd0                __ieee754_pow
 .text.__ieee754_sqrt
                0x00001a3c      0x1ec d:/programs/psoccreator/psoc creator/4.2/psoc creator/import/gnu/arm/5.4.1/bin/../lib/gcc/arm-none-eabi/5.4.1/../../../../arm-none-eabi/lib/armv6-m\libm.a(lib_a-e_sqrt.o)
                0x00001a3c                __ieee754_sqrt
 .text.fabs     0x00001c28        0x8 d:/programs/psoccreator/psoc creator/4.2/psoc creator/import/gnu/arm/5.4.1/bin/../lib/gcc/arm-none-eabi/5.4.1/../../../../arm-none-eabi/lib/armv6-m\libm.a(lib_a-s_fabs.o)
                0x00001c28                fabs
 .text.finite   0x00001c30       0x14 d:/programs/psoccreator/psoc creator/4.2/psoc creator/import/gnu/arm/5.4.1/bin/../lib/gcc/arm-none-eabi/5.4.1/../../../../arm-none-eabi/lib/armv6-m\libm.a(lib_a-s_finite.o)
                0x00001c30                finite
 .text.matherr  0x00001c44        0x4 d:/programs/psoccreator/psoc creator/4.2/psoc creator/import/gnu/arm/5.4.1/bin/../lib/gcc/arm-none-eabi/5.4.1/../../../../arm-none-eabi/lib/armv6-m\libm.a(lib_a-s_matherr.o)
                0x00001c44                matherr
 .text.nan      0x00001c48        0xc d:/programs/psoccreator/psoc creator/4.2/psoc creator/import/gnu/arm/5.4.1/bin/../lib/gcc/arm-none-eabi/5.4.1/../../../../arm-none-eabi/lib/armv6-m\libm.a(lib_a-s_nan.o)
                0x00001c48                nan
 .text.rint     0x00001c54      0x144 d:/programs/psoccreator/psoc creator/4.2/psoc creator/import/gnu/arm/5.4.1/bin/../lib/gcc/arm-none-eabi/5.4.1/../../../../arm-none-eabi/lib/armv6-m\libm.a(lib_a-s_rint.o)
                0x00001c54                rint
 .text.scalbn   0x00001d98       0xd0 d:/programs/psoccreator/psoc creator/4.2/psoc creator/import/gnu/arm/5.4.1/bin/../lib/gcc/arm-none-eabi/5.4.1/../../../../arm-none-eabi/lib/armv6-m\libm.a(lib_a-s_scalbn.o)
                0x00001d98                scalbn
 .text.copysign
                0x00001e68       0x10 d:/programs/psoccreator/psoc creator/4.2/psoc creator/import/gnu/arm/5.4.1/bin/../lib/gcc/arm-none-eabi/5.4.1/../../../../arm-none-eabi/lib/armv6-m\libm.a(lib_a-s_copysign.o)
                0x00001e68                copysign
 .text          0x00001e78      0x114 d:/programs/psoccreator/psoc creator/4.2/psoc creator/import/gnu/arm/5.4.1/bin/../lib/gcc/arm-none-eabi/5.4.1/armv6-m\libgcc.a(_udivsi3.o)
                0x00001e78                __aeabi_uidiv
                0x00001e78                __udivsi3
                0x00001f84                __aeabi_uidivmod
 .text          0x00001f8c        0x4 d:/programs/psoccreator/psoc creator/4.2/psoc creator/import/gnu/arm/5.4.1/bin/../lib/gcc/arm-none-eabi/5.4.1/armv6-m\libgcc.a(_dvmd_tls.o)
                0x00001f8c                __aeabi_idiv0
                0x00001f8c                __aeabi_ldiv0
 .text          0x00001f90       0x7c d:/programs/psoccreator/psoc creator/4.2/psoc creator/import/gnu/arm/5.4.1/bin/../lib/gcc/arm-none-eabi/5.4.1/armv6-m\libgcc.a(_arm_cmpdf2.o)
                0x00001f90                __aeabi_cdrcmple
                0x00001fa0                __aeabi_cdcmple
                0x00001fa0                __aeabi_cdcmpeq
                0x00001fb0                __aeabi_dcmpeq
                0x00001fbc                __aeabi_dcmplt
                0x00001fd0                __aeabi_dcmple
                0x00001fe4                __aeabi_dcmpgt
                0x00001ff8                __aeabi_dcmpge
 .text          0x0000200c       0x74 d:/programs/psoccreator/psoc creator/4.2/psoc creator/import/gnu/arm/5.4.1/bin/../lib/gcc/arm-none-eabi/5.4.1/armv6-m\libgcc.a(_arm_cmpsf2.o)
                0x0000200c                __aeabi_cfrcmple
                0x00002014                __aeabi_cfcmpeq
                0x00002014                __aeabi_cfcmple
                0x00002024                __aeabi_fcmpeq
                0x00002030                __aeabi_fcmplt
                0x00002044                __aeabi_fcmple
                0x00002058                __aeabi_fcmpgt
                0x0000206c                __aeabi_fcmpge
 .text          0x00002080      0x2ec d:/programs/psoccreator/psoc creator/4.2/psoc creator/import/gnu/arm/5.4.1/bin/../lib/gcc/arm-none-eabi/5.4.1/armv6-m\libgcc.a(addsf3.o)
                0x00002080                __aeabi_fadd
 .text          0x0000236c       0x50 d:/programs/psoccreator/psoc creator/4.2/psoc creator/import/gnu/arm/5.4.1/bin/../lib/gcc/arm-none-eabi/5.4.1/armv6-m\libgcc.a(eqsf2.o)
                0x0000236c                __eqsf2
                0x0000236c                __nesf2
 .text          0x000023bc       0x88 d:/programs/psoccreator/psoc creator/4.2/psoc creator/import/gnu/arm/5.4.1/bin/../lib/gcc/arm-none-eabi/5.4.1/armv6-m\libgcc.a(gesf2.o)
                0x000023bc                __gesf2
                0x000023bc                __gtsf2
 .text          0x00002444       0x88 d:/programs/psoccreator/psoc creator/4.2/psoc creator/import/gnu/arm/5.4.1/bin/../lib/gcc/arm-none-eabi/5.4.1/armv6-m\libgcc.a(lesf2.o)
                0x00002444                __ltsf2
                0x00002444                __lesf2
 .text          0x000024cc      0x228 d:/programs/psoccreator/psoc creator/4.2/psoc creator/import/gnu/arm/5.4.1/bin/../lib/gcc/arm-none-eabi/5.4.1/armv6-m\libgcc.a(mulsf3.o)
                0x000024cc                __aeabi_fmul
 .text          0x000026f4       0x44 d:/programs/psoccreator/psoc creator/4.2/psoc creator/import/gnu/arm/5.4.1/bin/../lib/gcc/arm-none-eabi/5.4.1/armv6-m\libgcc.a(fixsfsi.o)
                0x000026f4                __aeabi_f2iz
 .text          0x00002738       0x90 d:/programs/psoccreator/psoc creator/4.2/psoc creator/import/gnu/arm/5.4.1/bin/../lib/gcc/arm-none-eabi/5.4.1/armv6-m\libgcc.a(floatsisf.o)
                0x00002738                __aeabi_i2f
 .text          0x000027c8      0x658 d:/programs/psoccreator/psoc creator/4.2/psoc creator/import/gnu/arm/5.4.1/bin/../lib/gcc/arm-none-eabi/5.4.1/armv6-m\libgcc.a(adddf3.o)
                0x000027c8                __aeabi_dadd
 .text          0x00002e20      0x62c d:/programs/psoccreator/psoc creator/4.2/psoc creator/import/gnu/arm/5.4.1/bin/../lib/gcc/arm-none-eabi/5.4.1/armv6-m\libgcc.a(divdf3.o)
                0x00002e20                __aeabi_ddiv
 .text          0x0000344c       0x80 d:/programs/psoccreator/psoc creator/4.2/psoc creator/import/gnu/arm/5.4.1/bin/../lib/gcc/arm-none-eabi/5.4.1/armv6-m\libgcc.a(eqdf2.o)
                0x0000344c                __nedf2
                0x0000344c                __eqdf2
 .text          0x000034cc       0xc8 d:/programs/psoccreator/psoc creator/4.2/psoc creator/import/gnu/arm/5.4.1/bin/../lib/gcc/arm-none-eabi/5.4.1/armv6-m\libgcc.a(gedf2.o)
                0x000034cc                __gedf2
                0x000034cc                __gtdf2
 .text          0x00003594       0xd4 d:/programs/psoccreator/psoc creator/4.2/psoc creator/import/gnu/arm/5.4.1/bin/../lib/gcc/arm-none-eabi/5.4.1/armv6-m\libgcc.a(ledf2.o)
                0x00003594                __ledf2
                0x00003594                __ltdf2
 .text          0x00003668      0x4f4 d:/programs/psoccreator/psoc creator/4.2/psoc creator/import/gnu/arm/5.4.1/bin/../lib/gcc/arm-none-eabi/5.4.1/armv6-m\libgcc.a(muldf3.o)
                0x00003668                __aeabi_dmul
 .text          0x00003b5c      0x6a8 d:/programs/psoccreator/psoc creator/4.2/psoc creator/import/gnu/arm/5.4.1/bin/../lib/gcc/arm-none-eabi/5.4.1/armv6-m\libgcc.a(subdf3.o)
                0x00003b5c                __aeabi_dsub
 .text          0x00004204       0x40 d:/programs/psoccreator/psoc creator/4.2/psoc creator/import/gnu/arm/5.4.1/bin/../lib/gcc/arm-none-eabi/5.4.1/armv6-m\libgcc.a(unorddf2.o)
                0x00004204                __aeabi_dcmpun
 .text          0x00004244       0x6c d:/programs/psoccreator/psoc creator/4.2/psoc creator/import/gnu/arm/5.4.1/bin/../lib/gcc/arm-none-eabi/5.4.1/armv6-m\libgcc.a(fixdfsi.o)
                0x00004244                __aeabi_d2iz
 .text          0x000042b0       0x84 d:/programs/psoccreator/psoc creator/4.2/psoc creator/import/gnu/arm/5.4.1/bin/../lib/gcc/arm-none-eabi/5.4.1/armv6-m\libgcc.a(floatsidf.o)
                0x000042b0                __aeabi_i2d
 .text          0x00004334       0x70 d:/programs/psoccreator/psoc creator/4.2/psoc creator/import/gnu/arm/5.4.1/bin/../lib/gcc/arm-none-eabi/5.4.1/armv6-m\libgcc.a(floatunsidf.o)
                0x00004334                __aeabi_ui2d
 .text          0x000043a4       0xa8 d:/programs/psoccreator/psoc creator/4.2/psoc creator/import/gnu/arm/5.4.1/bin/../lib/gcc/arm-none-eabi/5.4.1/armv6-m\libgcc.a(extendsfdf2.o)
                0x000043a4                __aeabi_f2d
 .text          0x0000444c       0x3c d:/programs/psoccreator/psoc creator/4.2/psoc creator/import/gnu/arm/5.4.1/bin/../lib/gcc/arm-none-eabi/5.4.1/armv6-m\libgcc.a(_clzsi2.o)
                0x0000444c                __clzsi2
 .text.__errno  0x00004488        0xc d:/programs/psoccreator/psoc creator/4.2/psoc creator/import/gnu/arm/5.4.1/bin/../lib/gcc/arm-none-eabi/5.4.1/../../../../arm-none-eabi/lib/armv6-m\libg_nano.a(lib_a-errno.o)
                0x00004488                __errno
 .text.__libc_init_array
                0x00004494       0x4c d:/programs/psoccreator/psoc creator/4.2/psoc creator/import/gnu/arm/5.4.1/bin/../lib/gcc/arm-none-eabi/5.4.1/../../../../arm-none-eabi/lib/armv6-m\libg_nano.a(lib_a-init.o)
                0x00004494                __libc_init_array
 .text.memcpy   0x000044e0       0x12 d:/programs/psoccreator/psoc creator/4.2/psoc creator/import/gnu/arm/5.4.1/bin/../lib/gcc/arm-none-eabi/5.4.1/../../../../arm-none-eabi/lib/armv6-m\libg_nano.a(lib_a-memcpy-stub.o)
                0x000044e0                memcpy
 .text.memset   0x000044f2       0x10 d:/programs/psoccreator/psoc creator/4.2/psoc creator/import/gnu/arm/5.4.1/bin/../lib/gcc/arm-none-eabi/5.4.1/../../../../arm-none-eabi/lib/armv6-m\libg_nano.a(lib_a-memset.o)
                0x000044f2                memset
 *(.plt)
 *(.gnu.warning)
 *(.glue_7t)
 .glue_7t       0x00004502        0x0 linker stubs
 *(.glue_7)
 .glue_7        0x00004502        0x0 linker stubs
 *(.vfp11_veneer)
 .vfp11_veneer  0x00004502        0x0 linker stubs
 *(.bootloader)
 *(.ARM.extab* .gnu.linkonce.armextab.*)
 *(.gcc_except_table)

.v4_bx          0x00004504        0x0
 .v4_bx         0x00004504        0x0 linker stubs

.iplt           0x00004504        0x0
 .iplt          0x00004504        0x0 d:/programs/psoccreator/psoc creator/4.2/psoc creator/import/gnu/arm/5.4.1/bin/../lib/gcc/arm-none-eabi/5.4.1/armv6-m/crtbegin.o

.eh_frame_hdr
 *(.eh_frame_hdr)

.eh_frame       0x00004504        0x4
 *(.eh_frame)
 .eh_frame      0x00004504        0x0 d:/programs/psoccreator/psoc creator/4.2/psoc creator/import/gnu/arm/5.4.1/bin/../lib/gcc/arm-none-eabi/5.4.1/armv6-m/crtbegin.o
 .eh_frame      0x00004504        0x4 d:/programs/psoccreator/psoc creator/4.2/psoc creator/import/gnu/arm/5.4.1/bin/../lib/gcc/arm-none-eabi/5.4.1/armv6-m/crtend.o
                [!provide]                PROVIDE (__exidx_start, .)

.ARM.exidx
 *(.ARM.exidx* .gnu.linkonce.armexidx.*)
                0x00004508                __exidx_end = .

.rodata         0x00004508      0x3a0
 *(.rodata .rodata.* .gnu.linkonce.r.*)
 .rodata        0x00004508        0xc .\CortexM0\ARM_GCC_541\Debug\main.o
                0x00004508                KOD7
                0x00004512                DOT
                0x00004513                SIGN
 .rodata        0x00004514      0x254 .\CortexM0\ARM_GCC_541\Debug\cyfitter_cfg.o
 .rodata        0x00004768       0x2e .\CortexM0\ARM_GCC_541\Debug\Lab_2_7SEG.a(CyLib.o)
                0x00004768                cyImoFreqMhz2Reg
 *fill*         0x00004796        0x2 
 .rodata.str1.4
                0x00004798        0x4 d:/programs/psoccreator/psoc creator/4.2/psoc creator/import/gnu/arm/5.4.1/bin/../lib/gcc/arm-none-eabi/5.4.1/../../../../arm-none-eabi/lib/armv6-m\libm.a(lib_a-w_pow.o)
 .rodata.str1.4
                0x0000479c        0x4 d:/programs/psoccreator/psoc creator/4.2/psoc creator/import/gnu/arm/5.4.1/bin/../lib/gcc/arm-none-eabi/5.4.1/../../../../arm-none-eabi/lib/armv6-m\libm.a(lib_a-e_pow.o)
                                  0x1 (size before relaxing)
 .rodata.TWO52  0x000047a0       0x10 d:/programs/psoccreator/psoc creator/4.2/psoc creator/import/gnu/arm/5.4.1/bin/../lib/gcc/arm-none-eabi/5.4.1/../../../../arm-none-eabi/lib/armv6-m\libm.a(lib_a-s_rint.o)
 .rodata        0x000047b0       0x40 d:/programs/psoccreator/psoc creator/4.2/psoc creator/import/gnu/arm/5.4.1/bin/../lib/gcc/arm-none-eabi/5.4.1/armv6-m\libgcc.a(mulsf3.o)
 .rodata        0x000047f0       0x40 d:/programs/psoccreator/psoc creator/4.2/psoc creator/import/gnu/arm/5.4.1/bin/../lib/gcc/arm-none-eabi/5.4.1/armv6-m\libgcc.a(divdf3.o)
 .rodata        0x00004830       0x40 d:/programs/psoccreator/psoc creator/4.2/psoc creator/import/gnu/arm/5.4.1/bin/../lib/gcc/arm-none-eabi/5.4.1/armv6-m\libgcc.a(muldf3.o)
 .rodata.str1.1
                0x00004870        0x2 d:/programs/psoccreator/psoc creator/4.2/psoc creator/import/gnu/arm/5.4.1/bin/../lib/gcc/arm-none-eabi/5.4.1/../../../../arm-none-eabi/lib/armv6-m\libg_nano.a(lib_a-impure.o)
                0x00004874                . = ALIGN (0x4)
 *fill*         0x00004872        0x2 
 *(.init)
 .init          0x00004874        0x4 d:/programs/psoccreator/psoc creator/4.2/psoc creator/import/gnu/arm/5.4.1/bin/../lib/gcc/arm-none-eabi/5.4.1/armv6-m/crti.o
                0x00004874                _init
 .init          0x00004878        0x8 d:/programs/psoccreator/psoc creator/4.2/psoc creator/import/gnu/arm/5.4.1/bin/../lib/gcc/arm-none-eabi/5.4.1/armv6-m/crtn.o
                0x00004880                . = ALIGN (0x4)
                0x00004880                __preinit_array_start = .
 *(.preinit_array)
                0x00004880                __preinit_array_end = .
                0x00004880                . = ALIGN (0x4)
                0x00004880                __init_array_start = .
 *(SORT(.init_array.*))
 *(.init_array)
 .init_array    0x00004880        0x4 d:/programs/psoccreator/psoc creator/4.2/psoc creator/import/gnu/arm/5.4.1/bin/../lib/gcc/arm-none-eabi/5.4.1/armv6-m/crtbegin.o
 .init_array    0x00004884        0x4 .\CortexM0\ARM_GCC_541\Debug\Cm0Start.o
                0x00004888                __init_array_end = .
                0x00004888                . = ALIGN (0x4)
 *(.fini)
 .fini          0x00004888        0x4 d:/programs/psoccreator/psoc creator/4.2/psoc creator/import/gnu/arm/5.4.1/bin/../lib/gcc/arm-none-eabi/5.4.1/armv6-m/crti.o
                0x00004888                _fini
 .fini          0x0000488c        0x8 d:/programs/psoccreator/psoc creator/4.2/psoc creator/import/gnu/arm/5.4.1/bin/../lib/gcc/arm-none-eabi/5.4.1/armv6-m/crtn.o
                0x00004894                . = ALIGN (0x4)
                0x00004894                __fini_array_start = .
 *(.fini_array)
 .fini_array    0x00004894        0x4 d:/programs/psoccreator/psoc creator/4.2/psoc creator/import/gnu/arm/5.4.1/bin/../lib/gcc/arm-none-eabi/5.4.1/armv6-m/crtbegin.o
 *(SORT(.fini_array.*))
                0x00004898                __fini_array_end = .
                0x00004898                . = ALIGN (0x4)
 *crtbegin.o(.ctors)
 *(EXCLUDE_FILE(*crtend.o) .ctors)
 *(SORT(.ctors.*))
 *crtend.o(.ctors)
                0x00004898                . = ALIGN (0x4)
 *crtbegin.o(.dtors)
 *(EXCLUDE_FILE(*crtend.o) .dtors)
 *(SORT(.dtors.*))
 *crtend.o(.dtors)
                0x00004898                . = ALIGN (0x4)
                0x00004898                __cy_regions = .
                0x00004898        0x4 LONG 0x48a8 __cy_region_init_ram
                0x0000489c        0x4 LONG 0x200000c0 __cy_region_start_data
                0x000048a0        0x4 LONG 0x90 __cy_region_init_size_ram
                0x000048a4        0x4 LONG 0x48 __cy_region_zero_size_ram
                0x000048a8                __cy_regions_end = .
                0x000048a8                . = ALIGN (0x8)
                0x000048a8                _etext = .

.cy_checksum_exclude
                0x000048a8        0x0
 *(.cy_checksum_exclude)

.ramvectors     0x20000000       0xc0
                0x20000000                __cy_region_start_ram = .
 *(.ramvectors)
 .ramvectors    0x20000000       0xc0 .\CortexM0\ARM_GCC_541\Debug\Cm0Start.o
                0x20000000                CyRamVectors

.noinit
 *(.noinit)

.data           0x200000c0       0x90 load address 0x000048a8
                0x200000c0                __cy_region_start_data = .
 *(.jcr)
 .jcr           0x200000c0        0x0 d:/programs/psoccreator/psoc creator/4.2/psoc creator/import/gnu/arm/5.4.1/bin/../lib/gcc/arm-none-eabi/5.4.1/armv6-m/crtbegin.o
 .jcr           0x200000c0        0x4 d:/programs/psoccreator/psoc creator/4.2/psoc creator/import/gnu/arm/5.4.1/bin/../lib/gcc/arm-none-eabi/5.4.1/armv6-m/crtend.o
 *(.got.plt)
 *(.got)
 *(.shdata)
 *(.data .data.* .gnu.linkonce.d.*)
 .data          0x200000c4        0x8 .\CortexM0\ARM_GCC_541\Debug\main.o
                0x200000c4                indyk
 .data          0x200000cc       0x14 .\CortexM0\ARM_GCC_541\Debug\Lab_2_7SEG.a(CyLib.o)
                0x200000cc                CySysClkPumpConfig
                0x200000d0                cydelay32kMs
                0x200000d4                cydelayFreqKhz
                0x200000d8                cydelayFreqMhz
                0x200000dc                cydelayFreqHz
 .data          0x200000e0        0x8 .\CortexM0\ARM_GCC_541\Debug\Lab_2_7SEG.a(CyLFClk.o)
 .data.__fdlib_version
                0x200000e8        0x1 d:/programs/psoccreator/psoc creator/4.2/psoc creator/import/gnu/arm/5.4.1/bin/../lib/gcc/arm-none-eabi/5.4.1/../../../../arm-none-eabi/lib/armv6-m\libm.a(lib_a-s_lib_ver.o)
                0x200000e8                __fdlib_version
 *fill*         0x200000e9        0x3 
 .data.impure_data
                0x200000ec       0x60 d:/programs/psoccreator/psoc creator/4.2/psoc creator/import/gnu/arm/5.4.1/bin/../lib/gcc/arm-none-eabi/5.4.1/../../../../arm-none-eabi/lib/armv6-m\libg_nano.a(lib_a-impure.o)
 .data._impure_ptr
                0x2000014c        0x4 d:/programs/psoccreator/psoc creator/4.2/psoc creator/import/gnu/arm/5.4.1/bin/../lib/gcc/arm-none-eabi/5.4.1/../../../../arm-none-eabi/lib/armv6-m\libg_nano.a(lib_a-impure.o)
                0x2000014c                _impure_ptr
                0x20000150                . = ALIGN (0x8)
 *(.ram)
                0x20000150                _edata = .

.igot.plt       0x20000150        0x0 load address 0x00004938
 .igot.plt      0x20000150        0x0 d:/programs/psoccreator/psoc creator/4.2/psoc creator/import/gnu/arm/5.4.1/bin/../lib/gcc/arm-none-eabi/5.4.1/armv6-m/crtbegin.o

.bss            0x20000150       0x48 load address 0x00004938
                0x20000150                PROVIDE (__bss_start__, .)
 *(.shbss)
 *(.bss .bss.* .gnu.linkonce.b.*)
 .bss           0x20000150       0x1c d:/programs/psoccreator/psoc creator/4.2/psoc creator/import/gnu/arm/5.4.1/bin/../lib/gcc/arm-none-eabi/5.4.1/armv6-m/crtbegin.o
 .bss           0x2000016c        0x1 .\CortexM0\ARM_GCC_541\Debug\main.o
 .bss           0x2000016d        0x1 .\CortexM0\ARM_GCC_541\Debug\Lab_2_7SEG.a(SPIM.o)
                0x2000016d                SPIM_initVar
 *fill*         0x2000016e        0x2 
 .bss           0x20000170       0x28 .\CortexM0\ARM_GCC_541\Debug\Lab_2_7SEG.a(CyLFClk.o)
 *(COMMON)
                0x20000198                . = ALIGN (0x8)
 *(.ram.b)
                0x20000198                _end = .
                0x20000198                __end = .
                0x20000198                PROVIDE (end, .)
                0x20000198                PROVIDE (__bss_end__, .)
                0x000048a8                __cy_region_init_ram = LOADADDR (.data)
                0x00000090                __cy_region_init_size_ram = (_edata - ADDR (.data))
                0x00000048                __cy_region_zero_size_ram = (_end - _edata)

.heap           0x20000198       0x80 load address 0x00004938
                0x20000198                . = _end
                0x20000218                . = (. + 0x80)
 *fill*         0x20000198       0x80 
                0x20000218                __cy_heap_limit = .

.stack          0x20007c00      0x400
                0x20007c00                __cy_stack_limit = .
                0x20008000                . = (. + 0x400)
 *fill*         0x20007c00      0x400 
                0x00000001                ASSERT ((__cy_stack_limit >= __cy_heap_limit), region RAM overflowed with stack)
                0x00000000                cy_checksum_exclude_size = (CY_APPL_LOADABLE == 0x1)?SIZEOF (.cy_checksum_exclude):0x0
                0x00000001                ASSERT ((cy_checksum_exclude_size <= CY_CHECKSUM_EXCLUDE_SIZE), CY_BOOT: Section .cy_checksum_exclude size exceedes specified limit.)
                0x0003ffc0                cyloadermeta_start = (cy_project_type_bootloader || cy_project_type_app_for_stack_and_copier)?(LENGTH (rom) - CY_METADATA_SIZE):0xf0000000

.cyloadermeta
 *(.cyloadermeta)
                0x0003ffc0                cyloadablemeta_start = cy_project_type_app_for_stack_and_copier?((LENGTH (rom) - CY_FLASH_ROW_SIZE) - CY_METADATA_SIZE):((LENGTH (rom) - (CY_FLASH_ROW_SIZE * (CY_APPL_NUM - 0x1))) - CY_METADATA_SIZE)

.cyloadablemeta
 *(.cyloadablemeta)

.cyflashprotect
                0x90400000       0x80
 *(.cyflashprotect)
 .cyflashprotect
                0x90400000       0x80 .\CortexM0\ARM_GCC_541\Debug\cymetadata.o
                0x90400000                cy_meta_flashprotect

.cymeta         0x90500000        0xc
 *(.cymeta)
 .cymeta        0x90500000        0xc .\CortexM0\ARM_GCC_541\Debug\cymetadata.o
                0x90500000                cy_metadata

.cychipprotect  0x90600000        0x1
 *(.cychipprotect)
 .cychipprotect
                0x90600000        0x1 .\CortexM0\ARM_GCC_541\Debug\cymetadata.o
                0x90600000                cy_meta_chipprotect

.rel.dyn        0x00004938        0x0 load address 0x90600004
 .rel.iplt      0x00004938        0x0 d:/programs/psoccreator/psoc creator/4.2/psoc creator/import/gnu/arm/5.4.1/bin/../lib/gcc/arm-none-eabi/5.4.1/armv6-m/crtbegin.o

.stab
 *(.stab)

.stabstr
 *(.stabstr)

.debug
 *(.debug)

.line
 *(.line)

.debug_srcinfo
 *(.debug_srcinfo)

.debug_sfnames
 *(.debug_sfnames)

.debug_aranges  0x00000000      0x680
 *(.debug_aranges)
 .debug_aranges
                0x00000000       0x38 .\CortexM0\ARM_GCC_541\Debug\main.o
 .debug_aranges
                0x00000038       0x48 .\CortexM0\ARM_GCC_541\Debug\cyfitter_cfg.o
 .debug_aranges
                0x00000080       0x18 .\CortexM0\ARM_GCC_541\Debug\cymetadata.o
 .debug_aranges
                0x00000098       0x48 .\CortexM0\ARM_GCC_541\Debug\Cm0Start.o
 .debug_aranges
                0x000000e0       0xd8 .\CortexM0\ARM_GCC_541\Debug\Lab_2_7SEG.a(SPIM.o)
 .debug_aranges
                0x000001b8       0x80 .\CortexM0\ARM_GCC_541\Debug\Lab_2_7SEG.a(isr_100Hz.o)
 .debug_aranges
                0x00000238       0x48 .\CortexM0\ARM_GCC_541\Debug\Lab_2_7SEG.a(Pin_B1.o)
 .debug_aranges
                0x00000280       0x40 .\CortexM0\ARM_GCC_541\Debug\Lab_2_7SEG.a(SPIM_IntClock.o)
 .debug_aranges
                0x000002c0      0x1d0 .\CortexM0\ARM_GCC_541\Debug\Lab_2_7SEG.a(CyLib.o)
 .debug_aranges
                0x00000490      0x188 .\CortexM0\ARM_GCC_541\Debug\Lab_2_7SEG.a(CyLFClk.o)
 .debug_aranges
                0x00000618       0x48 .\CortexM0\ARM_GCC_541\Debug\Lab_2_7SEG.a(PIN_SW2.o)
 .debug_aranges
                0x00000660       0x20 .\CortexM0\ARM_GCC_541\Debug\Lab_2_7SEG.a(CyBootAsmGnu.o)

.debug_pubnames
 *(.debug_pubnames)

.debug_info     0x00000000     0x3816
 *(.debug_info .gnu.linkonce.wi.*)
 .debug_info    0x00000000      0x34b .\CortexM0\ARM_GCC_541\Debug\main.o
 .debug_info    0x0000034b      0x595 .\CortexM0\ARM_GCC_541\Debug\cyfitter_cfg.o
 .debug_info    0x000008e0       0xf8 .\CortexM0\ARM_GCC_541\Debug\cymetadata.o
 .debug_info    0x000009d8      0x3a2 .\CortexM0\ARM_GCC_541\Debug\Cm0Start.o
 .debug_info    0x00000d7a      0x4df .\CortexM0\ARM_GCC_541\Debug\Lab_2_7SEG.a(SPIM.o)
 .debug_info    0x00001259      0x305 .\CortexM0\ARM_GCC_541\Debug\Lab_2_7SEG.a(isr_100Hz.o)
 .debug_info    0x0000155e      0x19d .\CortexM0\ARM_GCC_541\Debug\Lab_2_7SEG.a(Pin_B1.o)
 .debug_info    0x000016fb      0x166 .\CortexM0\ARM_GCC_541\Debug\Lab_2_7SEG.a(SPIM_IntClock.o)
 .debug_info    0x00001861      0xd2b .\CortexM0\ARM_GCC_541\Debug\Lab_2_7SEG.a(CyLib.o)
 .debug_info    0x0000258c     0x1071 .\CortexM0\ARM_GCC_541\Debug\Lab_2_7SEG.a(CyLFClk.o)
 .debug_info    0x000035fd      0x19d .\CortexM0\ARM_GCC_541\Debug\Lab_2_7SEG.a(PIN_SW2.o)
 .debug_info    0x0000379a       0x7c .\CortexM0\ARM_GCC_541\Debug\Lab_2_7SEG.a(CyBootAsmGnu.o)

.debug_abbrev   0x00000000      0xf26
 *(.debug_abbrev)
 .debug_abbrev  0x00000000      0x197 .\CortexM0\ARM_GCC_541\Debug\main.o
 .debug_abbrev  0x00000197      0x1e1 .\CortexM0\ARM_GCC_541\Debug\cyfitter_cfg.o
 .debug_abbrev  0x00000378       0x5d .\CortexM0\ARM_GCC_541\Debug\cymetadata.o
 .debug_abbrev  0x000003d5      0x1d7 .\CortexM0\ARM_GCC_541\Debug\Cm0Start.o
 .debug_abbrev  0x000005ac      0x15d .\CortexM0\ARM_GCC_541\Debug\Lab_2_7SEG.a(SPIM.o)
 .debug_abbrev  0x00000709      0x19a .\CortexM0\ARM_GCC_541\Debug\Lab_2_7SEG.a(isr_100Hz.o)
 .debug_abbrev  0x000008a3       0xc8 .\CortexM0\ARM_GCC_541\Debug\Lab_2_7SEG.a(Pin_B1.o)
 .debug_abbrev  0x0000096b       0xb7 .\CortexM0\ARM_GCC_541\Debug\Lab_2_7SEG.a(SPIM_IntClock.o)
 .debug_abbrev  0x00000a22      0x1e0 .\CortexM0\ARM_GCC_541\Debug\Lab_2_7SEG.a(CyLib.o)
 .debug_abbrev  0x00000c02      0x248 .\CortexM0\ARM_GCC_541\Debug\Lab_2_7SEG.a(CyLFClk.o)
 .debug_abbrev  0x00000e4a       0xc8 .\CortexM0\ARM_GCC_541\Debug\Lab_2_7SEG.a(PIN_SW2.o)
 .debug_abbrev  0x00000f12       0x14 .\CortexM0\ARM_GCC_541\Debug\Lab_2_7SEG.a(CyBootAsmGnu.o)

.debug_line     0x00000000     0x1839
 *(.debug_line)
 .debug_line    0x00000000      0x18c .\CortexM0\ARM_GCC_541\Debug\main.o
 .debug_line    0x0000018c      0x1cc .\CortexM0\ARM_GCC_541\Debug\cyfitter_cfg.o
 .debug_line    0x00000358      0x133 .\CortexM0\ARM_GCC_541\Debug\cymetadata.o
 .debug_line    0x0000048b      0x228 .\CortexM0\ARM_GCC_541\Debug\Cm0Start.o
 .debug_line    0x000006b3      0x25e .\CortexM0\ARM_GCC_541\Debug\Lab_2_7SEG.a(SPIM.o)
 .debug_line    0x00000911      0x155 .\CortexM0\ARM_GCC_541\Debug\Lab_2_7SEG.a(isr_100Hz.o)
 .debug_line    0x00000a66       0xbe .\CortexM0\ARM_GCC_541\Debug\Lab_2_7SEG.a(Pin_B1.o)
 .debug_line    0x00000b24       0xc0 .\CortexM0\ARM_GCC_541\Debug\Lab_2_7SEG.a(SPIM_IntClock.o)
 .debug_line    0x00000be4      0x553 .\CortexM0\ARM_GCC_541\Debug\Lab_2_7SEG.a(CyLib.o)
 .debug_line    0x00001137      0x5db .\CortexM0\ARM_GCC_541\Debug\Lab_2_7SEG.a(CyLFClk.o)
 .debug_line    0x00001712       0xbf .\CortexM0\ARM_GCC_541\Debug\Lab_2_7SEG.a(PIN_SW2.o)
 .debug_line    0x000017d1       0x68 .\CortexM0\ARM_GCC_541\Debug\Lab_2_7SEG.a(CyBootAsmGnu.o)

.debug_frame    0x00000000     0x161c
 *(.debug_frame)
 .debug_frame   0x00000000       0xa8 .\CortexM0\ARM_GCC_541\Debug\main.o
 .debug_frame   0x000000a8       0xb8 .\CortexM0\ARM_GCC_541\Debug\cyfitter_cfg.o
 .debug_frame   0x00000160       0xbc .\CortexM0\ARM_GCC_541\Debug\Cm0Start.o
 .debug_frame   0x0000021c      0x1e8 .\CortexM0\ARM_GCC_541\Debug\Lab_2_7SEG.a(SPIM.o)
 .debug_frame   0x00000404      0x110 .\CortexM0\ARM_GCC_541\Debug\Lab_2_7SEG.a(isr_100Hz.o)
 .debug_frame   0x00000514       0x70 .\CortexM0\ARM_GCC_541\Debug\Lab_2_7SEG.a(Pin_B1.o)
 .debug_frame   0x00000584       0x6c .\CortexM0\ARM_GCC_541\Debug\Lab_2_7SEG.a(SPIM_IntClock.o)
 .debug_frame   0x000005f0      0x4a4 .\CortexM0\ARM_GCC_541\Debug\Lab_2_7SEG.a(CyLib.o)
 .debug_frame   0x00000a94      0x4a8 .\CortexM0\ARM_GCC_541\Debug\Lab_2_7SEG.a(CyLFClk.o)
 .debug_frame   0x00000f3c       0x70 .\CortexM0\ARM_GCC_541\Debug\Lab_2_7SEG.a(PIN_SW2.o)
 .debug_frame   0x00000fac       0x3c d:/programs/psoccreator/psoc creator/4.2/psoc creator/import/gnu/arm/5.4.1/bin/../lib/gcc/arm-none-eabi/5.4.1/../../../../arm-none-eabi/lib/armv6-m\libm.a(lib_a-w_pow.o)
 .debug_frame   0x00000fe8       0x3c d:/programs/psoccreator/psoc creator/4.2/psoc creator/import/gnu/arm/5.4.1/bin/../lib/gcc/arm-none-eabi/5.4.1/../../../../arm-none-eabi/lib/armv6-m\libm.a(lib_a-e_pow.o)
 .debug_frame   0x00001024       0x3c d:/programs/psoccreator/psoc creator/4.2/psoc creator/import/gnu/arm/5.4.1/bin/../lib/gcc/arm-none-eabi/5.4.1/../../../../arm-none-eabi/lib/armv6-m\libm.a(lib_a-e_sqrt.o)
 .debug_frame   0x00001060       0x20 d:/programs/psoccreator/psoc creator/4.2/psoc creator/import/gnu/arm/5.4.1/bin/../lib/gcc/arm-none-eabi/5.4.1/../../../../arm-none-eabi/lib/armv6-m\libm.a(lib_a-s_fabs.o)
 .debug_frame   0x00001080       0x20 d:/programs/psoccreator/psoc creator/4.2/psoc creator/import/gnu/arm/5.4.1/bin/../lib/gcc/arm-none-eabi/5.4.1/../../../../arm-none-eabi/lib/armv6-m\libm.a(lib_a-s_finite.o)
 .debug_frame   0x000010a0       0x20 d:/programs/psoccreator/psoc creator/4.2/psoc creator/import/gnu/arm/5.4.1/bin/../lib/gcc/arm-none-eabi/5.4.1/../../../../arm-none-eabi/lib/armv6-m\libm.a(lib_a-s_matherr.o)
 .debug_frame   0x000010c0       0x20 d:/programs/psoccreator/psoc creator/4.2/psoc creator/import/gnu/arm/5.4.1/bin/../lib/gcc/arm-none-eabi/5.4.1/../../../../arm-none-eabi/lib/armv6-m\libm.a(lib_a-s_nan.o)
 .debug_frame   0x000010e0       0x38 d:/programs/psoccreator/psoc creator/4.2/psoc creator/import/gnu/arm/5.4.1/bin/../lib/gcc/arm-none-eabi/5.4.1/../../../../arm-none-eabi/lib/armv6-m\libm.a(lib_a-s_rint.o)
 .debug_frame   0x00001118       0x2c d:/programs/psoccreator/psoc creator/4.2/psoc creator/import/gnu/arm/5.4.1/bin/../lib/gcc/arm-none-eabi/5.4.1/../../../../arm-none-eabi/lib/armv6-m\libm.a(lib_a-s_scalbn.o)
 .debug_frame   0x00001144       0x2c d:/programs/psoccreator/psoc creator/4.2/psoc creator/import/gnu/arm/5.4.1/bin/../lib/gcc/arm-none-eabi/5.4.1/../../../../arm-none-eabi/lib/armv6-m\libm.a(lib_a-s_copysign.o)
 .debug_frame   0x00001170       0x20 d:/programs/psoccreator/psoc creator/4.2/psoc creator/import/gnu/arm/5.4.1/bin/../lib/gcc/arm-none-eabi/5.4.1/armv6-m\libgcc.a(_udivsi3.o)
 .debug_frame   0x00001190       0x20 d:/programs/psoccreator/psoc creator/4.2/psoc creator/import/gnu/arm/5.4.1/bin/../lib/gcc/arm-none-eabi/5.4.1/armv6-m\libgcc.a(_divsi3.o)
 .debug_frame   0x000011b0       0x30 d:/programs/psoccreator/psoc creator/4.2/psoc creator/import/gnu/arm/5.4.1/bin/../lib/gcc/arm-none-eabi/5.4.1/armv6-m\libgcc.a(addsf3.o)
 .debug_frame   0x000011e0       0x2c d:/programs/psoccreator/psoc creator/4.2/psoc creator/import/gnu/arm/5.4.1/bin/../lib/gcc/arm-none-eabi/5.4.1/armv6-m\libgcc.a(eqsf2.o)
 .debug_frame   0x0000120c       0x30 d:/programs/psoccreator/psoc creator/4.2/psoc creator/import/gnu/arm/5.4.1/bin/../lib/gcc/arm-none-eabi/5.4.1/armv6-m\libgcc.a(gesf2.o)
 .debug_frame   0x0000123c       0x30 d:/programs/psoccreator/psoc creator/4.2/psoc creator/import/gnu/arm/5.4.1/bin/../lib/gcc/arm-none-eabi/5.4.1/armv6-m\libgcc.a(lesf2.o)
 .debug_frame   0x0000126c       0x38 d:/programs/psoccreator/psoc creator/4.2/psoc creator/import/gnu/arm/5.4.1/bin/../lib/gcc/arm-none-eabi/5.4.1/armv6-m\libgcc.a(mulsf3.o)
 .debug_frame   0x000012a4       0x20 d:/programs/psoccreator/psoc creator/4.2/psoc creator/import/gnu/arm/5.4.1/bin/../lib/gcc/arm-none-eabi/5.4.1/armv6-m\libgcc.a(fixsfsi.o)
 .debug_frame   0x000012c4       0x2c d:/programs/psoccreator/psoc creator/4.2/psoc creator/import/gnu/arm/5.4.1/bin/../lib/gcc/arm-none-eabi/5.4.1/armv6-m\libgcc.a(floatsisf.o)
 .debug_frame   0x000012f0       0x3c d:/programs/psoccreator/psoc creator/4.2/psoc creator/import/gnu/arm/5.4.1/bin/../lib/gcc/arm-none-eabi/5.4.1/armv6-m\libgcc.a(adddf3.o)
 .debug_frame   0x0000132c       0x3c d:/programs/psoccreator/psoc creator/4.2/psoc creator/import/gnu/arm/5.4.1/bin/../lib/gcc/arm-none-eabi/5.4.1/armv6-m\libgcc.a(divdf3.o)
 .debug_frame   0x00001368       0x38 d:/programs/psoccreator/psoc creator/4.2/psoc creator/import/gnu/arm/5.4.1/bin/../lib/gcc/arm-none-eabi/5.4.1/armv6-m\libgcc.a(eqdf2.o)
 .debug_frame   0x000013a0       0x38 d:/programs/psoccreator/psoc creator/4.2/psoc creator/import/gnu/arm/5.4.1/bin/../lib/gcc/arm-none-eabi/5.4.1/armv6-m\libgcc.a(gedf2.o)
 .debug_frame   0x000013d8       0x38 d:/programs/psoccreator/psoc creator/4.2/psoc creator/import/gnu/arm/5.4.1/bin/../lib/gcc/arm-none-eabi/5.4.1/armv6-m\libgcc.a(ledf2.o)
 .debug_frame   0x00001410       0x3c d:/programs/psoccreator/psoc creator/4.2/psoc creator/import/gnu/arm/5.4.1/bin/../lib/gcc/arm-none-eabi/5.4.1/armv6-m\libgcc.a(muldf3.o)
 .debug_frame   0x0000144c       0x38 d:/programs/psoccreator/psoc creator/4.2/psoc creator/import/gnu/arm/5.4.1/bin/../lib/gcc/arm-none-eabi/5.4.1/armv6-m\libgcc.a(subdf3.o)
 .debug_frame   0x00001484       0x2c d:/programs/psoccreator/psoc creator/4.2/psoc creator/import/gnu/arm/5.4.1/bin/../lib/gcc/arm-none-eabi/5.4.1/armv6-m\libgcc.a(unorddf2.o)
 .debug_frame   0x000014b0       0x2c d:/programs/psoccreator/psoc creator/4.2/psoc creator/import/gnu/arm/5.4.1/bin/../lib/gcc/arm-none-eabi/5.4.1/armv6-m\libgcc.a(fixdfsi.o)
 .debug_frame   0x000014dc       0x2c d:/programs/psoccreator/psoc creator/4.2/psoc creator/import/gnu/arm/5.4.1/bin/../lib/gcc/arm-none-eabi/5.4.1/armv6-m\libgcc.a(floatsidf.o)
 .debug_frame   0x00001508       0x2c d:/programs/psoccreator/psoc creator/4.2/psoc creator/import/gnu/arm/5.4.1/bin/../lib/gcc/arm-none-eabi/5.4.1/armv6-m\libgcc.a(floatunsidf.o)
 .debug_frame   0x00001534       0x2c d:/programs/psoccreator/psoc creator/4.2/psoc creator/import/gnu/arm/5.4.1/bin/../lib/gcc/arm-none-eabi/5.4.1/armv6-m\libgcc.a(extendsfdf2.o)
 .debug_frame   0x00001560       0x20 d:/programs/psoccreator/psoc creator/4.2/psoc creator/import/gnu/arm/5.4.1/bin/../lib/gcc/arm-none-eabi/5.4.1/../../../../arm-none-eabi/lib/armv6-m\libg_nano.a(lib_a-errno.o)
 .debug_frame   0x00001580       0x28 d:/programs/psoccreator/psoc creator/4.2/psoc creator/import/gnu/arm/5.4.1/bin/../lib/gcc/arm-none-eabi/5.4.1/../../../../arm-none-eabi/lib/armv6-m\libg_nano.a(lib_a-exit.o)
 .debug_frame   0x000015a8       0x2c d:/programs/psoccreator/psoc creator/4.2/psoc creator/import/gnu/arm/5.4.1/bin/../lib/gcc/arm-none-eabi/5.4.1/../../../../arm-none-eabi/lib/armv6-m\libg_nano.a(lib_a-init.o)
 .debug_frame   0x000015d4       0x28 d:/programs/psoccreator/psoc creator/4.2/psoc creator/import/gnu/arm/5.4.1/bin/../lib/gcc/arm-none-eabi/5.4.1/../../../../arm-none-eabi/lib/armv6-m\libg_nano.a(lib_a-memcpy-stub.o)
 .debug_frame   0x000015fc       0x20 d:/programs/psoccreator/psoc creator/4.2/psoc creator/import/gnu/arm/5.4.1/bin/../lib/gcc/arm-none-eabi/5.4.1/../../../../arm-none-eabi/lib/armv6-m\libg_nano.a(lib_a-memset.o)

.debug_str      0x00000000     0x176e
 *(.debug_str)
 .debug_str     0x00000000      0x1ea .\CortexM0\ARM_GCC_541\Debug\main.o
                                0x235 (size before relaxing)
 .debug_str     0x000001ea      0x1cc .\CortexM0\ARM_GCC_541\Debug\cyfitter_cfg.o
                                0x36f (size before relaxing)
 .debug_str     0x000003b6       0x63 .\CortexM0\ARM_GCC_541\Debug\cymetadata.o
                                0x1b4 (size before relaxing)
 .debug_str     0x00000419      0x13a .\CortexM0\ARM_GCC_541\Debug\Cm0Start.o
                                0x2ed (size before relaxing)
 .debug_str     0x00000553      0x26d .\CortexM0\ARM_GCC_541\Debug\Lab_2_7SEG.a(SPIM.o)
                                0x407 (size before relaxing)
 .debug_str     0x000007c0      0x133 .\CortexM0\ARM_GCC_541\Debug\Lab_2_7SEG.a(isr_100Hz.o)
                                0x30e (size before relaxing)
 .debug_str     0x000008f3       0xa2 .\CortexM0\ARM_GCC_541\Debug\Lab_2_7SEG.a(Pin_B1.o)
                                0x229 (size before relaxing)
 .debug_str     0x00000995       0xd2 .\CortexM0\ARM_GCC_541\Debug\Lab_2_7SEG.a(SPIM_IntClock.o)
                                0x267 (size before relaxing)
 .debug_str     0x00000a67      0x598 .\CortexM0\ARM_GCC_541\Debug\Lab_2_7SEG.a(CyLib.o)
                                0x7e4 (size before relaxing)
 .debug_str     0x00000fff      0x6e7 .\CortexM0\ARM_GCC_541\Debug\Lab_2_7SEG.a(CyLFClk.o)
                                0x924 (size before relaxing)
 .debug_str     0x000016e6       0x88 .\CortexM0\ARM_GCC_541\Debug\Lab_2_7SEG.a(PIN_SW2.o)
                                0x230 (size before relaxing)

.debug_loc      0x00000000     0x1e8c
 *(.debug_loc)
 .debug_loc     0x00000000      0x22f .\CortexM0\ARM_GCC_541\Debug\main.o
 .debug_loc     0x0000022f      0x1fe .\CortexM0\ARM_GCC_541\Debug\cyfitter_cfg.o
 .debug_loc     0x0000042d      0x14f .\CortexM0\ARM_GCC_541\Debug\Cm0Start.o
 .debug_loc     0x0000057c      0x112 .\CortexM0\ARM_GCC_541\Debug\Lab_2_7SEG.a(SPIM.o)
 .debug_loc     0x0000068e       0x82 .\CortexM0\ARM_GCC_541\Debug\Lab_2_7SEG.a(isr_100Hz.o)
 .debug_loc     0x00000710       0xa2 .\CortexM0\ARM_GCC_541\Debug\Lab_2_7SEG.a(Pin_B1.o)
 .debug_loc     0x000007b2       0x76 .\CortexM0\ARM_GCC_541\Debug\Lab_2_7SEG.a(SPIM_IntClock.o)
 .debug_loc     0x00000828      0x818 .\CortexM0\ARM_GCC_541\Debug\Lab_2_7SEG.a(CyLib.o)
 .debug_loc     0x00001040      0xdaa .\CortexM0\ARM_GCC_541\Debug\Lab_2_7SEG.a(CyLFClk.o)
 .debug_loc     0x00001dea       0xa2 .\CortexM0\ARM_GCC_541\Debug\Lab_2_7SEG.a(PIN_SW2.o)

.debug_macinfo
 *(.debug_macinfo)

.debug_ranges   0x00000000      0x5a8
 *(.debug_ranges)
 .debug_ranges  0x00000000       0x28 .\CortexM0\ARM_GCC_541\Debug\main.o
 .debug_ranges  0x00000028       0x38 .\CortexM0\ARM_GCC_541\Debug\cyfitter_cfg.o
 .debug_ranges  0x00000060       0x38 .\CortexM0\ARM_GCC_541\Debug\Cm0Start.o
 .debug_ranges  0x00000098       0xc8 .\CortexM0\ARM_GCC_541\Debug\Lab_2_7SEG.a(SPIM.o)
 .debug_ranges  0x00000160       0x70 .\CortexM0\ARM_GCC_541\Debug\Lab_2_7SEG.a(isr_100Hz.o)
 .debug_ranges  0x000001d0       0x38 .\CortexM0\ARM_GCC_541\Debug\Lab_2_7SEG.a(Pin_B1.o)
 .debug_ranges  0x00000208       0x30 .\CortexM0\ARM_GCC_541\Debug\Lab_2_7SEG.a(SPIM_IntClock.o)
 .debug_ranges  0x00000238      0x1c0 .\CortexM0\ARM_GCC_541\Debug\Lab_2_7SEG.a(CyLib.o)
 .debug_ranges  0x000003f8      0x178 .\CortexM0\ARM_GCC_541\Debug\Lab_2_7SEG.a(CyLFClk.o)
 .debug_ranges  0x00000570       0x38 .\CortexM0\ARM_GCC_541\Debug\Lab_2_7SEG.a(PIN_SW2.o)

.comment        0x00000000       0x6e
 .comment       0x00000000       0x6e .\CortexM0\ARM_GCC_541\Debug\main.o
                                 0x6f (size before relaxing)
 .comment       0x0000006e       0x6f .\CortexM0\ARM_GCC_541\Debug\cyfitter_cfg.o
 .comment       0x0000006e       0x6f .\CortexM0\ARM_GCC_541\Debug\cymetadata.o
 .comment       0x0000006e       0x6f .\CortexM0\ARM_GCC_541\Debug\Cm0Start.o
 .comment       0x0000006e       0x6f .\CortexM0\ARM_GCC_541\Debug\Lab_2_7SEG.a(SPIM.o)
 .comment       0x0000006e       0x6f .\CortexM0\ARM_GCC_541\Debug\Lab_2_7SEG.a(isr_100Hz.o)
 .comment       0x0000006e       0x6f .\CortexM0\ARM_GCC_541\Debug\Lab_2_7SEG.a(Pin_B1.o)
 .comment       0x0000006e       0x6f .\CortexM0\ARM_GCC_541\Debug\Lab_2_7SEG.a(SPIM_IntClock.o)
 .comment       0x0000006e       0x6f .\CortexM0\ARM_GCC_541\Debug\Lab_2_7SEG.a(CyLib.o)
 .comment       0x0000006e       0x6f .\CortexM0\ARM_GCC_541\Debug\Lab_2_7SEG.a(CyLFClk.o)
 .comment       0x0000006e       0x6f .\CortexM0\ARM_GCC_541\Debug\Lab_2_7SEG.a(PIN_SW2.o)

.debug_weaknames
 *(.debug_weaknames)

.debug_funcnames
 *(.debug_funcnames)

.debug_typenames
 *(.debug_typenames)

.debug_varnames
 *(.debug_varnames)

.note.gnu.arm.ident
 *(.note.gnu.arm.ident)

.ARM.attributes
                0x00000000       0x28
 *(.ARM.attributes)
 .ARM.attributes
                0x00000000       0x1e d:/programs/psoccreator/psoc creator/4.2/psoc creator/import/gnu/arm/5.4.1/bin/../lib/gcc/arm-none-eabi/5.4.1/armv6-m/crti.o
 .ARM.attributes
                0x0000001e       0x2c d:/programs/psoccreator/psoc creator/4.2/psoc creator/import/gnu/arm/5.4.1/bin/../lib/gcc/arm-none-eabi/5.4.1/armv6-m/crtbegin.o
 .ARM.attributes
                0x0000004a       0x1b d:/programs/psoccreator/psoc creator/4.2/psoc creator/import/gnu/arm/5.4.1/bin/../lib/gcc/arm-none-eabi/5.4.1/../../../../arm-none-eabi/lib/armv6-m/crt0.o
 .ARM.attributes
                0x00000065       0x31 .\CortexM0\ARM_GCC_541\Debug\main.o
 .ARM.attributes
                0x00000096       0x31 .\CortexM0\ARM_GCC_541\Debug\cyfitter_cfg.o
 .ARM.attributes
                0x000000c7       0x31 .\CortexM0\ARM_GCC_541\Debug\cymetadata.o
 .ARM.attributes
                0x000000f8       0x31 .\CortexM0\ARM_GCC_541\Debug\Cm0Start.o
 .ARM.attributes
                0x00000129       0x31 .\CortexM0\ARM_GCC_541\Debug\Lab_2_7SEG.a(SPIM.o)
 .ARM.attributes
                0x0000015a       0x31 .\CortexM0\ARM_GCC_541\Debug\Lab_2_7SEG.a(isr_100Hz.o)
 .ARM.attributes
                0x0000018b       0x31 .\CortexM0\ARM_GCC_541\Debug\Lab_2_7SEG.a(Pin_B1.o)
 .ARM.attributes
                0x000001bc       0x31 .\CortexM0\ARM_GCC_541\Debug\Lab_2_7SEG.a(SPIM_IntClock.o)
 .ARM.attributes
                0x000001ed       0x31 .\CortexM0\ARM_GCC_541\Debug\Lab_2_7SEG.a(CyLib.o)
 .ARM.attributes
                0x0000021e       0x31 .\CortexM0\ARM_GCC_541\Debug\Lab_2_7SEG.a(CyLFClk.o)
 .ARM.attributes
                0x0000024f       0x31 .\CortexM0\ARM_GCC_541\Debug\Lab_2_7SEG.a(PIN_SW2.o)
 .ARM.attributes
                0x00000280       0x21 .\CortexM0\ARM_GCC_541\Debug\Lab_2_7SEG.a(CyBootAsmGnu.o)
 .ARM.attributes
                0x000002a1       0x2c d:/programs/psoccreator/psoc creator/4.2/psoc creator/import/gnu/arm/5.4.1/bin/../lib/gcc/arm-none-eabi/5.4.1/../../../../arm-none-eabi/lib/armv6-m\libm.a(lib_a-w_pow.o)
 .ARM.attributes
                0x000002cd       0x2c d:/programs/psoccreator/psoc creator/4.2/psoc creator/import/gnu/arm/5.4.1/bin/../lib/gcc/arm-none-eabi/5.4.1/../../../../arm-none-eabi/lib/armv6-m\libm.a(lib_a-e_pow.o)
 .ARM.attributes
                0x000002f9       0x2c d:/programs/psoccreator/psoc creator/4.2/psoc creator/import/gnu/arm/5.4.1/bin/../lib/gcc/arm-none-eabi/5.4.1/../../../../arm-none-eabi/lib/armv6-m\libm.a(lib_a-e_sqrt.o)
 .ARM.attributes
                0x00000325       0x2c d:/programs/psoccreator/psoc creator/4.2/psoc creator/import/gnu/arm/5.4.1/bin/../lib/gcc/arm-none-eabi/5.4.1/../../../../arm-none-eabi/lib/armv6-m\libm.a(lib_a-s_fabs.o)
 .ARM.attributes
                0x00000351       0x2c d:/programs/psoccreator/psoc creator/4.2/psoc creator/import/gnu/arm/5.4.1/bin/../lib/gcc/arm-none-eabi/5.4.1/../../../../arm-none-eabi/lib/armv6-m\libm.a(lib_a-s_finite.o)
 .ARM.attributes
                0x0000037d       0x2c d:/programs/psoccreator/psoc creator/4.2/psoc creator/import/gnu/arm/5.4.1/bin/../lib/gcc/arm-none-eabi/5.4.1/../../../../arm-none-eabi/lib/armv6-m\libm.a(lib_a-s_lib_ver.o)
 .ARM.attributes
                0x000003a9       0x2c d:/programs/psoccreator/psoc creator/4.2/psoc creator/import/gnu/arm/5.4.1/bin/../lib/gcc/arm-none-eabi/5.4.1/../../../../arm-none-eabi/lib/armv6-m\libm.a(lib_a-s_matherr.o)
 .ARM.attributes
                0x000003d5       0x2c d:/programs/psoccreator/psoc creator/4.2/psoc creator/import/gnu/arm/5.4.1/bin/../lib/gcc/arm-none-eabi/5.4.1/../../../../arm-none-eabi/lib/armv6-m\libm.a(lib_a-s_nan.o)
 .ARM.attributes
                0x00000401       0x2c d:/programs/psoccreator/psoc creator/4.2/psoc creator/import/gnu/arm/5.4.1/bin/../lib/gcc/arm-none-eabi/5.4.1/../../../../arm-none-eabi/lib/armv6-m\libm.a(lib_a-s_rint.o)
 .ARM.attributes
                0x0000042d       0x2c d:/programs/psoccreator/psoc creator/4.2/psoc creator/import/gnu/arm/5.4.1/bin/../lib/gcc/arm-none-eabi/5.4.1/../../../../arm-none-eabi/lib/armv6-m\libm.a(lib_a-s_scalbn.o)
 .ARM.attributes
                0x00000459       0x2c d:/programs/psoccreator/psoc creator/4.2/psoc creator/import/gnu/arm/5.4.1/bin/../lib/gcc/arm-none-eabi/5.4.1/../../../../arm-none-eabi/lib/armv6-m\libm.a(lib_a-s_copysign.o)
 .ARM.attributes
                0x00000485       0x1e d:/programs/psoccreator/psoc creator/4.2/psoc creator/import/gnu/arm/5.4.1/bin/../lib/gcc/arm-none-eabi/5.4.1/armv6-m\libgcc.a(_udivsi3.o)
 .ARM.attributes
                0x000004a3       0x1e d:/programs/psoccreator/psoc creator/4.2/psoc creator/import/gnu/arm/5.4.1/bin/../lib/gcc/arm-none-eabi/5.4.1/armv6-m\libgcc.a(_divsi3.o)
 .ARM.attributes
                0x000004c1       0x1e d:/programs/psoccreator/psoc creator/4.2/psoc creator/import/gnu/arm/5.4.1/bin/../lib/gcc/arm-none-eabi/5.4.1/armv6-m\libgcc.a(_dvmd_tls.o)
 .ARM.attributes
                0x000004df       0x1e d:/programs/psoccreator/psoc creator/4.2/psoc creator/import/gnu/arm/5.4.1/bin/../lib/gcc/arm-none-eabi/5.4.1/armv6-m\libgcc.a(_arm_cmpdf2.o)
 .ARM.attributes
                0x000004fd       0x1e d:/programs/psoccreator/psoc creator/4.2/psoc creator/import/gnu/arm/5.4.1/bin/../lib/gcc/arm-none-eabi/5.4.1/armv6-m\libgcc.a(_arm_cmpsf2.o)
 .ARM.attributes
                0x0000051b       0x2c d:/programs/psoccreator/psoc creator/4.2/psoc creator/import/gnu/arm/5.4.1/bin/../lib/gcc/arm-none-eabi/5.4.1/armv6-m\libgcc.a(addsf3.o)
 .ARM.attributes
                0x00000547       0x2c d:/programs/psoccreator/psoc creator/4.2/psoc creator/import/gnu/arm/5.4.1/bin/../lib/gcc/arm-none-eabi/5.4.1/armv6-m\libgcc.a(eqsf2.o)
 .ARM.attributes
                0x00000573       0x2c d:/programs/psoccreator/psoc creator/4.2/psoc creator/import/gnu/arm/5.4.1/bin/../lib/gcc/arm-none-eabi/5.4.1/armv6-m\libgcc.a(gesf2.o)
 .ARM.attributes
                0x0000059f       0x2c d:/programs/psoccreator/psoc creator/4.2/psoc creator/import/gnu/arm/5.4.1/bin/../lib/gcc/arm-none-eabi/5.4.1/armv6-m\libgcc.a(lesf2.o)
 .ARM.attributes
                0x000005cb       0x2c d:/programs/psoccreator/psoc creator/4.2/psoc creator/import/gnu/arm/5.4.1/bin/../lib/gcc/arm-none-eabi/5.4.1/armv6-m\libgcc.a(mulsf3.o)
 .ARM.attributes
                0x000005f7       0x2c d:/programs/psoccreator/psoc creator/4.2/psoc creator/import/gnu/arm/5.4.1/bin/../lib/gcc/arm-none-eabi/5.4.1/armv6-m\libgcc.a(fixsfsi.o)
 .ARM.attributes
                0x00000623       0x2c d:/programs/psoccreator/psoc creator/4.2/psoc creator/import/gnu/arm/5.4.1/bin/../lib/gcc/arm-none-eabi/5.4.1/armv6-m\libgcc.a(floatsisf.o)
 .ARM.attributes
                0x0000064f       0x2c d:/programs/psoccreator/psoc creator/4.2/psoc creator/import/gnu/arm/5.4.1/bin/../lib/gcc/arm-none-eabi/5.4.1/armv6-m\libgcc.a(adddf3.o)
 .ARM.attributes
                0x0000067b       0x2c d:/programs/psoccreator/psoc creator/4.2/psoc creator/import/gnu/arm/5.4.1/bin/../lib/gcc/arm-none-eabi/5.4.1/armv6-m\libgcc.a(divdf3.o)
 .ARM.attributes
                0x000006a7       0x2c d:/programs/psoccreator/psoc creator/4.2/psoc creator/import/gnu/arm/5.4.1/bin/../lib/gcc/arm-none-eabi/5.4.1/armv6-m\libgcc.a(eqdf2.o)
 .ARM.attributes
                0x000006d3       0x2c d:/programs/psoccreator/psoc creator/4.2/psoc creator/import/gnu/arm/5.4.1/bin/../lib/gcc/arm-none-eabi/5.4.1/armv6-m\libgcc.a(gedf2.o)
 .ARM.attributes
                0x000006ff       0x2c d:/programs/psoccreator/psoc creator/4.2/psoc creator/import/gnu/arm/5.4.1/bin/../lib/gcc/arm-none-eabi/5.4.1/armv6-m\libgcc.a(ledf2.o)
 .ARM.attributes
                0x0000072b       0x2c d:/programs/psoccreator/psoc creator/4.2/psoc creator/import/gnu/arm/5.4.1/bin/../lib/gcc/arm-none-eabi/5.4.1/armv6-m\libgcc.a(muldf3.o)
 .ARM.attributes
                0x00000757       0x2c d:/programs/psoccreator/psoc creator/4.2/psoc creator/import/gnu/arm/5.4.1/bin/../lib/gcc/arm-none-eabi/5.4.1/armv6-m\libgcc.a(subdf3.o)
 .ARM.attributes
                0x00000783       0x2c d:/programs/psoccreator/psoc creator/4.2/psoc creator/import/gnu/arm/5.4.1/bin/../lib/gcc/arm-none-eabi/5.4.1/armv6-m\libgcc.a(unorddf2.o)
 .ARM.attributes
                0x000007af       0x2c d:/programs/psoccreator/psoc creator/4.2/psoc creator/import/gnu/arm/5.4.1/bin/../lib/gcc/arm-none-eabi/5.4.1/armv6-m\libgcc.a(fixdfsi.o)
 .ARM.attributes
                0x000007db       0x2c d:/programs/psoccreator/psoc creator/4.2/psoc creator/import/gnu/arm/5.4.1/bin/../lib/gcc/arm-none-eabi/5.4.1/armv6-m\libgcc.a(floatsidf.o)
 .ARM.attributes
                0x00000807       0x2c d:/programs/psoccreator/psoc creator/4.2/psoc creator/import/gnu/arm/5.4.1/bin/../lib/gcc/arm-none-eabi/5.4.1/armv6-m\libgcc.a(floatunsidf.o)
 .ARM.attributes
                0x00000833       0x2c d:/programs/psoccreator/psoc creator/4.2/psoc creator/import/gnu/arm/5.4.1/bin/../lib/gcc/arm-none-eabi/5.4.1/armv6-m\libgcc.a(extendsfdf2.o)
 .ARM.attributes
                0x0000085f       0x1e d:/programs/psoccreator/psoc creator/4.2/psoc creator/import/gnu/arm/5.4.1/bin/../lib/gcc/arm-none-eabi/5.4.1/armv6-m\libgcc.a(_clzsi2.o)
 .ARM.attributes
                0x0000087d       0x2c d:/programs/psoccreator/psoc creator/4.2/psoc creator/import/gnu/arm/5.4.1/bin/../lib/gcc/arm-none-eabi/5.4.1/../../../../arm-none-eabi/lib/armv6-m\libg_nano.a(lib_a-errno.o)
 .ARM.attributes
                0x000008a9       0x2c d:/programs/psoccreator/psoc creator/4.2/psoc creator/import/gnu/arm/5.4.1/bin/../lib/gcc/arm-none-eabi/5.4.1/../../../../arm-none-eabi/lib/armv6-m\libg_nano.a(lib_a-exit.o)
 .ARM.attributes
                0x000008d5       0x2c d:/programs/psoccreator/psoc creator/4.2/psoc creator/import/gnu/arm/5.4.1/bin/../lib/gcc/arm-none-eabi/5.4.1/../../../../arm-none-eabi/lib/armv6-m\libg_nano.a(lib_a-impure.o)
 .ARM.attributes
                0x00000901       0x2c d:/programs/psoccreator/psoc creator/4.2/psoc creator/import/gnu/arm/5.4.1/bin/../lib/gcc/arm-none-eabi/5.4.1/../../../../arm-none-eabi/lib/armv6-m\libg_nano.a(lib_a-init.o)
 .ARM.attributes
                0x0000092d       0x2c d:/programs/psoccreator/psoc creator/4.2/psoc creator/import/gnu/arm/5.4.1/bin/../lib/gcc/arm-none-eabi/5.4.1/../../../../arm-none-eabi/lib/armv6-m\libg_nano.a(lib_a-memcpy-stub.o)
 .ARM.attributes
                0x00000959       0x2c d:/programs/psoccreator/psoc creator/4.2/psoc creator/import/gnu/arm/5.4.1/bin/../lib/gcc/arm-none-eabi/5.4.1/../../../../arm-none-eabi/lib/armv6-m\libg_nano.a(lib_a-memset.o)
 .ARM.attributes
                0x00000985       0x2c d:/programs/psoccreator/psoc creator/4.2/psoc creator/import/gnu/arm/5.4.1/bin/../lib/gcc/arm-none-eabi/5.4.1/armv6-m/crtend.o
 .ARM.attributes
                0x000009b1       0x1e d:/programs/psoccreator/psoc creator/4.2/psoc creator/import/gnu/arm/5.4.1/bin/../lib/gcc/arm-none-eabi/5.4.1/armv6-m/crtn.o

/DISCARD/
 *(.note.GNU-stack)
OUTPUT(D:\POK_project\PsoC\LABs_BLE\Lab_2_7SEG.cydsn\CortexM0\ARM_GCC_541\Debug\Lab_2_7SEG.elf elf32-littlearm)
