ARM GAS  C:\Users\vanil\AppData\Local\Temp\ccUjHL4O.s 			page 1


   1              		.syntax unified
   2              		.cpu cortex-m0
   3              		.fpu softvfp
   4              		.eabi_attribute 20, 1
   5              		.eabi_attribute 21, 1
   6              		.eabi_attribute 23, 3
   7              		.eabi_attribute 24, 1
   8              		.eabi_attribute 25, 1
   9              		.eabi_attribute 26, 1
  10              		.eabi_attribute 30, 6
  11              		.eabi_attribute 34, 0
  12              		.eabi_attribute 18, 4
  13              		.thumb
  14              		.syntax unified
  15              		.file	"cyfitter_cfg.c"
  16              		.text
  17              	.Ltext0:
  18              		.cfi_sections	.debug_frame
  19              		.section	.text.CYMEMZERO,"ax",%progbits
  20              		.align	2
  21              		.code	16
  22              		.thumb_func
  23              		.type	CYMEMZERO, %function
  24              	CYMEMZERO:
  25              	.LFB2:
  26              		.file 1 "Generated_Source\\PSoC4\\cyfitter_cfg.c"
   1:Generated_Source\PSoC4/cyfitter_cfg.c **** 
   2:Generated_Source\PSoC4/cyfitter_cfg.c **** /*******************************************************************************
   3:Generated_Source\PSoC4/cyfitter_cfg.c **** * File Name: cyfitter_cfg.c
   4:Generated_Source\PSoC4/cyfitter_cfg.c **** * 
   5:Generated_Source\PSoC4/cyfitter_cfg.c **** * PSoC Creator  4.2
   6:Generated_Source\PSoC4/cyfitter_cfg.c **** *
   7:Generated_Source\PSoC4/cyfitter_cfg.c **** * Description:
   8:Generated_Source\PSoC4/cyfitter_cfg.c **** * This file contains device initialization code.
   9:Generated_Source\PSoC4/cyfitter_cfg.c **** * Except for the user defined sections in CyClockStartupError(), this file should not be modified.
  10:Generated_Source\PSoC4/cyfitter_cfg.c **** * This file is automatically generated by PSoC Creator.
  11:Generated_Source\PSoC4/cyfitter_cfg.c **** *
  12:Generated_Source\PSoC4/cyfitter_cfg.c **** ********************************************************************************
  13:Generated_Source\PSoC4/cyfitter_cfg.c **** * Copyright (c) 2007-2018 Cypress Semiconductor.  All rights reserved.
  14:Generated_Source\PSoC4/cyfitter_cfg.c **** * You may use this file only in accordance with the license, terms, conditions, 
  15:Generated_Source\PSoC4/cyfitter_cfg.c **** * disclaimers, and limitations in the end user license agreement accompanying 
  16:Generated_Source\PSoC4/cyfitter_cfg.c **** * the software package with which this file was provided.
  17:Generated_Source\PSoC4/cyfitter_cfg.c **** ********************************************************************************/
  18:Generated_Source\PSoC4/cyfitter_cfg.c **** 
  19:Generated_Source\PSoC4/cyfitter_cfg.c **** #include <string.h>
  20:Generated_Source\PSoC4/cyfitter_cfg.c **** #include "cytypes.h"
  21:Generated_Source\PSoC4/cyfitter_cfg.c **** #include "cydevice_trm.h"
  22:Generated_Source\PSoC4/cyfitter_cfg.c **** #include "cyfitter.h"
  23:Generated_Source\PSoC4/cyfitter_cfg.c **** #include "CyLib.h"
  24:Generated_Source\PSoC4/cyfitter_cfg.c **** #include "cyfitter_cfg.h"
  25:Generated_Source\PSoC4/cyfitter_cfg.c **** 
  26:Generated_Source\PSoC4/cyfitter_cfg.c **** 
  27:Generated_Source\PSoC4/cyfitter_cfg.c **** #if defined(__GNUC__) || defined(__ARMCC_VERSION)
  28:Generated_Source\PSoC4/cyfitter_cfg.c ****     #define CYPACKED 
  29:Generated_Source\PSoC4/cyfitter_cfg.c ****     #define CYPACKED_ATTR __attribute__ ((packed))
  30:Generated_Source\PSoC4/cyfitter_cfg.c ****     #define CYALIGNED __attribute__ ((aligned))
  31:Generated_Source\PSoC4/cyfitter_cfg.c ****     #define CY_CFG_UNUSED __attribute__ ((unused))
ARM GAS  C:\Users\vanil\AppData\Local\Temp\ccUjHL4O.s 			page 2


  32:Generated_Source\PSoC4/cyfitter_cfg.c ****     #ifndef CY_CFG_SECTION
  33:Generated_Source\PSoC4/cyfitter_cfg.c ****         #define CY_CFG_SECTION __attribute__ ((section(".psocinit")))
  34:Generated_Source\PSoC4/cyfitter_cfg.c ****     #endif
  35:Generated_Source\PSoC4/cyfitter_cfg.c ****     
  36:Generated_Source\PSoC4/cyfitter_cfg.c ****     #if defined(__ARMCC_VERSION)
  37:Generated_Source\PSoC4/cyfitter_cfg.c ****         #define CY_CFG_MEMORY_BARRIER() __memory_changed()
  38:Generated_Source\PSoC4/cyfitter_cfg.c ****     #else
  39:Generated_Source\PSoC4/cyfitter_cfg.c ****         #define CY_CFG_MEMORY_BARRIER() __sync_synchronize()
  40:Generated_Source\PSoC4/cyfitter_cfg.c ****     #endif
  41:Generated_Source\PSoC4/cyfitter_cfg.c ****     
  42:Generated_Source\PSoC4/cyfitter_cfg.c **** #elif defined(__ICCARM__)
  43:Generated_Source\PSoC4/cyfitter_cfg.c ****     #include <intrinsics.h>
  44:Generated_Source\PSoC4/cyfitter_cfg.c **** 
  45:Generated_Source\PSoC4/cyfitter_cfg.c ****     #define CYPACKED __packed
  46:Generated_Source\PSoC4/cyfitter_cfg.c ****     #define CYPACKED_ATTR 
  47:Generated_Source\PSoC4/cyfitter_cfg.c ****     #define CYALIGNED _Pragma("data_alignment=4")
  48:Generated_Source\PSoC4/cyfitter_cfg.c ****     #define CY_CFG_UNUSED _Pragma("diag_suppress=Pe177")
  49:Generated_Source\PSoC4/cyfitter_cfg.c ****     #define CY_CFG_SECTION _Pragma("location=\".psocinit\"")
  50:Generated_Source\PSoC4/cyfitter_cfg.c ****     
  51:Generated_Source\PSoC4/cyfitter_cfg.c ****     #define CY_CFG_MEMORY_BARRIER() __DMB()
  52:Generated_Source\PSoC4/cyfitter_cfg.c ****     
  53:Generated_Source\PSoC4/cyfitter_cfg.c **** #else
  54:Generated_Source\PSoC4/cyfitter_cfg.c ****     #error Unsupported toolchain
  55:Generated_Source\PSoC4/cyfitter_cfg.c **** #endif
  56:Generated_Source\PSoC4/cyfitter_cfg.c **** 
  57:Generated_Source\PSoC4/cyfitter_cfg.c **** #ifndef CYCODE
  58:Generated_Source\PSoC4/cyfitter_cfg.c ****     #define CYCODE
  59:Generated_Source\PSoC4/cyfitter_cfg.c **** #endif
  60:Generated_Source\PSoC4/cyfitter_cfg.c **** #ifndef CYDATA
  61:Generated_Source\PSoC4/cyfitter_cfg.c ****     #define CYDATA
  62:Generated_Source\PSoC4/cyfitter_cfg.c **** #endif
  63:Generated_Source\PSoC4/cyfitter_cfg.c **** #ifndef CYFAR
  64:Generated_Source\PSoC4/cyfitter_cfg.c ****     #define CYFAR
  65:Generated_Source\PSoC4/cyfitter_cfg.c **** #endif
  66:Generated_Source\PSoC4/cyfitter_cfg.c **** #ifndef CYXDATA
  67:Generated_Source\PSoC4/cyfitter_cfg.c ****     #define CYXDATA
  68:Generated_Source\PSoC4/cyfitter_cfg.c **** #endif
  69:Generated_Source\PSoC4/cyfitter_cfg.c **** 
  70:Generated_Source\PSoC4/cyfitter_cfg.c **** 
  71:Generated_Source\PSoC4/cyfitter_cfg.c **** CY_CFG_UNUSED
  72:Generated_Source\PSoC4/cyfitter_cfg.c **** static void CYMEMZERO(void *s, size_t n);
  73:Generated_Source\PSoC4/cyfitter_cfg.c **** CY_CFG_UNUSED
  74:Generated_Source\PSoC4/cyfitter_cfg.c **** static void CYMEMZERO(void *s, size_t n)
  75:Generated_Source\PSoC4/cyfitter_cfg.c **** {
  27              		.loc 1 75 0
  28              		.cfi_startproc
  29              		@ args = 0, pretend = 0, frame = 8
  30              		@ frame_needed = 1, uses_anonymous_args = 0
  31 0000 80B5     		push	{r7, lr}
  32              		.cfi_def_cfa_offset 8
  33              		.cfi_offset 7, -8
  34              		.cfi_offset 14, -4
  35 0002 82B0     		sub	sp, sp, #8
  36              		.cfi_def_cfa_offset 16
  37 0004 00AF     		add	r7, sp, #0
  38              		.cfi_def_cfa_register 7
  39 0006 7860     		str	r0, [r7, #4]
ARM GAS  C:\Users\vanil\AppData\Local\Temp\ccUjHL4O.s 			page 3


  40 0008 3960     		str	r1, [r7]
  76:Generated_Source\PSoC4/cyfitter_cfg.c **** 	(void)memset(s, 0, n);
  41              		.loc 1 76 0
  42 000a 3A68     		ldr	r2, [r7]
  43 000c 7B68     		ldr	r3, [r7, #4]
  44 000e 0021     		movs	r1, #0
  45 0010 1800     		movs	r0, r3
  46 0012 FFF7FEFF 		bl	memset
  77:Generated_Source\PSoC4/cyfitter_cfg.c **** }
  47              		.loc 1 77 0
  48 0016 C046     		nop
  49 0018 BD46     		mov	sp, r7
  50 001a 02B0     		add	sp, sp, #8
  51              		@ sp needed
  52 001c 80BD     		pop	{r7, pc}
  53              		.cfi_endproc
  54              	.LFE2:
  55              		.size	CYMEMZERO, .-CYMEMZERO
  56 001e C046     		.section	.text.CYCONFIGCPY,"ax",%progbits
  57              		.align	2
  58              		.code	16
  59              		.thumb_func
  60              		.type	CYCONFIGCPY, %function
  61              	CYCONFIGCPY:
  62              	.LFB3:
  78:Generated_Source\PSoC4/cyfitter_cfg.c **** CY_CFG_UNUSED
  79:Generated_Source\PSoC4/cyfitter_cfg.c **** static void CYCONFIGCPY(void *dest, const void *src, size_t n);
  80:Generated_Source\PSoC4/cyfitter_cfg.c **** CY_CFG_UNUSED
  81:Generated_Source\PSoC4/cyfitter_cfg.c **** static void CYCONFIGCPY(void *dest, const void *src, size_t n)
  82:Generated_Source\PSoC4/cyfitter_cfg.c **** {
  63              		.loc 1 82 0
  64              		.cfi_startproc
  65              		@ args = 0, pretend = 0, frame = 16
  66              		@ frame_needed = 1, uses_anonymous_args = 0
  67 0000 80B5     		push	{r7, lr}
  68              		.cfi_def_cfa_offset 8
  69              		.cfi_offset 7, -8
  70              		.cfi_offset 14, -4
  71 0002 84B0     		sub	sp, sp, #16
  72              		.cfi_def_cfa_offset 24
  73 0004 00AF     		add	r7, sp, #0
  74              		.cfi_def_cfa_register 7
  75 0006 F860     		str	r0, [r7, #12]
  76 0008 B960     		str	r1, [r7, #8]
  77 000a 7A60     		str	r2, [r7, #4]
  83:Generated_Source\PSoC4/cyfitter_cfg.c **** 	(void)memcpy(dest, src, n);
  78              		.loc 1 83 0
  79 000c 7A68     		ldr	r2, [r7, #4]
  80 000e B968     		ldr	r1, [r7, #8]
  81 0010 FB68     		ldr	r3, [r7, #12]
  82 0012 1800     		movs	r0, r3
  83 0014 FFF7FEFF 		bl	memcpy
  84:Generated_Source\PSoC4/cyfitter_cfg.c **** }
  84              		.loc 1 84 0
  85 0018 C046     		nop
  86 001a BD46     		mov	sp, r7
  87 001c 04B0     		add	sp, sp, #16
ARM GAS  C:\Users\vanil\AppData\Local\Temp\ccUjHL4O.s 			page 4


  88              		@ sp needed
  89 001e 80BD     		pop	{r7, pc}
  90              		.cfi_endproc
  91              	.LFE3:
  92              		.size	CYCONFIGCPY, .-CYCONFIGCPY
  93              		.section	.text.CYCONFIGCPYCODE,"ax",%progbits
  94              		.align	2
  95              		.code	16
  96              		.thumb_func
  97              		.type	CYCONFIGCPYCODE, %function
  98              	CYCONFIGCPYCODE:
  99              	.LFB4:
  85:Generated_Source\PSoC4/cyfitter_cfg.c **** CY_CFG_UNUSED
  86:Generated_Source\PSoC4/cyfitter_cfg.c **** static void CYCONFIGCPYCODE(void *dest, const void *src, size_t n);
  87:Generated_Source\PSoC4/cyfitter_cfg.c **** CY_CFG_UNUSED
  88:Generated_Source\PSoC4/cyfitter_cfg.c **** static void CYCONFIGCPYCODE(void *dest, const void *src, size_t n)
  89:Generated_Source\PSoC4/cyfitter_cfg.c **** {
 100              		.loc 1 89 0
 101              		.cfi_startproc
 102              		@ args = 0, pretend = 0, frame = 16
 103              		@ frame_needed = 1, uses_anonymous_args = 0
 104 0000 80B5     		push	{r7, lr}
 105              		.cfi_def_cfa_offset 8
 106              		.cfi_offset 7, -8
 107              		.cfi_offset 14, -4
 108 0002 84B0     		sub	sp, sp, #16
 109              		.cfi_def_cfa_offset 24
 110 0004 00AF     		add	r7, sp, #0
 111              		.cfi_def_cfa_register 7
 112 0006 F860     		str	r0, [r7, #12]
 113 0008 B960     		str	r1, [r7, #8]
 114 000a 7A60     		str	r2, [r7, #4]
  90:Generated_Source\PSoC4/cyfitter_cfg.c **** 	(void)memcpy(dest, src, n);
 115              		.loc 1 90 0
 116 000c 7A68     		ldr	r2, [r7, #4]
 117 000e B968     		ldr	r1, [r7, #8]
 118 0010 FB68     		ldr	r3, [r7, #12]
 119 0012 1800     		movs	r0, r3
 120 0014 FFF7FEFF 		bl	memcpy
  91:Generated_Source\PSoC4/cyfitter_cfg.c **** }
 121              		.loc 1 91 0
 122 0018 C046     		nop
 123 001a BD46     		mov	sp, r7
 124 001c 04B0     		add	sp, sp, #16
 125              		@ sp needed
 126 001e 80BD     		pop	{r7, pc}
 127              		.cfi_endproc
 128              	.LFE4:
 129              		.size	CYCONFIGCPYCODE, .-CYCONFIGCPYCODE
 130              		.section	.psocinit,"ax",%progbits
 131              		.align	2
 132              		.code	16
 133              		.thumb_func
 134              		.type	ClockSetup, %function
 135              	ClockSetup:
 136              	.LFB5:
  92:Generated_Source\PSoC4/cyfitter_cfg.c **** 
ARM GAS  C:\Users\vanil\AppData\Local\Temp\ccUjHL4O.s 			page 5


  93:Generated_Source\PSoC4/cyfitter_cfg.c **** 
  94:Generated_Source\PSoC4/cyfitter_cfg.c **** 
  95:Generated_Source\PSoC4/cyfitter_cfg.c **** 
  96:Generated_Source\PSoC4/cyfitter_cfg.c **** /* Clock startup error codes                                                   */
  97:Generated_Source\PSoC4/cyfitter_cfg.c **** #define CYCLOCKSTART_NO_ERROR    0u
  98:Generated_Source\PSoC4/cyfitter_cfg.c **** #define CYCLOCKSTART_XTAL_ERROR  1u
  99:Generated_Source\PSoC4/cyfitter_cfg.c **** #define CYCLOCKSTART_32KHZ_ERROR 2u
 100:Generated_Source\PSoC4/cyfitter_cfg.c **** #define CYCLOCKSTART_PLL_ERROR   3u
 101:Generated_Source\PSoC4/cyfitter_cfg.c **** #define CYCLOCKSTART_FLL_ERROR   4u
 102:Generated_Source\PSoC4/cyfitter_cfg.c **** #define CYCLOCKSTART_WCO_ERROR   5u
 103:Generated_Source\PSoC4/cyfitter_cfg.c **** 
 104:Generated_Source\PSoC4/cyfitter_cfg.c **** 
 105:Generated_Source\PSoC4/cyfitter_cfg.c **** #ifdef CY_NEED_CYCLOCKSTARTUPERROR
 106:Generated_Source\PSoC4/cyfitter_cfg.c **** /*******************************************************************************
 107:Generated_Source\PSoC4/cyfitter_cfg.c **** * Function Name: CyClockStartupError
 108:Generated_Source\PSoC4/cyfitter_cfg.c **** ********************************************************************************
 109:Generated_Source\PSoC4/cyfitter_cfg.c **** * Summary:
 110:Generated_Source\PSoC4/cyfitter_cfg.c **** *  If an error is encountered during clock configuration (crystal startup error,
 111:Generated_Source\PSoC4/cyfitter_cfg.c **** *  PLL lock error, etc.), the system will end up here.  Unless reimplemented by
 112:Generated_Source\PSoC4/cyfitter_cfg.c **** *  the customer, this function will stop in an infinite loop.
 113:Generated_Source\PSoC4/cyfitter_cfg.c **** *
 114:Generated_Source\PSoC4/cyfitter_cfg.c **** * Parameters:
 115:Generated_Source\PSoC4/cyfitter_cfg.c **** *   void
 116:Generated_Source\PSoC4/cyfitter_cfg.c **** *
 117:Generated_Source\PSoC4/cyfitter_cfg.c **** * Return:
 118:Generated_Source\PSoC4/cyfitter_cfg.c **** *   void
 119:Generated_Source\PSoC4/cyfitter_cfg.c **** *
 120:Generated_Source\PSoC4/cyfitter_cfg.c **** *******************************************************************************/
 121:Generated_Source\PSoC4/cyfitter_cfg.c **** CY_CFG_UNUSED
 122:Generated_Source\PSoC4/cyfitter_cfg.c **** static void CyClockStartupError(uint8 errorCode);
 123:Generated_Source\PSoC4/cyfitter_cfg.c **** CY_CFG_UNUSED
 124:Generated_Source\PSoC4/cyfitter_cfg.c **** static void CyClockStartupError(uint8 errorCode)
 125:Generated_Source\PSoC4/cyfitter_cfg.c **** {
 126:Generated_Source\PSoC4/cyfitter_cfg.c ****     /* To remove the compiler warning if errorCode not used.                */
 127:Generated_Source\PSoC4/cyfitter_cfg.c ****     errorCode = errorCode;
 128:Generated_Source\PSoC4/cyfitter_cfg.c **** 
 129:Generated_Source\PSoC4/cyfitter_cfg.c ****     /* If we have a clock startup error (bad MHz crystal, PLL lock, etc.),  */
 130:Generated_Source\PSoC4/cyfitter_cfg.c ****     /* we will end up here to allow the customer to implement something to  */
 131:Generated_Source\PSoC4/cyfitter_cfg.c ****     /* deal with the clock condition.                                       */
 132:Generated_Source\PSoC4/cyfitter_cfg.c **** 
 133:Generated_Source\PSoC4/cyfitter_cfg.c **** #ifdef CY_CFG_CLOCK_STARTUP_ERROR_CALLBACK
 134:Generated_Source\PSoC4/cyfitter_cfg.c ****     CY_CFG_Clock_Startup_ErrorCallback();
 135:Generated_Source\PSoC4/cyfitter_cfg.c **** #else
 136:Generated_Source\PSoC4/cyfitter_cfg.c ****     /*  If not using CY_CFG_CLOCK_STARTUP_ERROR_CALLBACK, place your clock startup code here. */
 137:Generated_Source\PSoC4/cyfitter_cfg.c ****     /* `#START CyClockStartupError` */
 138:Generated_Source\PSoC4/cyfitter_cfg.c **** 
 139:Generated_Source\PSoC4/cyfitter_cfg.c **** 
 140:Generated_Source\PSoC4/cyfitter_cfg.c **** 
 141:Generated_Source\PSoC4/cyfitter_cfg.c ****     /* `#END` */
 142:Generated_Source\PSoC4/cyfitter_cfg.c **** 
 143:Generated_Source\PSoC4/cyfitter_cfg.c ****     while(1) {}
 144:Generated_Source\PSoC4/cyfitter_cfg.c **** #endif /* CY_CFG_CLOCK_STARTUP_ERROR_CALLBACK */
 145:Generated_Source\PSoC4/cyfitter_cfg.c **** }
 146:Generated_Source\PSoC4/cyfitter_cfg.c **** #endif
 147:Generated_Source\PSoC4/cyfitter_cfg.c **** 
 148:Generated_Source\PSoC4/cyfitter_cfg.c **** 
 149:Generated_Source\PSoC4/cyfitter_cfg.c **** 
ARM GAS  C:\Users\vanil\AppData\Local\Temp\ccUjHL4O.s 			page 6


 150:Generated_Source\PSoC4/cyfitter_cfg.c **** /*******************************************************************************
 151:Generated_Source\PSoC4/cyfitter_cfg.c **** * Function Name: ClockSetup
 152:Generated_Source\PSoC4/cyfitter_cfg.c **** ********************************************************************************
 153:Generated_Source\PSoC4/cyfitter_cfg.c **** *
 154:Generated_Source\PSoC4/cyfitter_cfg.c **** * Summary:
 155:Generated_Source\PSoC4/cyfitter_cfg.c **** *   Performs the initialization of all of the clocks in the device based on the
 156:Generated_Source\PSoC4/cyfitter_cfg.c **** *   settings in the Clock tab of the DWR.  This includes enabling the requested
 157:Generated_Source\PSoC4/cyfitter_cfg.c **** *   clocks and setting the necessary dividers to produce the desired frequency. 
 158:Generated_Source\PSoC4/cyfitter_cfg.c **** *
 159:Generated_Source\PSoC4/cyfitter_cfg.c **** * Parameters:
 160:Generated_Source\PSoC4/cyfitter_cfg.c **** *   void
 161:Generated_Source\PSoC4/cyfitter_cfg.c **** *
 162:Generated_Source\PSoC4/cyfitter_cfg.c **** * Return:
 163:Generated_Source\PSoC4/cyfitter_cfg.c **** *   void
 164:Generated_Source\PSoC4/cyfitter_cfg.c **** *
 165:Generated_Source\PSoC4/cyfitter_cfg.c **** *******************************************************************************/
 166:Generated_Source\PSoC4/cyfitter_cfg.c **** static void ClockSetup(void);
 167:Generated_Source\PSoC4/cyfitter_cfg.c **** CY_CFG_SECTION
 168:Generated_Source\PSoC4/cyfitter_cfg.c **** static void ClockSetup(void)
 169:Generated_Source\PSoC4/cyfitter_cfg.c **** {
 137              		.loc 1 169 0
 138              		.cfi_startproc
 139              		@ args = 0, pretend = 0, frame = 0
 140              		@ frame_needed = 1, uses_anonymous_args = 0
 141 0000 80B5     		push	{r7, lr}
 142              		.cfi_def_cfa_offset 8
 143              		.cfi_offset 7, -8
 144              		.cfi_offset 14, -4
 145 0002 00AF     		add	r7, sp, #0
 146              		.cfi_def_cfa_register 7
 170:Generated_Source\PSoC4/cyfitter_cfg.c **** 
 171:Generated_Source\PSoC4/cyfitter_cfg.c **** 	/* Set Flash Cycles based on max possible frequency in case a glitch occurs during ClockSetup(). *
 172:Generated_Source\PSoC4/cyfitter_cfg.c **** 	CY_SET_REG32((void CYXDATA *)(CYREG_CPUSS_FLASH_CTL), (0x0012u));
 147              		.loc 1 172 0
 148 0004 1C4B     		ldr	r3, .L5
 149 0006 1222     		movs	r2, #18
 150 0008 1A60     		str	r2, [r3]
 173:Generated_Source\PSoC4/cyfitter_cfg.c **** 
 174:Generated_Source\PSoC4/cyfitter_cfg.c **** 	/* Start the WCO */
 175:Generated_Source\PSoC4/cyfitter_cfg.c **** 	CySysClkWcoStart();
 151              		.loc 1 175 0
 152 000a FFF7FEFF 		bl	CySysClkWcoStart
 176:Generated_Source\PSoC4/cyfitter_cfg.c **** 	(void)CySysClkWcoSetPowerMode(CY_SYS_CLK_WCO_LPM);    /* Switch to the low power mode */
 153              		.loc 1 176 0
 154 000e 0120     		movs	r0, #1
 155 0010 FFF7FEFF 		bl	CySysClkWcoSetPowerMode
 177:Generated_Source\PSoC4/cyfitter_cfg.c **** 
 178:Generated_Source\PSoC4/cyfitter_cfg.c **** 	/* Setup and trim IMO based on desired frequency. */
 179:Generated_Source\PSoC4/cyfitter_cfg.c **** 	CySysClkWriteImoFreq(3u);
 156              		.loc 1 179 0
 157 0014 0320     		movs	r0, #3
 158 0016 FFF7FEFF 		bl	CySysClkWriteImoFreq
 180:Generated_Source\PSoC4/cyfitter_cfg.c **** 	/* CYDEV_CLK_ILO_CONFIG Starting address: CYDEV_CLK_ILO_CONFIG */
 181:Generated_Source\PSoC4/cyfitter_cfg.c **** 	CY_SET_REG32((void *)(CYREG_CLK_ILO_CONFIG), 0x80000006u);
 159              		.loc 1 181 0
 160 001a 184B     		ldr	r3, .L5+4
 161 001c 184A     		ldr	r2, .L5+8
ARM GAS  C:\Users\vanil\AppData\Local\Temp\ccUjHL4O.s 			page 7


 162 001e 1A60     		str	r2, [r3]
 182:Generated_Source\PSoC4/cyfitter_cfg.c **** 
 183:Generated_Source\PSoC4/cyfitter_cfg.c **** 
 184:Generated_Source\PSoC4/cyfitter_cfg.c **** 	/* Enable fast start mode for XO */
 185:Generated_Source\PSoC4/cyfitter_cfg.c **** 	CY_SET_REG32((void*)CYREG_BLE_BLERD_BB_XO, CY_GET_REG32((void*)CYREG_BLE_BLERD_BB_XO) | (uint32)0x
 163              		.loc 1 185 0
 164 0020 184B     		ldr	r3, .L5+12
 165 0022 184A     		ldr	r2, .L5+12
 166 0024 1268     		ldr	r2, [r2]
 167 0026 0221     		movs	r1, #2
 168 0028 0A43     		orrs	r2, r1
 169 002a 1A60     		str	r2, [r3]
 186:Generated_Source\PSoC4/cyfitter_cfg.c **** 	CY_SET_REG32((void *)(CYREG_BLE_BLERD_BB_XO_CAPTRIM), 0x00003E2Du);
 170              		.loc 1 186 0
 171 002c 164B     		ldr	r3, .L5+16
 172 002e 174A     		ldr	r2, .L5+20
 173 0030 1A60     		str	r2, [r3]
 187:Generated_Source\PSoC4/cyfitter_cfg.c **** 	/*Set XTAL(ECO) divider*/
 188:Generated_Source\PSoC4/cyfitter_cfg.c **** 	CY_SET_REG32((void *)(CYREG_BLE_BLESS_XTAL_CLK_DIV_CONFIG), 0x00000000u);
 174              		.loc 1 188 0
 175 0032 174B     		ldr	r3, .L5+24
 176 0034 0022     		movs	r2, #0
 177 0036 1A60     		str	r2, [r3]
 189:Generated_Source\PSoC4/cyfitter_cfg.c **** 	/* Disable Crystal Stable Interrupt before enabling ECO */
 190:Generated_Source\PSoC4/cyfitter_cfg.c **** 	CY_SET_REG32((void*)CYREG_BLE_BLESS_LL_DSM_CTRL, CY_GET_REG32((void*)CYREG_BLE_BLESS_LL_DSM_CTRL) 
 178              		.loc 1 190 0
 179 0038 164B     		ldr	r3, .L5+28
 180 003a 164A     		ldr	r2, .L5+28
 181 003c 1268     		ldr	r2, [r2]
 182 003e 0821     		movs	r1, #8
 183 0040 8A43     		bics	r2, r1
 184 0042 1A60     		str	r2, [r3]
 191:Generated_Source\PSoC4/cyfitter_cfg.c **** 	/* Start the ECO and do not check status since it is not needed for HFCLK */
 192:Generated_Source\PSoC4/cyfitter_cfg.c **** 	(void)CySysClkEcoStart(2000u);
 185              		.loc 1 192 0
 186 0044 FA23     		movs	r3, #250
 187 0046 DB00     		lsls	r3, r3, #3
 188 0048 1800     		movs	r0, r3
 189 004a FFF7FEFF 		bl	CySysClkEcoStart
 193:Generated_Source\PSoC4/cyfitter_cfg.c **** 	CyDelayUs(1500u); /* Wait to stabilize */
 190              		.loc 1 193 0
 191 004e 124B     		ldr	r3, .L5+32
 192 0050 1800     		movs	r0, r3
 193 0052 FFF7FEFF 		bl	CyDelayUs
 194:Generated_Source\PSoC4/cyfitter_cfg.c **** 
 195:Generated_Source\PSoC4/cyfitter_cfg.c **** 	/* Setup phase aligned clocks */
 196:Generated_Source\PSoC4/cyfitter_cfg.c **** 
 197:Generated_Source\PSoC4/cyfitter_cfg.c **** 	/* CYDEV_CLK_IMO_CONFIG Starting address: CYDEV_CLK_IMO_CONFIG */
 198:Generated_Source\PSoC4/cyfitter_cfg.c **** 	CY_SET_REG32((void *)(CYREG_CLK_IMO_CONFIG), 0x80000000u);
 194              		.loc 1 198 0
 195 0056 114B     		ldr	r3, .L5+36
 196 0058 8022     		movs	r2, #128
 197 005a 1206     		lsls	r2, r2, #24
 198 005c 1A60     		str	r2, [r3]
 199:Generated_Source\PSoC4/cyfitter_cfg.c **** 
 200:Generated_Source\PSoC4/cyfitter_cfg.c **** 	/* CYDEV_CLK_SELECT Starting address: CYDEV_CLK_SELECT */
 201:Generated_Source\PSoC4/cyfitter_cfg.c **** 	CY_SET_REG32((void *)(CYREG_CLK_SELECT), 0x00000000u);
ARM GAS  C:\Users\vanil\AppData\Local\Temp\ccUjHL4O.s 			page 8


 199              		.loc 1 201 0
 200 005e 104B     		ldr	r3, .L5+40
 201 0060 0022     		movs	r2, #0
 202 0062 1A60     		str	r2, [r3]
 202:Generated_Source\PSoC4/cyfitter_cfg.c **** 
 203:Generated_Source\PSoC4/cyfitter_cfg.c **** 	CY_SET_REG32((void *)(CYREG_WDT_CONFIG), 0x00000000u);
 203              		.loc 1 203 0
 204 0064 0F4B     		ldr	r3, .L5+44
 205 0066 0022     		movs	r2, #0
 206 0068 1A60     		str	r2, [r3]
 204:Generated_Source\PSoC4/cyfitter_cfg.c **** 	/* Set Flash Cycles based on newly configured 3.00MHz HFCLK. */
 205:Generated_Source\PSoC4/cyfitter_cfg.c **** 	CY_SET_REG32((void CYXDATA *)(CYREG_CPUSS_FLASH_CTL), (0x0000u));
 207              		.loc 1 205 0
 208 006a 034B     		ldr	r3, .L5
 209 006c 0022     		movs	r2, #0
 210 006e 1A60     		str	r2, [r3]
 206:Generated_Source\PSoC4/cyfitter_cfg.c **** }
 211              		.loc 1 206 0
 212 0070 C046     		nop
 213 0072 BD46     		mov	sp, r7
 214              		@ sp needed
 215 0074 80BD     		pop	{r7, pc}
 216              	.L6:
 217 0076 C046     		.align	2
 218              	.L5:
 219 0078 30001040 		.word	1074790448
 220 007c 04010B40 		.word	1074462980
 221 0080 06000080 		.word	-2147483642
 222 0084 78002E40 		.word	1076756600
 223 0088 7C002E40 		.word	1076756604
 224 008c 2D3E0000 		.word	15917
 225 0090 64F02E40 		.word	1076818020
 226 0094 6CF02E40 		.word	1076818028
 227 0098 DC050000 		.word	1500
 228 009c 08010B40 		.word	1074462984
 229 00a0 00010B40 		.word	1074462976
 230 00a4 0C020B40 		.word	1074463244
 231              		.cfi_endproc
 232              	.LFE5:
 233              		.size	ClockSetup, .-ClockSetup
 234              		.section	.text.AnalogSetDefault,"ax",%progbits
 235              		.align	2
 236              		.code	16
 237              		.thumb_func
 238              		.type	AnalogSetDefault, %function
 239              	AnalogSetDefault:
 240              	.LFB6:
 207:Generated_Source\PSoC4/cyfitter_cfg.c **** 
 208:Generated_Source\PSoC4/cyfitter_cfg.c **** 
 209:Generated_Source\PSoC4/cyfitter_cfg.c **** /* Analog API Functions */
 210:Generated_Source\PSoC4/cyfitter_cfg.c **** 
 211:Generated_Source\PSoC4/cyfitter_cfg.c **** 
 212:Generated_Source\PSoC4/cyfitter_cfg.c **** /*******************************************************************************
 213:Generated_Source\PSoC4/cyfitter_cfg.c **** * Function Name: AnalogSetDefault
 214:Generated_Source\PSoC4/cyfitter_cfg.c **** ********************************************************************************
 215:Generated_Source\PSoC4/cyfitter_cfg.c **** *
 216:Generated_Source\PSoC4/cyfitter_cfg.c **** * Summary:
ARM GAS  C:\Users\vanil\AppData\Local\Temp\ccUjHL4O.s 			page 9


 217:Generated_Source\PSoC4/cyfitter_cfg.c **** *  Sets up the analog portions of the chip to default values based on chip
 218:Generated_Source\PSoC4/cyfitter_cfg.c **** *  configuration options from the project.
 219:Generated_Source\PSoC4/cyfitter_cfg.c **** *
 220:Generated_Source\PSoC4/cyfitter_cfg.c **** * Parameters:
 221:Generated_Source\PSoC4/cyfitter_cfg.c **** *  void
 222:Generated_Source\PSoC4/cyfitter_cfg.c **** *
 223:Generated_Source\PSoC4/cyfitter_cfg.c **** * Return:
 224:Generated_Source\PSoC4/cyfitter_cfg.c **** *  void
 225:Generated_Source\PSoC4/cyfitter_cfg.c **** *
 226:Generated_Source\PSoC4/cyfitter_cfg.c **** *******************************************************************************/
 227:Generated_Source\PSoC4/cyfitter_cfg.c **** static void AnalogSetDefault(void);
 228:Generated_Source\PSoC4/cyfitter_cfg.c **** static void AnalogSetDefault(void)
 229:Generated_Source\PSoC4/cyfitter_cfg.c **** {
 241              		.loc 1 229 0
 242              		.cfi_startproc
 243              		@ args = 0, pretend = 0, frame = 0
 244              		@ frame_needed = 1, uses_anonymous_args = 0
 245 0000 80B5     		push	{r7, lr}
 246              		.cfi_def_cfa_offset 8
 247              		.cfi_offset 7, -8
 248              		.cfi_offset 14, -4
 249 0002 00AF     		add	r7, sp, #0
 250              		.cfi_def_cfa_register 7
 230:Generated_Source\PSoC4/cyfitter_cfg.c **** 	CY_SET_XTND_REG32((void CYFAR *)CYREG_CTBM0_DFT_CTRL, 0x00000003u);
 251              		.loc 1 230 0
 252 0004 054B     		ldr	r3, .L8
 253 0006 0322     		movs	r2, #3
 254 0008 1A60     		str	r2, [r3]
 231:Generated_Source\PSoC4/cyfitter_cfg.c **** 	CY_SET_XTND_REG32((void CYFAR *)CYREG_CTBM1_DFT_CTRL, 0x00000003u);
 255              		.loc 1 231 0
 256 000a 054B     		ldr	r3, .L8+4
 257 000c 0322     		movs	r2, #3
 258 000e 1A60     		str	r2, [r3]
 232:Generated_Source\PSoC4/cyfitter_cfg.c **** 	CY_SET_XTND_REG32((void CYFAR *)CYREG_PASS_DSAB_DSAB_CTRL, 0x00000000u);
 259              		.loc 1 232 0
 260 0010 044B     		ldr	r3, .L8+8
 261 0012 0022     		movs	r2, #0
 262 0014 1A60     		str	r2, [r3]
 233:Generated_Source\PSoC4/cyfitter_cfg.c **** }
 263              		.loc 1 233 0
 264 0016 C046     		nop
 265 0018 BD46     		mov	sp, r7
 266              		@ sp needed
 267 001a 80BD     		pop	{r7, pc}
 268              	.L9:
 269              		.align	2
 270              	.L8:
 271 001c 30003040 		.word	1076887600
 272 0020 30003140 		.word	1076953136
 273 0024 000E3F40 		.word	1077874176
 274              		.cfi_endproc
 275              	.LFE6:
 276              		.size	AnalogSetDefault, .-AnalogSetDefault
 277              		.section	.psocinit
 278              		.align	2
 279              		.global	cyfitter_cfg
 280              		.code	16
ARM GAS  C:\Users\vanil\AppData\Local\Temp\ccUjHL4O.s 			page 10


 281              		.thumb_func
 282              		.type	cyfitter_cfg, %function
 283              	cyfitter_cfg:
 284              	.LFB7:
 234:Generated_Source\PSoC4/cyfitter_cfg.c **** 
 235:Generated_Source\PSoC4/cyfitter_cfg.c **** 
 236:Generated_Source\PSoC4/cyfitter_cfg.c **** 
 237:Generated_Source\PSoC4/cyfitter_cfg.c **** 
 238:Generated_Source\PSoC4/cyfitter_cfg.c **** /*******************************************************************************
 239:Generated_Source\PSoC4/cyfitter_cfg.c **** * Function Name: cyfitter_cfg
 240:Generated_Source\PSoC4/cyfitter_cfg.c **** ********************************************************************************
 241:Generated_Source\PSoC4/cyfitter_cfg.c **** * Summary:
 242:Generated_Source\PSoC4/cyfitter_cfg.c **** *  This function is called by the start-up code for the selected device. It
 243:Generated_Source\PSoC4/cyfitter_cfg.c **** *  performs all of the necessary device configuration based on the design
 244:Generated_Source\PSoC4/cyfitter_cfg.c **** *  settings.  This includes settings from the Design Wide Resources (DWR) such
 245:Generated_Source\PSoC4/cyfitter_cfg.c **** *  as Clocks and Pins as well as any component configuration that is necessary.
 246:Generated_Source\PSoC4/cyfitter_cfg.c **** *
 247:Generated_Source\PSoC4/cyfitter_cfg.c **** * Parameters:
 248:Generated_Source\PSoC4/cyfitter_cfg.c **** *   void
 249:Generated_Source\PSoC4/cyfitter_cfg.c **** *
 250:Generated_Source\PSoC4/cyfitter_cfg.c **** * Return:
 251:Generated_Source\PSoC4/cyfitter_cfg.c **** *   void
 252:Generated_Source\PSoC4/cyfitter_cfg.c **** *
 253:Generated_Source\PSoC4/cyfitter_cfg.c **** *******************************************************************************/
 254:Generated_Source\PSoC4/cyfitter_cfg.c **** CY_CFG_SECTION
 255:Generated_Source\PSoC4/cyfitter_cfg.c **** void cyfitter_cfg(void)
 256:Generated_Source\PSoC4/cyfitter_cfg.c **** {
 285              		.loc 1 256 0
 286              		.cfi_startproc
 287              		@ args = 0, pretend = 0, frame = 8
 288              		@ frame_needed = 1, uses_anonymous_args = 0
 289 00a8 80B5     		push	{r7, lr}
 290              		.cfi_def_cfa_offset 8
 291              		.cfi_offset 7, -8
 292              		.cfi_offset 14, -4
 293 00aa 82B0     		sub	sp, sp, #8
 294              		.cfi_def_cfa_offset 16
 295 00ac 00AF     		add	r7, sp, #0
 296              		.cfi_def_cfa_register 7
 257:Generated_Source\PSoC4/cyfitter_cfg.c **** 	/* Disable interrupts by default. Let user enable if/when they want. */
 258:Generated_Source\PSoC4/cyfitter_cfg.c **** 	CyGlobalIntDisable;
 297              		.loc 1 258 0
 298              		.syntax divided
 299              	@ 258 "Generated_Source\PSoC4\cyfitter_cfg.c" 1
 300 00ae 72B6     		CPSID   i
 301              	@ 0 "" 2
 259:Generated_Source\PSoC4/cyfitter_cfg.c **** 
 260:Generated_Source\PSoC4/cyfitter_cfg.c **** 	CY_SET_REG32((void *)(CYREG_BLE_BLESS_LL_DSM_CTRL), 0x00000000u);
 302              		.loc 1 260 0
 303              		.thumb
 304              		.syntax unified
 305 00b0 254B     		ldr	r3, .L13
 306 00b2 0022     		movs	r2, #0
 307 00b4 1A60     		str	r2, [r3]
 308              	.LBB2:
 261:Generated_Source\PSoC4/cyfitter_cfg.c **** 
 262:Generated_Source\PSoC4/cyfitter_cfg.c **** 	{
ARM GAS  C:\Users\vanil\AppData\Local\Temp\ccUjHL4O.s 			page 11


 263:Generated_Source\PSoC4/cyfitter_cfg.c **** 
 264:Generated_Source\PSoC4/cyfitter_cfg.c **** 		CYPACKED typedef struct {
 265:Generated_Source\PSoC4/cyfitter_cfg.c **** 			void CYFAR *address;
 266:Generated_Source\PSoC4/cyfitter_cfg.c **** 			uint16 size;
 267:Generated_Source\PSoC4/cyfitter_cfg.c **** 		} CYPACKED_ATTR cfg_memset_t;
 268:Generated_Source\PSoC4/cyfitter_cfg.c **** 
 269:Generated_Source\PSoC4/cyfitter_cfg.c **** 		static const cfg_memset_t CYCODE cfg_memset_list[] = {
 270:Generated_Source\PSoC4/cyfitter_cfg.c **** 			/* address, size */
 271:Generated_Source\PSoC4/cyfitter_cfg.c **** 			{(void CYFAR *)(CYDEV_UDB_P0_U0_BASE), 1024u},
 272:Generated_Source\PSoC4/cyfitter_cfg.c **** 			{(void CYFAR *)(CYDEV_UDB_DSI0_BASE), 1024u},
 273:Generated_Source\PSoC4/cyfitter_cfg.c **** 		};
 274:Generated_Source\PSoC4/cyfitter_cfg.c **** 
 275:Generated_Source\PSoC4/cyfitter_cfg.c **** 		uint8 CYDATA i;
 276:Generated_Source\PSoC4/cyfitter_cfg.c **** 
 277:Generated_Source\PSoC4/cyfitter_cfg.c **** 		/* Zero out critical memory blocks before beginning configuration */
 278:Generated_Source\PSoC4/cyfitter_cfg.c **** 		for (i = 0u; i < (sizeof(cfg_memset_list)/sizeof(cfg_memset_list[0])); i++)
 309              		.loc 1 278 0
 310 00b6 FB1D     		adds	r3, r7, #7
 311 00b8 0022     		movs	r2, #0
 312 00ba 1A70     		strb	r2, [r3]
 313 00bc 22E0     		b	.L11
 314              	.L12:
 315              	.LBB3:
 279:Generated_Source\PSoC4/cyfitter_cfg.c **** 		{
 280:Generated_Source\PSoC4/cyfitter_cfg.c **** 			const cfg_memset_t CYCODE * CYDATA ms = &cfg_memset_list[i];
 316              		.loc 1 280 0 discriminator 3
 317 00be FB1D     		adds	r3, r7, #7
 318 00c0 1A78     		ldrb	r2, [r3]
 319 00c2 1300     		movs	r3, r2
 320 00c4 5B00     		lsls	r3, r3, #1
 321 00c6 9B18     		adds	r3, r3, r2
 322 00c8 5B00     		lsls	r3, r3, #1
 323 00ca 204A     		ldr	r2, .L13+4
 324 00cc 9B18     		adds	r3, r3, r2
 325 00ce 3B60     		str	r3, [r7]
 281:Generated_Source\PSoC4/cyfitter_cfg.c **** 			CYMEMZERO(ms->address, (size_t)(uint32)(ms->size));
 326              		.loc 1 281 0 discriminator 3
 327 00d0 3B68     		ldr	r3, [r7]
 328 00d2 1A78     		ldrb	r2, [r3]
 329 00d4 5978     		ldrb	r1, [r3, #1]
 330 00d6 0902     		lsls	r1, r1, #8
 331 00d8 0A43     		orrs	r2, r1
 332 00da 9978     		ldrb	r1, [r3, #2]
 333 00dc 0904     		lsls	r1, r1, #16
 334 00de 0A43     		orrs	r2, r1
 335 00e0 DB78     		ldrb	r3, [r3, #3]
 336 00e2 1B06     		lsls	r3, r3, #24
 337 00e4 1343     		orrs	r3, r2
 338 00e6 1800     		movs	r0, r3
 339 00e8 3B68     		ldr	r3, [r7]
 340 00ea 1A79     		ldrb	r2, [r3, #4]
 341 00ec 5B79     		ldrb	r3, [r3, #5]
 342 00ee 1B02     		lsls	r3, r3, #8
 343 00f0 1343     		orrs	r3, r2
 344 00f2 9BB2     		uxth	r3, r3
 345 00f4 1900     		movs	r1, r3
 346 00f6 FFF7FEFF 		bl	CYMEMZERO
ARM GAS  C:\Users\vanil\AppData\Local\Temp\ccUjHL4O.s 			page 12


 347              	.LBE3:
 278:Generated_Source\PSoC4/cyfitter_cfg.c **** 		{
 348              		.loc 1 278 0 discriminator 3
 349 00fa FB1D     		adds	r3, r7, #7
 350 00fc 1A78     		ldrb	r2, [r3]
 351 00fe FB1D     		adds	r3, r7, #7
 352 0100 0132     		adds	r2, r2, #1
 353 0102 1A70     		strb	r2, [r3]
 354              	.L11:
 278:Generated_Source\PSoC4/cyfitter_cfg.c **** 		{
 355              		.loc 1 278 0 is_stmt 0 discriminator 1
 356 0104 FB1D     		adds	r3, r7, #7
 357 0106 1B78     		ldrb	r3, [r3]
 358 0108 012B     		cmp	r3, #1
 359 010a D8D9     		bls	.L12
 282:Generated_Source\PSoC4/cyfitter_cfg.c **** 		}
 283:Generated_Source\PSoC4/cyfitter_cfg.c **** 
 284:Generated_Source\PSoC4/cyfitter_cfg.c **** 		/* FORCED_HSIOM Starting address: CYDEV_HSIOM_PORT_SEL0 */
 285:Generated_Source\PSoC4/cyfitter_cfg.c **** 		CY_SET_REG32((void *)(CYREG_HSIOM_PORT_SEL0), 0x00000000u);
 360              		.loc 1 285 0 is_stmt 1
 361 010c 104B     		ldr	r3, .L13+8
 362 010e 0022     		movs	r2, #0
 363 0110 1A60     		str	r2, [r3]
 286:Generated_Source\PSoC4/cyfitter_cfg.c **** 
 287:Generated_Source\PSoC4/cyfitter_cfg.c **** 		/* IOPINS0_0 Starting address: CYDEV_GPIO_PRT0_PC */
 288:Generated_Source\PSoC4/cyfitter_cfg.c **** 		CY_SET_REG32((void *)(CYREG_GPIO_PRT0_PC), 0x00000000u);
 364              		.loc 1 288 0
 365 0112 104B     		ldr	r3, .L13+12
 366 0114 0022     		movs	r2, #0
 367 0116 1A60     		str	r2, [r3]
 289:Generated_Source\PSoC4/cyfitter_cfg.c **** 
 290:Generated_Source\PSoC4/cyfitter_cfg.c **** 		/* UDB_PA_3 Starting address: CYDEV_UDB_PA3_BASE */
 291:Generated_Source\PSoC4/cyfitter_cfg.c **** 		CY_SET_REG32((void *)(CYDEV_UDB_PA3_BASE), 0x00990000u);
 368              		.loc 1 291 0
 369 0118 0F4B     		ldr	r3, .L13+16
 370 011a 9922     		movs	r2, #153
 371 011c 1204     		lsls	r2, r2, #16
 372 011e 1A60     		str	r2, [r3]
 292:Generated_Source\PSoC4/cyfitter_cfg.c **** 
 293:Generated_Source\PSoC4/cyfitter_cfg.c **** 		/* Enable digital routing */
 294:Generated_Source\PSoC4/cyfitter_cfg.c **** 		CY_SET_XTND_REG8((void *)CYREG_UDB_UDBIF_BANK_CTL, (uint8)(CY_GET_XTND_REG8((void *)CYREG_UDB_UDB
 373              		.loc 1 294 0
 374 0120 0E4A     		ldr	r2, .L13+20
 375 0122 0E4B     		ldr	r3, .L13+20
 376 0124 1B78     		ldrb	r3, [r3]
 377 0126 DBB2     		uxtb	r3, r3
 378 0128 0621     		movs	r1, #6
 379 012a 0B43     		orrs	r3, r1
 380 012c DBB2     		uxtb	r3, r3
 381 012e 1370     		strb	r3, [r2]
 382              	.LBE2:
 295:Generated_Source\PSoC4/cyfitter_cfg.c **** 	}
 296:Generated_Source\PSoC4/cyfitter_cfg.c **** 
 297:Generated_Source\PSoC4/cyfitter_cfg.c **** 	/* Perform second pass device configuration. These items must be configured in specific order afte
 298:Generated_Source\PSoC4/cyfitter_cfg.c **** 	/* IOPINS0_3 Starting address: CYDEV_GPIO_PRT3_BASE */
 299:Generated_Source\PSoC4/cyfitter_cfg.c **** 	CY_SET_REG32((void *)(CYREG_GPIO_PRT3_PC), 0x00D80000u);
 383              		.loc 1 299 0
ARM GAS  C:\Users\vanil\AppData\Local\Temp\ccUjHL4O.s 			page 13


 384 0130 0B4B     		ldr	r3, .L13+24
 385 0132 D822     		movs	r2, #216
 386 0134 1204     		lsls	r2, r2, #16
 387 0136 1A60     		str	r2, [r3]
 300:Generated_Source\PSoC4/cyfitter_cfg.c **** 
 301:Generated_Source\PSoC4/cyfitter_cfg.c **** 
 302:Generated_Source\PSoC4/cyfitter_cfg.c **** 	/* Setup clocks based on selections from Clock DWR */
 303:Generated_Source\PSoC4/cyfitter_cfg.c **** 	ClockSetup();
 388              		.loc 1 303 0
 389 0138 FFF762FF 		bl	ClockSetup
 304:Generated_Source\PSoC4/cyfitter_cfg.c **** 
 305:Generated_Source\PSoC4/cyfitter_cfg.c **** 	/* Perform basic analog initialization to defaults */
 306:Generated_Source\PSoC4/cyfitter_cfg.c **** 	AnalogSetDefault();
 390              		.loc 1 306 0
 391 013c FFF7FEFF 		bl	AnalogSetDefault
 307:Generated_Source\PSoC4/cyfitter_cfg.c **** 
 308:Generated_Source\PSoC4/cyfitter_cfg.c **** }
 392              		.loc 1 308 0
 393 0140 C046     		nop
 394 0142 BD46     		mov	sp, r7
 395 0144 02B0     		add	sp, sp, #8
 396              		@ sp needed
 397 0146 80BD     		pop	{r7, pc}
 398              	.L14:
 399              		.align	2
 400              	.L13:
 401 0148 6CF02E40 		.word	1076818028
 402 014c 00000000 		.word	cfg_memset_list.4893
 403 0150 00000240 		.word	1073872896
 404 0154 08000440 		.word	1074003976
 405 0158 30500F40 		.word	1074745392
 406 015c 00700F40 		.word	1074753536
 407 0160 08030440 		.word	1074004744
 408              		.cfi_endproc
 409              	.LFE7:
 410              		.size	cyfitter_cfg, .-cyfitter_cfg
 411              		.section	.rodata
 412              		.align	2
 413              		.type	cfg_memset_list.4893, %object
 414              		.size	cfg_memset_list.4893, 12
 415              	cfg_memset_list.4893:
 416 0000 00300F40 		.word	1074737152
 417 0004 0004     		.short	1024
 418 0006 00400F40 		.4byte	1074741248
 419 000a 0004     		.short	1024
 420              		.text
 421              	.Letext0:
 422              		.file 2 "d:\\programs\\psoccreator\\psoc creator\\4.2\\psoc creator\\import\\gnu\\arm\\5.4.1\\lib\
 423              		.file 3 "Generated_Source\\PSoC4\\cytypes.h"
 424              		.section	.debug_info,"",%progbits
 425              	.Ldebug_info0:
 426 0000 54020000 		.4byte	0x254
 427 0004 0400     		.2byte	0x4
 428 0006 00000000 		.4byte	.Ldebug_abbrev0
 429 000a 04       		.byte	0x4
 430 000b 01       		.uleb128 0x1
 431 000c 83000000 		.4byte	.LASF30
ARM GAS  C:\Users\vanil\AppData\Local\Temp\ccUjHL4O.s 			page 14


 432 0010 0C       		.byte	0xc
 433 0011 F0010000 		.4byte	.LASF31
 434 0015 41010000 		.4byte	.LASF32
 435 0019 00000000 		.4byte	.Ldebug_ranges0+0
 436 001d 00000000 		.4byte	0
 437 0021 00000000 		.4byte	.Ldebug_line0
 438 0025 02       		.uleb128 0x2
 439 0026 04       		.byte	0x4
 440 0027 05       		.byte	0x5
 441 0028 696E7400 		.ascii	"int\000"
 442 002c 03       		.uleb128 0x3
 443 002d 06000000 		.4byte	.LASF12
 444 0031 02       		.byte	0x2
 445 0032 D8       		.byte	0xd8
 446 0033 37000000 		.4byte	0x37
 447 0037 04       		.uleb128 0x4
 448 0038 04       		.byte	0x4
 449 0039 07       		.byte	0x7
 450 003a 70010000 		.4byte	.LASF0
 451 003e 04       		.uleb128 0x4
 452 003f 08       		.byte	0x8
 453 0040 05       		.byte	0x5
 454 0041 B2010000 		.4byte	.LASF1
 455 0045 04       		.uleb128 0x4
 456 0046 08       		.byte	0x8
 457 0047 04       		.byte	0x4
 458 0048 D8010000 		.4byte	.LASF2
 459 004c 04       		.uleb128 0x4
 460 004d 01       		.byte	0x1
 461 004e 06       		.byte	0x6
 462 004f E4010000 		.4byte	.LASF3
 463 0053 04       		.uleb128 0x4
 464 0054 01       		.byte	0x1
 465 0055 08       		.byte	0x8
 466 0056 11010000 		.4byte	.LASF4
 467 005a 04       		.uleb128 0x4
 468 005b 02       		.byte	0x2
 469 005c 05       		.byte	0x5
 470 005d C5010000 		.4byte	.LASF5
 471 0061 04       		.uleb128 0x4
 472 0062 02       		.byte	0x2
 473 0063 07       		.byte	0x7
 474 0064 39000000 		.4byte	.LASF6
 475 0068 04       		.uleb128 0x4
 476 0069 04       		.byte	0x4
 477 006a 05       		.byte	0x5
 478 006b CF010000 		.4byte	.LASF7
 479 006f 04       		.uleb128 0x4
 480 0070 04       		.byte	0x4
 481 0071 07       		.byte	0x7
 482 0072 61000000 		.4byte	.LASF8
 483 0076 04       		.uleb128 0x4
 484 0077 08       		.byte	0x8
 485 0078 07       		.byte	0x7
 486 0079 85010000 		.4byte	.LASF9
 487 007d 04       		.uleb128 0x4
 488 007e 04       		.byte	0x4
ARM GAS  C:\Users\vanil\AppData\Local\Temp\ccUjHL4O.s 			page 15


 489 007f 07       		.byte	0x7
 490 0080 A9010000 		.4byte	.LASF10
 491 0084 05       		.uleb128 0x5
 492 0085 04       		.byte	0x4
 493 0086 04       		.uleb128 0x4
 494 0087 01       		.byte	0x1
 495 0088 08       		.byte	0x8
 496 0089 C0010000 		.4byte	.LASF11
 497 008d 06       		.uleb128 0x6
 498 008e 73000000 		.4byte	.LASF13
 499 0092 03       		.byte	0x3
 500 0093 E401     		.2byte	0x1e4
 501 0095 53000000 		.4byte	0x53
 502 0099 06       		.uleb128 0x6
 503 009a 33010000 		.4byte	.LASF14
 504 009e 03       		.byte	0x3
 505 009f E501     		.2byte	0x1e5
 506 00a1 61000000 		.4byte	0x61
 507 00a5 06       		.uleb128 0x6
 508 00a6 3A010000 		.4byte	.LASF15
 509 00aa 03       		.byte	0x3
 510 00ab E601     		.2byte	0x1e6
 511 00ad 6F000000 		.4byte	0x6f
 512 00b1 04       		.uleb128 0x4
 513 00b2 04       		.byte	0x4
 514 00b3 04       		.byte	0x4
 515 00b4 4C000000 		.4byte	.LASF16
 516 00b8 04       		.uleb128 0x4
 517 00b9 08       		.byte	0x8
 518 00ba 04       		.byte	0x4
 519 00bb 1F010000 		.4byte	.LASF17
 520 00bf 06       		.uleb128 0x6
 521 00c0 5C000000 		.4byte	.LASF18
 522 00c4 03       		.byte	0x3
 523 00c5 8E02     		.2byte	0x28e
 524 00c7 CB000000 		.4byte	0xcb
 525 00cb 07       		.uleb128 0x7
 526 00cc 8D000000 		.4byte	0x8d
 527 00d0 06       		.uleb128 0x6
 528 00d1 00000000 		.4byte	.LASF19
 529 00d5 03       		.byte	0x3
 530 00d6 9002     		.2byte	0x290
 531 00d8 DC000000 		.4byte	0xdc
 532 00dc 07       		.uleb128 0x7
 533 00dd A5000000 		.4byte	0xa5
 534 00e1 08       		.uleb128 0x8
 535 00e2 79000000 		.4byte	.LASF20
 536 00e6 01       		.byte	0x1
 537 00e7 4A       		.byte	0x4a
 538 00e8 00000000 		.4byte	.LFB2
 539 00ec 1E000000 		.4byte	.LFE2-.LFB2
 540 00f0 01       		.uleb128 0x1
 541 00f1 9C       		.byte	0x9c
 542 00f2 0F010000 		.4byte	0x10f
 543 00f6 09       		.uleb128 0x9
 544 00f7 7300     		.ascii	"s\000"
 545 00f9 01       		.byte	0x1
ARM GAS  C:\Users\vanil\AppData\Local\Temp\ccUjHL4O.s 			page 16


 546 00fa 4A       		.byte	0x4a
 547 00fb 84000000 		.4byte	0x84
 548 00ff 02       		.uleb128 0x2
 549 0100 91       		.byte	0x91
 550 0101 74       		.sleb128 -12
 551 0102 09       		.uleb128 0x9
 552 0103 6E00     		.ascii	"n\000"
 553 0105 01       		.byte	0x1
 554 0106 4A       		.byte	0x4a
 555 0107 2C000000 		.4byte	0x2c
 556 010b 02       		.uleb128 0x2
 557 010c 91       		.byte	0x91
 558 010d 70       		.sleb128 -16
 559 010e 00       		.byte	0
 560 010f 08       		.uleb128 0x8
 561 0110 26020000 		.4byte	.LASF21
 562 0114 01       		.byte	0x1
 563 0115 51       		.byte	0x51
 564 0116 00000000 		.4byte	.LFB3
 565 011a 20000000 		.4byte	.LFE3-.LFB3
 566 011e 01       		.uleb128 0x1
 567 011f 9C       		.byte	0x9c
 568 0120 4D010000 		.4byte	0x14d
 569 0124 0A       		.uleb128 0xa
 570 0125 52000000 		.4byte	.LASF22
 571 0129 01       		.byte	0x1
 572 012a 51       		.byte	0x51
 573 012b 84000000 		.4byte	0x84
 574 012f 02       		.uleb128 0x2
 575 0130 91       		.byte	0x91
 576 0131 74       		.sleb128 -12
 577 0132 09       		.uleb128 0x9
 578 0133 73726300 		.ascii	"src\000"
 579 0137 01       		.byte	0x1
 580 0138 51       		.byte	0x51
 581 0139 4D010000 		.4byte	0x14d
 582 013d 02       		.uleb128 0x2
 583 013e 91       		.byte	0x91
 584 013f 70       		.sleb128 -16
 585 0140 09       		.uleb128 0x9
 586 0141 6E00     		.ascii	"n\000"
 587 0143 01       		.byte	0x1
 588 0144 51       		.byte	0x51
 589 0145 2C000000 		.4byte	0x2c
 590 0149 02       		.uleb128 0x2
 591 014a 91       		.byte	0x91
 592 014b 6C       		.sleb128 -20
 593 014c 00       		.byte	0
 594 014d 0B       		.uleb128 0xb
 595 014e 04       		.byte	0x4
 596 014f 53010000 		.4byte	0x153
 597 0153 0C       		.uleb128 0xc
 598 0154 08       		.uleb128 0x8
 599 0155 16020000 		.4byte	.LASF23
 600 0159 01       		.byte	0x1
 601 015a 58       		.byte	0x58
 602 015b 00000000 		.4byte	.LFB4
ARM GAS  C:\Users\vanil\AppData\Local\Temp\ccUjHL4O.s 			page 17


 603 015f 20000000 		.4byte	.LFE4-.LFB4
 604 0163 01       		.uleb128 0x1
 605 0164 9C       		.byte	0x9c
 606 0165 92010000 		.4byte	0x192
 607 0169 0A       		.uleb128 0xa
 608 016a 52000000 		.4byte	.LASF22
 609 016e 01       		.byte	0x1
 610 016f 58       		.byte	0x58
 611 0170 84000000 		.4byte	0x84
 612 0174 02       		.uleb128 0x2
 613 0175 91       		.byte	0x91
 614 0176 74       		.sleb128 -12
 615 0177 09       		.uleb128 0x9
 616 0178 73726300 		.ascii	"src\000"
 617 017c 01       		.byte	0x1
 618 017d 58       		.byte	0x58
 619 017e 4D010000 		.4byte	0x14d
 620 0182 02       		.uleb128 0x2
 621 0183 91       		.byte	0x91
 622 0184 70       		.sleb128 -16
 623 0185 09       		.uleb128 0x9
 624 0186 6E00     		.ascii	"n\000"
 625 0188 01       		.byte	0x1
 626 0189 58       		.byte	0x58
 627 018a 2C000000 		.4byte	0x2c
 628 018e 02       		.uleb128 0x2
 629 018f 91       		.byte	0x91
 630 0190 6C       		.sleb128 -20
 631 0191 00       		.byte	0
 632 0192 0D       		.uleb128 0xd
 633 0193 2E000000 		.4byte	.LASF24
 634 0197 01       		.byte	0x1
 635 0198 A8       		.byte	0xa8
 636 0199 00000000 		.4byte	.LFB5
 637 019d A8000000 		.4byte	.LFE5-.LFB5
 638 01a1 01       		.uleb128 0x1
 639 01a2 9C       		.byte	0x9c
 640 01a3 0E       		.uleb128 0xe
 641 01a4 0D000000 		.4byte	.LASF25
 642 01a8 01       		.byte	0x1
 643 01a9 E4       		.byte	0xe4
 644 01aa 00000000 		.4byte	.LFB6
 645 01ae 28000000 		.4byte	.LFE6-.LFB6
 646 01b2 01       		.uleb128 0x1
 647 01b3 9C       		.byte	0x9c
 648 01b4 0F       		.uleb128 0xf
 649 01b5 26010000 		.4byte	.LASF33
 650 01b9 01       		.byte	0x1
 651 01ba FF       		.byte	0xff
 652 01bb A8000000 		.4byte	.LFB7
 653 01bf BC000000 		.4byte	.LFE7-.LFB7
 654 01c3 01       		.uleb128 0x1
 655 01c4 9C       		.byte	0x9c
 656 01c5 10       		.uleb128 0x10
 657 01c6 B6000000 		.4byte	.LBB2
 658 01ca 7A000000 		.4byte	.LBE2-.LBB2
 659 01ce 11       		.uleb128 0x11
ARM GAS  C:\Users\vanil\AppData\Local\Temp\ccUjHL4O.s 			page 18


 660 01cf 06       		.byte	0x6
 661 01d0 01       		.byte	0x1
 662 01d1 0801     		.2byte	0x108
 663 01d3 F2010000 		.4byte	0x1f2
 664 01d7 12       		.uleb128 0x12
 665 01d8 7D010000 		.4byte	.LASF26
 666 01dc 01       		.byte	0x1
 667 01dd 0901     		.2byte	0x109
 668 01df 84000000 		.4byte	0x84
 669 01e3 00       		.byte	0
 670 01e4 12       		.uleb128 0x12
 671 01e5 57000000 		.4byte	.LASF27
 672 01e9 01       		.byte	0x1
 673 01ea 0A01     		.2byte	0x10a
 674 01ec 99000000 		.4byte	0x99
 675 01f0 04       		.byte	0x4
 676 01f1 00       		.byte	0
 677 01f2 06       		.uleb128 0x6
 678 01f3 9C010000 		.4byte	.LASF28
 679 01f7 01       		.byte	0x1
 680 01f8 0B01     		.2byte	0x10b
 681 01fa CE010000 		.4byte	0x1ce
 682 01fe 13       		.uleb128 0x13
 683 01ff 0E020000 		.4byte	0x20e
 684 0203 0E020000 		.4byte	0x20e
 685 0207 14       		.uleb128 0x14
 686 0208 7D000000 		.4byte	0x7d
 687 020c 01       		.byte	0x1
 688 020d 00       		.byte	0
 689 020e 15       		.uleb128 0x15
 690 020f F2010000 		.4byte	0x1f2
 691 0213 16       		.uleb128 0x16
 692 0214 1E000000 		.4byte	.LASF29
 693 0218 01       		.byte	0x1
 694 0219 0D01     		.2byte	0x10d
 695 021b 25020000 		.4byte	0x225
 696 021f 05       		.uleb128 0x5
 697 0220 03       		.byte	0x3
 698 0221 00000000 		.4byte	cfg_memset_list.4893
 699 0225 15       		.uleb128 0x15
 700 0226 FE010000 		.4byte	0x1fe
 701 022a 17       		.uleb128 0x17
 702 022b 6900     		.ascii	"i\000"
 703 022d 01       		.byte	0x1
 704 022e 1301     		.2byte	0x113
 705 0230 8D000000 		.4byte	0x8d
 706 0234 02       		.uleb128 0x2
 707 0235 91       		.byte	0x91
 708 0236 77       		.sleb128 -9
 709 0237 10       		.uleb128 0x10
 710 0238 BE000000 		.4byte	.LBB3
 711 023c 3C000000 		.4byte	.LBE3-.LBB3
 712 0240 17       		.uleb128 0x17
 713 0241 6D7300   		.ascii	"ms\000"
 714 0244 01       		.byte	0x1
 715 0245 1801     		.2byte	0x118
 716 0247 4E020000 		.4byte	0x24e
ARM GAS  C:\Users\vanil\AppData\Local\Temp\ccUjHL4O.s 			page 19


 717 024b 02       		.uleb128 0x2
 718 024c 91       		.byte	0x91
 719 024d 70       		.sleb128 -16
 720 024e 0B       		.uleb128 0xb
 721 024f 04       		.byte	0x4
 722 0250 0E020000 		.4byte	0x20e
 723 0254 00       		.byte	0
 724 0255 00       		.byte	0
 725 0256 00       		.byte	0
 726 0257 00       		.byte	0
 727              		.section	.debug_abbrev,"",%progbits
 728              	.Ldebug_abbrev0:
 729 0000 01       		.uleb128 0x1
 730 0001 11       		.uleb128 0x11
 731 0002 01       		.byte	0x1
 732 0003 25       		.uleb128 0x25
 733 0004 0E       		.uleb128 0xe
 734 0005 13       		.uleb128 0x13
 735 0006 0B       		.uleb128 0xb
 736 0007 03       		.uleb128 0x3
 737 0008 0E       		.uleb128 0xe
 738 0009 1B       		.uleb128 0x1b
 739 000a 0E       		.uleb128 0xe
 740 000b 55       		.uleb128 0x55
 741 000c 17       		.uleb128 0x17
 742 000d 11       		.uleb128 0x11
 743 000e 01       		.uleb128 0x1
 744 000f 10       		.uleb128 0x10
 745 0010 17       		.uleb128 0x17
 746 0011 00       		.byte	0
 747 0012 00       		.byte	0
 748 0013 02       		.uleb128 0x2
 749 0014 24       		.uleb128 0x24
 750 0015 00       		.byte	0
 751 0016 0B       		.uleb128 0xb
 752 0017 0B       		.uleb128 0xb
 753 0018 3E       		.uleb128 0x3e
 754 0019 0B       		.uleb128 0xb
 755 001a 03       		.uleb128 0x3
 756 001b 08       		.uleb128 0x8
 757 001c 00       		.byte	0
 758 001d 00       		.byte	0
 759 001e 03       		.uleb128 0x3
 760 001f 16       		.uleb128 0x16
 761 0020 00       		.byte	0
 762 0021 03       		.uleb128 0x3
 763 0022 0E       		.uleb128 0xe
 764 0023 3A       		.uleb128 0x3a
 765 0024 0B       		.uleb128 0xb
 766 0025 3B       		.uleb128 0x3b
 767 0026 0B       		.uleb128 0xb
 768 0027 49       		.uleb128 0x49
 769 0028 13       		.uleb128 0x13
 770 0029 00       		.byte	0
 771 002a 00       		.byte	0
 772 002b 04       		.uleb128 0x4
 773 002c 24       		.uleb128 0x24
ARM GAS  C:\Users\vanil\AppData\Local\Temp\ccUjHL4O.s 			page 20


 774 002d 00       		.byte	0
 775 002e 0B       		.uleb128 0xb
 776 002f 0B       		.uleb128 0xb
 777 0030 3E       		.uleb128 0x3e
 778 0031 0B       		.uleb128 0xb
 779 0032 03       		.uleb128 0x3
 780 0033 0E       		.uleb128 0xe
 781 0034 00       		.byte	0
 782 0035 00       		.byte	0
 783 0036 05       		.uleb128 0x5
 784 0037 0F       		.uleb128 0xf
 785 0038 00       		.byte	0
 786 0039 0B       		.uleb128 0xb
 787 003a 0B       		.uleb128 0xb
 788 003b 00       		.byte	0
 789 003c 00       		.byte	0
 790 003d 06       		.uleb128 0x6
 791 003e 16       		.uleb128 0x16
 792 003f 00       		.byte	0
 793 0040 03       		.uleb128 0x3
 794 0041 0E       		.uleb128 0xe
 795 0042 3A       		.uleb128 0x3a
 796 0043 0B       		.uleb128 0xb
 797 0044 3B       		.uleb128 0x3b
 798 0045 05       		.uleb128 0x5
 799 0046 49       		.uleb128 0x49
 800 0047 13       		.uleb128 0x13
 801 0048 00       		.byte	0
 802 0049 00       		.byte	0
 803 004a 07       		.uleb128 0x7
 804 004b 35       		.uleb128 0x35
 805 004c 00       		.byte	0
 806 004d 49       		.uleb128 0x49
 807 004e 13       		.uleb128 0x13
 808 004f 00       		.byte	0
 809 0050 00       		.byte	0
 810 0051 08       		.uleb128 0x8
 811 0052 2E       		.uleb128 0x2e
 812 0053 01       		.byte	0x1
 813 0054 03       		.uleb128 0x3
 814 0055 0E       		.uleb128 0xe
 815 0056 3A       		.uleb128 0x3a
 816 0057 0B       		.uleb128 0xb
 817 0058 3B       		.uleb128 0x3b
 818 0059 0B       		.uleb128 0xb
 819 005a 27       		.uleb128 0x27
 820 005b 19       		.uleb128 0x19
 821 005c 11       		.uleb128 0x11
 822 005d 01       		.uleb128 0x1
 823 005e 12       		.uleb128 0x12
 824 005f 06       		.uleb128 0x6
 825 0060 40       		.uleb128 0x40
 826 0061 18       		.uleb128 0x18
 827 0062 9642     		.uleb128 0x2116
 828 0064 19       		.uleb128 0x19
 829 0065 01       		.uleb128 0x1
 830 0066 13       		.uleb128 0x13
ARM GAS  C:\Users\vanil\AppData\Local\Temp\ccUjHL4O.s 			page 21


 831 0067 00       		.byte	0
 832 0068 00       		.byte	0
 833 0069 09       		.uleb128 0x9
 834 006a 05       		.uleb128 0x5
 835 006b 00       		.byte	0
 836 006c 03       		.uleb128 0x3
 837 006d 08       		.uleb128 0x8
 838 006e 3A       		.uleb128 0x3a
 839 006f 0B       		.uleb128 0xb
 840 0070 3B       		.uleb128 0x3b
 841 0071 0B       		.uleb128 0xb
 842 0072 49       		.uleb128 0x49
 843 0073 13       		.uleb128 0x13
 844 0074 02       		.uleb128 0x2
 845 0075 18       		.uleb128 0x18
 846 0076 00       		.byte	0
 847 0077 00       		.byte	0
 848 0078 0A       		.uleb128 0xa
 849 0079 05       		.uleb128 0x5
 850 007a 00       		.byte	0
 851 007b 03       		.uleb128 0x3
 852 007c 0E       		.uleb128 0xe
 853 007d 3A       		.uleb128 0x3a
 854 007e 0B       		.uleb128 0xb
 855 007f 3B       		.uleb128 0x3b
 856 0080 0B       		.uleb128 0xb
 857 0081 49       		.uleb128 0x49
 858 0082 13       		.uleb128 0x13
 859 0083 02       		.uleb128 0x2
 860 0084 18       		.uleb128 0x18
 861 0085 00       		.byte	0
 862 0086 00       		.byte	0
 863 0087 0B       		.uleb128 0xb
 864 0088 0F       		.uleb128 0xf
 865 0089 00       		.byte	0
 866 008a 0B       		.uleb128 0xb
 867 008b 0B       		.uleb128 0xb
 868 008c 49       		.uleb128 0x49
 869 008d 13       		.uleb128 0x13
 870 008e 00       		.byte	0
 871 008f 00       		.byte	0
 872 0090 0C       		.uleb128 0xc
 873 0091 26       		.uleb128 0x26
 874 0092 00       		.byte	0
 875 0093 00       		.byte	0
 876 0094 00       		.byte	0
 877 0095 0D       		.uleb128 0xd
 878 0096 2E       		.uleb128 0x2e
 879 0097 00       		.byte	0
 880 0098 03       		.uleb128 0x3
 881 0099 0E       		.uleb128 0xe
 882 009a 3A       		.uleb128 0x3a
 883 009b 0B       		.uleb128 0xb
 884 009c 3B       		.uleb128 0x3b
 885 009d 0B       		.uleb128 0xb
 886 009e 27       		.uleb128 0x27
 887 009f 19       		.uleb128 0x19
ARM GAS  C:\Users\vanil\AppData\Local\Temp\ccUjHL4O.s 			page 22


 888 00a0 11       		.uleb128 0x11
 889 00a1 01       		.uleb128 0x1
 890 00a2 12       		.uleb128 0x12
 891 00a3 06       		.uleb128 0x6
 892 00a4 40       		.uleb128 0x40
 893 00a5 18       		.uleb128 0x18
 894 00a6 9642     		.uleb128 0x2116
 895 00a8 19       		.uleb128 0x19
 896 00a9 00       		.byte	0
 897 00aa 00       		.byte	0
 898 00ab 0E       		.uleb128 0xe
 899 00ac 2E       		.uleb128 0x2e
 900 00ad 00       		.byte	0
 901 00ae 03       		.uleb128 0x3
 902 00af 0E       		.uleb128 0xe
 903 00b0 3A       		.uleb128 0x3a
 904 00b1 0B       		.uleb128 0xb
 905 00b2 3B       		.uleb128 0x3b
 906 00b3 0B       		.uleb128 0xb
 907 00b4 27       		.uleb128 0x27
 908 00b5 19       		.uleb128 0x19
 909 00b6 11       		.uleb128 0x11
 910 00b7 01       		.uleb128 0x1
 911 00b8 12       		.uleb128 0x12
 912 00b9 06       		.uleb128 0x6
 913 00ba 40       		.uleb128 0x40
 914 00bb 18       		.uleb128 0x18
 915 00bc 9742     		.uleb128 0x2117
 916 00be 19       		.uleb128 0x19
 917 00bf 00       		.byte	0
 918 00c0 00       		.byte	0
 919 00c1 0F       		.uleb128 0xf
 920 00c2 2E       		.uleb128 0x2e
 921 00c3 01       		.byte	0x1
 922 00c4 3F       		.uleb128 0x3f
 923 00c5 19       		.uleb128 0x19
 924 00c6 03       		.uleb128 0x3
 925 00c7 0E       		.uleb128 0xe
 926 00c8 3A       		.uleb128 0x3a
 927 00c9 0B       		.uleb128 0xb
 928 00ca 3B       		.uleb128 0x3b
 929 00cb 0B       		.uleb128 0xb
 930 00cc 27       		.uleb128 0x27
 931 00cd 19       		.uleb128 0x19
 932 00ce 11       		.uleb128 0x11
 933 00cf 01       		.uleb128 0x1
 934 00d0 12       		.uleb128 0x12
 935 00d1 06       		.uleb128 0x6
 936 00d2 40       		.uleb128 0x40
 937 00d3 18       		.uleb128 0x18
 938 00d4 9642     		.uleb128 0x2116
 939 00d6 19       		.uleb128 0x19
 940 00d7 00       		.byte	0
 941 00d8 00       		.byte	0
 942 00d9 10       		.uleb128 0x10
 943 00da 0B       		.uleb128 0xb
 944 00db 01       		.byte	0x1
ARM GAS  C:\Users\vanil\AppData\Local\Temp\ccUjHL4O.s 			page 23


 945 00dc 11       		.uleb128 0x11
 946 00dd 01       		.uleb128 0x1
 947 00de 12       		.uleb128 0x12
 948 00df 06       		.uleb128 0x6
 949 00e0 00       		.byte	0
 950 00e1 00       		.byte	0
 951 00e2 11       		.uleb128 0x11
 952 00e3 13       		.uleb128 0x13
 953 00e4 01       		.byte	0x1
 954 00e5 0B       		.uleb128 0xb
 955 00e6 0B       		.uleb128 0xb
 956 00e7 3A       		.uleb128 0x3a
 957 00e8 0B       		.uleb128 0xb
 958 00e9 3B       		.uleb128 0x3b
 959 00ea 05       		.uleb128 0x5
 960 00eb 01       		.uleb128 0x1
 961 00ec 13       		.uleb128 0x13
 962 00ed 00       		.byte	0
 963 00ee 00       		.byte	0
 964 00ef 12       		.uleb128 0x12
 965 00f0 0D       		.uleb128 0xd
 966 00f1 00       		.byte	0
 967 00f2 03       		.uleb128 0x3
 968 00f3 0E       		.uleb128 0xe
 969 00f4 3A       		.uleb128 0x3a
 970 00f5 0B       		.uleb128 0xb
 971 00f6 3B       		.uleb128 0x3b
 972 00f7 05       		.uleb128 0x5
 973 00f8 49       		.uleb128 0x49
 974 00f9 13       		.uleb128 0x13
 975 00fa 38       		.uleb128 0x38
 976 00fb 0B       		.uleb128 0xb
 977 00fc 00       		.byte	0
 978 00fd 00       		.byte	0
 979 00fe 13       		.uleb128 0x13
 980 00ff 01       		.uleb128 0x1
 981 0100 01       		.byte	0x1
 982 0101 49       		.uleb128 0x49
 983 0102 13       		.uleb128 0x13
 984 0103 01       		.uleb128 0x1
 985 0104 13       		.uleb128 0x13
 986 0105 00       		.byte	0
 987 0106 00       		.byte	0
 988 0107 14       		.uleb128 0x14
 989 0108 21       		.uleb128 0x21
 990 0109 00       		.byte	0
 991 010a 49       		.uleb128 0x49
 992 010b 13       		.uleb128 0x13
 993 010c 2F       		.uleb128 0x2f
 994 010d 0B       		.uleb128 0xb
 995 010e 00       		.byte	0
 996 010f 00       		.byte	0
 997 0110 15       		.uleb128 0x15
 998 0111 26       		.uleb128 0x26
 999 0112 00       		.byte	0
 1000 0113 49       		.uleb128 0x49
 1001 0114 13       		.uleb128 0x13
ARM GAS  C:\Users\vanil\AppData\Local\Temp\ccUjHL4O.s 			page 24


 1002 0115 00       		.byte	0
 1003 0116 00       		.byte	0
 1004 0117 16       		.uleb128 0x16
 1005 0118 34       		.uleb128 0x34
 1006 0119 00       		.byte	0
 1007 011a 03       		.uleb128 0x3
 1008 011b 0E       		.uleb128 0xe
 1009 011c 3A       		.uleb128 0x3a
 1010 011d 0B       		.uleb128 0xb
 1011 011e 3B       		.uleb128 0x3b
 1012 011f 05       		.uleb128 0x5
 1013 0120 49       		.uleb128 0x49
 1014 0121 13       		.uleb128 0x13
 1015 0122 02       		.uleb128 0x2
 1016 0123 18       		.uleb128 0x18
 1017 0124 00       		.byte	0
 1018 0125 00       		.byte	0
 1019 0126 17       		.uleb128 0x17
 1020 0127 34       		.uleb128 0x34
 1021 0128 00       		.byte	0
 1022 0129 03       		.uleb128 0x3
 1023 012a 08       		.uleb128 0x8
 1024 012b 3A       		.uleb128 0x3a
 1025 012c 0B       		.uleb128 0xb
 1026 012d 3B       		.uleb128 0x3b
 1027 012e 05       		.uleb128 0x5
 1028 012f 49       		.uleb128 0x49
 1029 0130 13       		.uleb128 0x13
 1030 0131 02       		.uleb128 0x2
 1031 0132 18       		.uleb128 0x18
 1032 0133 00       		.byte	0
 1033 0134 00       		.byte	0
 1034 0135 00       		.byte	0
 1035              		.section	.debug_aranges,"",%progbits
 1036 0000 44000000 		.4byte	0x44
 1037 0004 0200     		.2byte	0x2
 1038 0006 00000000 		.4byte	.Ldebug_info0
 1039 000a 04       		.byte	0x4
 1040 000b 00       		.byte	0
 1041 000c 0000     		.2byte	0
 1042 000e 0000     		.2byte	0
 1043 0010 00000000 		.4byte	.LFB2
 1044 0014 1E000000 		.4byte	.LFE2-.LFB2
 1045 0018 00000000 		.4byte	.LFB3
 1046 001c 20000000 		.4byte	.LFE3-.LFB3
 1047 0020 00000000 		.4byte	.LFB4
 1048 0024 20000000 		.4byte	.LFE4-.LFB4
 1049 0028 00000000 		.4byte	.LFB5
 1050 002c A8000000 		.4byte	.LFE5-.LFB5
 1051 0030 00000000 		.4byte	.LFB6
 1052 0034 28000000 		.4byte	.LFE6-.LFB6
 1053 0038 A8000000 		.4byte	.LFB7
 1054 003c BC000000 		.4byte	.LFE7-.LFB7
 1055 0040 00000000 		.4byte	0
 1056 0044 00000000 		.4byte	0
 1057              		.section	.debug_ranges,"",%progbits
 1058              	.Ldebug_ranges0:
ARM GAS  C:\Users\vanil\AppData\Local\Temp\ccUjHL4O.s 			page 25


 1059 0000 00000000 		.4byte	.LFB2
 1060 0004 1E000000 		.4byte	.LFE2
 1061 0008 00000000 		.4byte	.LFB3
 1062 000c 20000000 		.4byte	.LFE3
 1063 0010 00000000 		.4byte	.LFB4
 1064 0014 20000000 		.4byte	.LFE4
 1065 0018 00000000 		.4byte	.LFB5
 1066 001c A8000000 		.4byte	.LFE5
 1067 0020 00000000 		.4byte	.LFB6
 1068 0024 28000000 		.4byte	.LFE6
 1069 0028 A8000000 		.4byte	.LFB7
 1070 002c 64010000 		.4byte	.LFE7
 1071 0030 00000000 		.4byte	0
 1072 0034 00000000 		.4byte	0
 1073              		.section	.debug_line,"",%progbits
 1074              	.Ldebug_line0:
 1075 0000 5C010000 		.section	.debug_str,"MS",%progbits,1
 1075      0200C400 
 1075      00000201 
 1075      FB0E0D00 
 1075      01010101 
 1076              	.LASF19:
 1077 0000 72656733 		.ascii	"reg32\000"
 1077      3200
 1078              	.LASF12:
 1079 0006 73697A65 		.ascii	"size_t\000"
 1079      5F7400
 1080              	.LASF25:
 1081 000d 416E616C 		.ascii	"AnalogSetDefault\000"
 1081      6F675365 
 1081      74446566 
 1081      61756C74 
 1081      00
 1082              	.LASF29:
 1083 001e 6366675F 		.ascii	"cfg_memset_list\000"
 1083      6D656D73 
 1083      65745F6C 
 1083      69737400 
 1084              	.LASF24:
 1085 002e 436C6F63 		.ascii	"ClockSetup\000"
 1085      6B536574 
 1085      757000
 1086              	.LASF6:
 1087 0039 73686F72 		.ascii	"short unsigned int\000"
 1087      7420756E 
 1087      7369676E 
 1087      65642069 
 1087      6E7400
 1088              	.LASF16:
 1089 004c 666C6F61 		.ascii	"float\000"
 1089      7400
 1090              	.LASF22:
 1091 0052 64657374 		.ascii	"dest\000"
 1091      00
 1092              	.LASF27:
 1093 0057 73697A65 		.ascii	"size\000"
 1093      00
ARM GAS  C:\Users\vanil\AppData\Local\Temp\ccUjHL4O.s 			page 26


 1094              	.LASF18:
 1095 005c 72656738 		.ascii	"reg8\000"
 1095      00
 1096              	.LASF8:
 1097 0061 6C6F6E67 		.ascii	"long unsigned int\000"
 1097      20756E73 
 1097      69676E65 
 1097      6420696E 
 1097      7400
 1098              	.LASF13:
 1099 0073 75696E74 		.ascii	"uint8\000"
 1099      3800
 1100              	.LASF20:
 1101 0079 43594D45 		.ascii	"CYMEMZERO\000"
 1101      4D5A4552 
 1101      4F00
 1102              	.LASF30:
 1103 0083 474E5520 		.ascii	"GNU C11 5.4.1 20160609 (release) [ARM/embedded-5-br"
 1103      43313120 
 1103      352E342E 
 1103      31203230 
 1103      31363036 
 1104 00b6 616E6368 		.ascii	"anch revision 237715] -mcpu=cortex-m0 -mthumb -g -O"
 1104      20726576 
 1104      6973696F 
 1104      6E203233 
 1104      37373135 
 1105 00e9 30202D66 		.ascii	"0 -ffunction-sections -ffat-lto-objects\000"
 1105      66756E63 
 1105      74696F6E 
 1105      2D736563 
 1105      74696F6E 
 1106              	.LASF4:
 1107 0111 756E7369 		.ascii	"unsigned char\000"
 1107      676E6564 
 1107      20636861 
 1107      7200
 1108              	.LASF17:
 1109 011f 646F7562 		.ascii	"double\000"
 1109      6C6500
 1110              	.LASF33:
 1111 0126 63796669 		.ascii	"cyfitter_cfg\000"
 1111      74746572 
 1111      5F636667 
 1111      00
 1112              	.LASF14:
 1113 0133 75696E74 		.ascii	"uint16\000"
 1113      313600
 1114              	.LASF15:
 1115 013a 75696E74 		.ascii	"uint32\000"
 1115      333200
 1116              	.LASF32:
 1117 0141 443A5C50 		.ascii	"D:\\POK_project\\PsoC\\LABs_BLE\\Lab_1_1_LED.cydsn\000"
 1117      4F4B5F70 
 1117      726F6A65 
 1117      63745C50 
 1117      736F435C 
ARM GAS  C:\Users\vanil\AppData\Local\Temp\ccUjHL4O.s 			page 27


 1118              	.LASF0:
 1119 0170 756E7369 		.ascii	"unsigned int\000"
 1119      676E6564 
 1119      20696E74 
 1119      00
 1120              	.LASF26:
 1121 017d 61646472 		.ascii	"address\000"
 1121      65737300 
 1122              	.LASF9:
 1123 0185 6C6F6E67 		.ascii	"long long unsigned int\000"
 1123      206C6F6E 
 1123      6720756E 
 1123      7369676E 
 1123      65642069 
 1124              	.LASF28:
 1125 019c 6366675F 		.ascii	"cfg_memset_t\000"
 1125      6D656D73 
 1125      65745F74 
 1125      00
 1126              	.LASF10:
 1127 01a9 73697A65 		.ascii	"sizetype\000"
 1127      74797065 
 1127      00
 1128              	.LASF1:
 1129 01b2 6C6F6E67 		.ascii	"long long int\000"
 1129      206C6F6E 
 1129      6720696E 
 1129      7400
 1130              	.LASF11:
 1131 01c0 63686172 		.ascii	"char\000"
 1131      00
 1132              	.LASF5:
 1133 01c5 73686F72 		.ascii	"short int\000"
 1133      7420696E 
 1133      7400
 1134              	.LASF7:
 1135 01cf 6C6F6E67 		.ascii	"long int\000"
 1135      20696E74 
 1135      00
 1136              	.LASF2:
 1137 01d8 6C6F6E67 		.ascii	"long double\000"
 1137      20646F75 
 1137      626C6500 
 1138              	.LASF3:
 1139 01e4 7369676E 		.ascii	"signed char\000"
 1139      65642063 
 1139      68617200 
 1140              	.LASF31:
 1141 01f0 47656E65 		.ascii	"Generated_Source\\PSoC4\\cyfitter_cfg.c\000"
 1141      72617465 
 1141      645F536F 
 1141      75726365 
 1141      5C50536F 
 1142              	.LASF23:
 1143 0216 4359434F 		.ascii	"CYCONFIGCPYCODE\000"
 1143      4E464947 
 1143      43505943 
ARM GAS  C:\Users\vanil\AppData\Local\Temp\ccUjHL4O.s 			page 28


 1143      4F444500 
 1144              	.LASF21:
 1145 0226 4359434F 		.ascii	"CYCONFIGCPY\000"
 1145      4E464947 
 1145      43505900 
 1146              		.ident	"GCC: (GNU Tools for ARM Embedded Processors) 5.4.1 20160609 (release) [ARM/embedded-5-bran
