Archive member included to satisfy reference by file (symbol)

.\CortexM0\ARM_GCC_541\Debug\Lab_1_3_LED.a(CyLib.o)
                              .\CortexM0\ARM_GCC_541\Debug\cyfitter_cfg.o (CyIntEnable)
.\CortexM0\ARM_GCC_541\Debug\Lab_1_3_LED.a(CyLFClk.o)
                              .\CortexM0\ARM_GCC_541\Debug\cyfitter_cfg.o (CySysClkWcoStart)
.\CortexM0\ARM_GCC_541\Debug\Lab_1_3_LED.a(PWM.o)
                              .\CortexM0\ARM_GCC_541\Debug\main.o (PWM_WriteCompare)
.\CortexM0\ARM_GCC_541\Debug\Lab_1_3_LED.a(Clock.o)
                              .\CortexM0\ARM_GCC_541\Debug\main.o (Clock_StartEx)
.\CortexM0\ARM_GCC_541\Debug\Lab_1_3_LED.a(CyBootAsmGnu.o)
                              .\CortexM0\ARM_GCC_541\Debug\Lab_1_3_LED.a(CyLib.o) (CyDelayCycles)
d:/programs/psoccreator/psoc creator/4.2/psoc creator/import/gnu/arm/5.4.1/bin/../lib/gcc/arm-none-eabi/5.4.1/armv6-m\libgcc.a(_udivsi3.o)
                              .\CortexM0\ARM_GCC_541\Debug\Lab_1_3_LED.a(CyLib.o) (__aeabi_uidiv)
d:/programs/psoccreator/psoc creator/4.2/psoc creator/import/gnu/arm/5.4.1/bin/../lib/gcc/arm-none-eabi/5.4.1/armv6-m\libgcc.a(_divsi3.o)
                              .\CortexM0\ARM_GCC_541\Debug\Lab_1_3_LED.a(CyLFClk.o) (__aeabi_idiv)
d:/programs/psoccreator/psoc creator/4.2/psoc creator/import/gnu/arm/5.4.1/bin/../lib/gcc/arm-none-eabi/5.4.1/armv6-m\libgcc.a(_dvmd_tls.o)
                              d:/programs/psoccreator/psoc creator/4.2/psoc creator/import/gnu/arm/5.4.1/bin/../lib/gcc/arm-none-eabi/5.4.1/armv6-m\libgcc.a(_udivsi3.o) (__aeabi_idiv0)
d:/programs/psoccreator/psoc creator/4.2/psoc creator/import/gnu/arm/5.4.1/bin/../lib/gcc/arm-none-eabi/5.4.1/../../../../arm-none-eabi/lib/armv6-m\libg_nano.a(lib_a-errno.o)
                              .\CortexM0\ARM_GCC_541\Debug\Cm0Start.o (__errno)
d:/programs/psoccreator/psoc creator/4.2/psoc creator/import/gnu/arm/5.4.1/bin/../lib/gcc/arm-none-eabi/5.4.1/../../../../arm-none-eabi/lib/armv6-m\libg_nano.a(lib_a-exit.o)
                              d:/programs/psoccreator/psoc creator/4.2/psoc creator/import/gnu/arm/5.4.1/bin/../lib/gcc/arm-none-eabi/5.4.1/../../../../arm-none-eabi/lib/armv6-m/crt0.o (exit)
d:/programs/psoccreator/psoc creator/4.2/psoc creator/import/gnu/arm/5.4.1/bin/../lib/gcc/arm-none-eabi/5.4.1/../../../../arm-none-eabi/lib/armv6-m\libg_nano.a(lib_a-impure.o)
                              d:/programs/psoccreator/psoc creator/4.2/psoc creator/import/gnu/arm/5.4.1/bin/../lib/gcc/arm-none-eabi/5.4.1/../../../../arm-none-eabi/lib/armv6-m\libg_nano.a(lib_a-exit.o) (_global_impure_ptr)
d:/programs/psoccreator/psoc creator/4.2/psoc creator/import/gnu/arm/5.4.1/bin/../lib/gcc/arm-none-eabi/5.4.1/../../../../arm-none-eabi/lib/armv6-m\libg_nano.a(lib_a-init.o)
                              d:/programs/psoccreator/psoc creator/4.2/psoc creator/import/gnu/arm/5.4.1/bin/../lib/gcc/arm-none-eabi/5.4.1/../../../../arm-none-eabi/lib/armv6-m/crt0.o (__libc_init_array)
d:/programs/psoccreator/psoc creator/4.2/psoc creator/import/gnu/arm/5.4.1/bin/../lib/gcc/arm-none-eabi/5.4.1/../../../../arm-none-eabi/lib/armv6-m\libg_nano.a(lib_a-memset.o)
                              d:/programs/psoccreator/psoc creator/4.2/psoc creator/import/gnu/arm/5.4.1/bin/../lib/gcc/arm-none-eabi/5.4.1/../../../../arm-none-eabi/lib/armv6-m/crt0.o (memset)

Discarded input sections

 .text          0x00000000        0x0 d:/programs/psoccreator/psoc creator/4.2/psoc creator/import/gnu/arm/5.4.1/bin/../lib/gcc/arm-none-eabi/5.4.1/armv6-m/crti.o
 .data          0x00000000        0x0 d:/programs/psoccreator/psoc creator/4.2/psoc creator/import/gnu/arm/5.4.1/bin/../lib/gcc/arm-none-eabi/5.4.1/armv6-m/crti.o
 .bss           0x00000000        0x0 d:/programs/psoccreator/psoc creator/4.2/psoc creator/import/gnu/arm/5.4.1/bin/../lib/gcc/arm-none-eabi/5.4.1/armv6-m/crti.o
 .data          0x00000000        0x4 d:/programs/psoccreator/psoc creator/4.2/psoc creator/import/gnu/arm/5.4.1/bin/../lib/gcc/arm-none-eabi/5.4.1/armv6-m/crtbegin.o
 .text          0x00000000       0x78 d:/programs/psoccreator/psoc creator/4.2/psoc creator/import/gnu/arm/5.4.1/bin/../lib/gcc/arm-none-eabi/5.4.1/../../../../arm-none-eabi/lib/armv6-m/crt0.o
 .data          0x00000000        0x0 d:/programs/psoccreator/psoc creator/4.2/psoc creator/import/gnu/arm/5.4.1/bin/../lib/gcc/arm-none-eabi/5.4.1/../../../../arm-none-eabi/lib/armv6-m/crt0.o
 .bss           0x00000000        0x0 d:/programs/psoccreator/psoc creator/4.2/psoc creator/import/gnu/arm/5.4.1/bin/../lib/gcc/arm-none-eabi/5.4.1/../../../../arm-none-eabi/lib/armv6-m/crt0.o
 .ARM.extab     0x00000000        0x0 d:/programs/psoccreator/psoc creator/4.2/psoc creator/import/gnu/arm/5.4.1/bin/../lib/gcc/arm-none-eabi/5.4.1/../../../../arm-none-eabi/lib/armv6-m/crt0.o
 .ARM.exidx     0x00000000        0x8 d:/programs/psoccreator/psoc creator/4.2/psoc creator/import/gnu/arm/5.4.1/bin/../lib/gcc/arm-none-eabi/5.4.1/../../../../arm-none-eabi/lib/armv6-m/crt0.o
 .text          0x00000000        0x0 .\CortexM0\ARM_GCC_541\Debug\main.o
 .data          0x00000000        0x0 .\CortexM0\ARM_GCC_541\Debug\main.o
 .text          0x00000000        0x0 .\CortexM0\ARM_GCC_541\Debug\cyfitter_cfg.o
 .data          0x00000000        0x0 .\CortexM0\ARM_GCC_541\Debug\cyfitter_cfg.o
 .bss           0x00000000        0x0 .\CortexM0\ARM_GCC_541\Debug\cyfitter_cfg.o
 .text          0x00000000        0x0 .\CortexM0\ARM_GCC_541\Debug\cymetadata.o
 .data          0x00000000        0x0 .\CortexM0\ARM_GCC_541\Debug\cymetadata.o
 .bss           0x00000000        0x0 .\CortexM0\ARM_GCC_541\Debug\cymetadata.o
 .text          0x00000000        0x0 .\CortexM0\ARM_GCC_541\Debug\Cm0Start.o
 .data          0x00000000        0x4 .\CortexM0\ARM_GCC_541\Debug\Cm0Start.o
 .bss           0x00000000        0x0 .\CortexM0\ARM_GCC_541\Debug\Cm0Start.o
 .text._exit    0x00000000        0xc .\CortexM0\ARM_GCC_541\Debug\Cm0Start.o
 .text._sbrk    0x00000000       0x30 .\CortexM0\ARM_GCC_541\Debug\Cm0Start.o
 .text          0x00000000        0x0 .\CortexM0\ARM_GCC_541\Debug\Lab_1_3_LED.a(CyLib.o)
 .bss           0x00000000       0x18 .\CortexM0\ARM_GCC_541\Debug\Lab_1_3_LED.a(CyLib.o)
 .text.CySysClkImoStart
                0x00000000       0x14 .\CortexM0\ARM_GCC_541\Debug\Lab_1_3_LED.a(CyLib.o)
 .text.CySysClkImoStop
                0x00000000       0x10 .\CortexM0\ARM_GCC_541\Debug\Lab_1_3_LED.a(CyLib.o)
 .text.CySysClkWriteHfclkDirect
                0x00000000       0x20 .\CortexM0\ARM_GCC_541\Debug\Lab_1_3_LED.a(CyLib.o)
 .text.CySysEnablePumpClock
                0x00000000       0x38 .\CortexM0\ARM_GCC_541\Debug\Lab_1_3_LED.a(CyLib.o)
 .text.CySysClkGetSysclkSource
                0x00000000       0x1c .\CortexM0\ARM_GCC_541\Debug\Lab_1_3_LED.a(CyLib.o)
 .text.CySysClkWriteSysclkDiv
                0x00000000       0x30 .\CortexM0\ARM_GCC_541\Debug\Lab_1_3_LED.a(CyLib.o)
 .text.CySysClkEcoStop
                0x00000000       0x24 .\CortexM0\ARM_GCC_541\Debug\Lab_1_3_LED.a(CyLib.o)
 .text.CySysLvdDisable
                0x00000000       0x20 .\CortexM0\ARM_GCC_541\Debug\Lab_1_3_LED.a(CyLib.o)
 .text.CySysLvdGetInterruptSource
                0x00000000       0x10 .\CortexM0\ARM_GCC_541\Debug\Lab_1_3_LED.a(CyLib.o)
 .text.CySysLvdClearInterrupt
                0x00000000        0xc .\CortexM0\ARM_GCC_541\Debug\Lab_1_3_LED.a(CyLib.o)
 .text.CySysGetResetReason
                0x00000000       0x14 .\CortexM0\ARM_GCC_541\Debug\Lab_1_3_LED.a(CyLib.o)
 .text.CyDisableInts
                0x00000000       0x10 .\CortexM0\ARM_GCC_541\Debug\Lab_1_3_LED.a(CyLib.o)
 .text.CyEnableInts
                0x00000000        0xc .\CortexM0\ARM_GCC_541\Debug\Lab_1_3_LED.a(CyLib.o)
 .text.CyIntGetState
                0x00000000       0x18 .\CortexM0\ARM_GCC_541\Debug\Lab_1_3_LED.a(CyLib.o)
 .text.CyIntDisable
                0x00000000       0x14 .\CortexM0\ARM_GCC_541\Debug\Lab_1_3_LED.a(CyLib.o)
 .text.CyIntSetPending
                0x00000000       0x14 .\CortexM0\ARM_GCC_541\Debug\Lab_1_3_LED.a(CyLib.o)
 .text.CyIntClearPending
                0x00000000       0x14 .\CortexM0\ARM_GCC_541\Debug\Lab_1_3_LED.a(CyLib.o)
 .text.CySysClkWriteEcoDiv
                0x00000000       0x38 .\CortexM0\ARM_GCC_541\Debug\Lab_1_3_LED.a(CyLib.o)
 .text.CyIntSetSysVector
                0x00000000       0x20 .\CortexM0\ARM_GCC_541\Debug\Lab_1_3_LED.a(CyLib.o)
 .text.CyIntGetSysVector
                0x00000000       0x1c .\CortexM0\ARM_GCC_541\Debug\Lab_1_3_LED.a(CyLib.o)
 .text.CyIntGetVector
                0x00000000       0x20 .\CortexM0\ARM_GCC_541\Debug\Lab_1_3_LED.a(CyLib.o)
 .text.CyIntSetPriority
                0x00000000       0x4c .\CortexM0\ARM_GCC_541\Debug\Lab_1_3_LED.a(CyLib.o)
 .text.CyIntGetPriority
                0x00000000       0x2c .\CortexM0\ARM_GCC_541\Debug\Lab_1_3_LED.a(CyLib.o)
 .text.CySoftwareReset
                0x00000000       0x18 .\CortexM0\ARM_GCC_541\Debug\Lab_1_3_LED.a(CyLib.o)
 .text.CySysLvdEnable
                0x00000000       0x44 .\CortexM0\ARM_GCC_541\Debug\Lab_1_3_LED.a(CyLib.o)
 .text.CyDelayFreq
                0x00000000       0x4c .\CortexM0\ARM_GCC_541\Debug\Lab_1_3_LED.a(CyLib.o)
 .text.CySysTickStop
                0x00000000       0x10 .\CortexM0\ARM_GCC_541\Debug\Lab_1_3_LED.a(CyLib.o)
 .text.CySysTickEnableInterrupt
                0x00000000       0x10 .\CortexM0\ARM_GCC_541\Debug\Lab_1_3_LED.a(CyLib.o)
 .text.CySysTickEnable
                0x00000000       0x18 .\CortexM0\ARM_GCC_541\Debug\Lab_1_3_LED.a(CyLib.o)
 .text.CySysTickDisableInterrupt
                0x00000000       0x10 .\CortexM0\ARM_GCC_541\Debug\Lab_1_3_LED.a(CyLib.o)
 .text.CySysTickSetReload
                0x00000000       0x10 .\CortexM0\ARM_GCC_541\Debug\Lab_1_3_LED.a(CyLib.o)
 .text.CySysTickGetReload
                0x00000000       0x10 .\CortexM0\ARM_GCC_541\Debug\Lab_1_3_LED.a(CyLib.o)
 .text.CySysTickGetValue
                0x00000000       0x10 .\CortexM0\ARM_GCC_541\Debug\Lab_1_3_LED.a(CyLib.o)
 .text.CySysTickSetClockSource
                0x00000000       0x20 .\CortexM0\ARM_GCC_541\Debug\Lab_1_3_LED.a(CyLib.o)
 .text.CySysTickGetClockSource
                0x00000000       0x10 .\CortexM0\ARM_GCC_541\Debug\Lab_1_3_LED.a(CyLib.o)
 .text.CySysTickGetCountFlag
                0x00000000       0x10 .\CortexM0\ARM_GCC_541\Debug\Lab_1_3_LED.a(CyLib.o)
 .text.CySysTickServiceCallbacks
                0x00000000       0x28 .\CortexM0\ARM_GCC_541\Debug\Lab_1_3_LED.a(CyLib.o)
 .text.CySysTickClear
                0x00000000        0xc .\CortexM0\ARM_GCC_541\Debug\Lab_1_3_LED.a(CyLib.o)
 .text.CySysTickInit
                0x00000000       0x44 .\CortexM0\ARM_GCC_541\Debug\Lab_1_3_LED.a(CyLib.o)
 .text.CySysTickStart
                0x00000000       0x20 .\CortexM0\ARM_GCC_541\Debug\Lab_1_3_LED.a(CyLib.o)
 .text.CySysTickSetCallback
                0x00000000       0x10 .\CortexM0\ARM_GCC_541\Debug\Lab_1_3_LED.a(CyLib.o)
 .text.CySysTickGetCallback
                0x00000000        0xc .\CortexM0\ARM_GCC_541\Debug\Lab_1_3_LED.a(CyLib.o)
 .text.CyGetUniqueId
                0x00000000       0x70 .\CortexM0\ARM_GCC_541\Debug\Lab_1_3_LED.a(CyLib.o)
 .text.CySysSetRamAccessArbPriority
                0x00000000       0x20 .\CortexM0\ARM_GCC_541\Debug\Lab_1_3_LED.a(CyLib.o)
 .text.CySysSetFlashAccessArbPriority
                0x00000000       0x20 .\CortexM0\ARM_GCC_541\Debug\Lab_1_3_LED.a(CyLib.o)
 .text.CySysSetDmacAccessArbPriority
                0x00000000       0x20 .\CortexM0\ARM_GCC_541\Debug\Lab_1_3_LED.a(CyLib.o)
 .text.CySysSetPeripheralAccessArbPriority
                0x00000000       0x68 .\CortexM0\ARM_GCC_541\Debug\Lab_1_3_LED.a(CyLib.o)
 .text          0x00000000        0x0 .\CortexM0\ARM_GCC_541\Debug\Lab_1_3_LED.a(CyLFClk.o)
 .text.CySysClkIloEnabled
                0x00000000       0x14 .\CortexM0\ARM_GCC_541\Debug\Lab_1_3_LED.a(CyLFClk.o)
 .text.CySysClkGetLfclkSource
                0x00000000       0x10 .\CortexM0\ARM_GCC_541\Debug\Lab_1_3_LED.a(CyLFClk.o)
 .text.CySysClkIloStart
                0x00000000       0x14 .\CortexM0\ARM_GCC_541\Debug\Lab_1_3_LED.a(CyLFClk.o)
 .text.CySysClkIloStartMeasurement
                0x00000000       0x5c .\CortexM0\ARM_GCC_541\Debug\Lab_1_3_LED.a(CyLFClk.o)
 .text.CySysClkIloStopMeasurement
                0x00000000       0x14 .\CortexM0\ARM_GCC_541\Debug\Lab_1_3_LED.a(CyLFClk.o)
 .text.CySysClkIloCompensate
                0x00000000      0x104 .\CortexM0\ARM_GCC_541\Debug\Lab_1_3_LED.a(CyLFClk.o)
 .text.CySysClkIloUpdateTrimReg
                0x00000000       0xa8 .\CortexM0\ARM_GCC_541\Debug\Lab_1_3_LED.a(CyLFClk.o)
 .text.CySysClkIloTrim
                0x00000000       0xd8 .\CortexM0\ARM_GCC_541\Debug\Lab_1_3_LED.a(CyLFClk.o)
 .text.CySysClkIloRestoreFactoryTrim
                0x00000000       0x30 .\CortexM0\ARM_GCC_541\Debug\Lab_1_3_LED.a(CyLFClk.o)
 .text.CySysClkWcoEnabled
                0x00000000       0x14 .\CortexM0\ARM_GCC_541\Debug\Lab_1_3_LED.a(CyLFClk.o)
 .text.CySysClkWcoClockOutSelect
                0x00000000       0x2c .\CortexM0\ARM_GCC_541\Debug\Lab_1_3_LED.a(CyLFClk.o)
 .text.CySysWdtGetEnabledStatus
                0x00000000       0x24 .\CortexM0\ARM_GCC_541\Debug\Lab_1_3_LED.a(CyLFClk.o)
 .text.CySysWdtSetMode
                0x00000000       0x38 .\CortexM0\ARM_GCC_541\Debug\Lab_1_3_LED.a(CyLFClk.o)
 .text.CySysClkLfclkPosedgeRestore
                0x00000000       0x2c .\CortexM0\ARM_GCC_541\Debug\Lab_1_3_LED.a(CyLFClk.o)
 .text.CySysWdtGetMode
                0x00000000       0x14 .\CortexM0\ARM_GCC_541\Debug\Lab_1_3_LED.a(CyLFClk.o)
 .text.CySysWdtSetClearOnMatch
                0x00000000       0x34 .\CortexM0\ARM_GCC_541\Debug\Lab_1_3_LED.a(CyLFClk.o)
 .text.CySysWdtGetClearOnMatch
                0x00000000       0x24 .\CortexM0\ARM_GCC_541\Debug\Lab_1_3_LED.a(CyLFClk.o)
 .text.CySysWdtEnable
                0x00000000       0x3c .\CortexM0\ARM_GCC_541\Debug\Lab_1_3_LED.a(CyLFClk.o)
 .text.CySysWdtDisable
                0x00000000       0x44 .\CortexM0\ARM_GCC_541\Debug\Lab_1_3_LED.a(CyLFClk.o)
 .text.CySysWdtSetCascade
                0x00000000       0x34 .\CortexM0\ARM_GCC_541\Debug\Lab_1_3_LED.a(CyLFClk.o)
 .text.CySysWdtGetCascade
                0x00000000       0x14 .\CortexM0\ARM_GCC_541\Debug\Lab_1_3_LED.a(CyLFClk.o)
 .text.CySysWdtSetMatch
                0x00000000       0x54 .\CortexM0\ARM_GCC_541\Debug\Lab_1_3_LED.a(CyLFClk.o)
 .text.CySysWdtSetToggleBit
                0x00000000       0x30 .\CortexM0\ARM_GCC_541\Debug\Lab_1_3_LED.a(CyLFClk.o)
 .text.CySysWdtGetToggleBit
                0x00000000       0x10 .\CortexM0\ARM_GCC_541\Debug\Lab_1_3_LED.a(CyLFClk.o)
 .text.CySysWdtGetMatch
                0x00000000       0x20 .\CortexM0\ARM_GCC_541\Debug\Lab_1_3_LED.a(CyLFClk.o)
 .text.CySysWdtGetCount
                0x00000000       0x3c .\CortexM0\ARM_GCC_541\Debug\Lab_1_3_LED.a(CyLFClk.o)
 .text.CySysClkLfclkPosedgeCatch
                0x00000000       0x74 .\CortexM0\ARM_GCC_541\Debug\Lab_1_3_LED.a(CyLFClk.o)
 .text.CySysClkIloStop
                0x00000000       0x4c .\CortexM0\ARM_GCC_541\Debug\Lab_1_3_LED.a(CyLFClk.o)
 .text.CySysClkSetLfclkSource
                0x00000000       0x38 .\CortexM0\ARM_GCC_541\Debug\Lab_1_3_LED.a(CyLFClk.o)
 .text.CySysClkWcoStop
                0x00000000       0x48 .\CortexM0\ARM_GCC_541\Debug\Lab_1_3_LED.a(CyLFClk.o)
 .text.CySysWdtGetInterruptSource
                0x00000000       0x14 .\CortexM0\ARM_GCC_541\Debug\Lab_1_3_LED.a(CyLFClk.o)
 .text.CySysWdtResetCounters
                0x00000000       0x20 .\CortexM0\ARM_GCC_541\Debug\Lab_1_3_LED.a(CyLFClk.o)
 .text.CySysWdtSetInterruptCallback
                0x00000000       0x20 .\CortexM0\ARM_GCC_541\Debug\Lab_1_3_LED.a(CyLFClk.o)
 .text.CySysWdtGetInterruptCallback
                0x00000000       0x20 .\CortexM0\ARM_GCC_541\Debug\Lab_1_3_LED.a(CyLFClk.o)
 .text.CySysWdtEnableCounterIsr
                0x00000000       0x34 .\CortexM0\ARM_GCC_541\Debug\Lab_1_3_LED.a(CyLFClk.o)
 .text.CySysWdtDisableCounterIsr
                0x00000000       0x28 .\CortexM0\ARM_GCC_541\Debug\Lab_1_3_LED.a(CyLFClk.o)
 .text.CySysWatchdogFeed
                0x00000000       0x60 .\CortexM0\ARM_GCC_541\Debug\Lab_1_3_LED.a(CyLFClk.o)
 .text.CySysTimerDelayUntilMatch
                0x00000000       0x6c .\CortexM0\ARM_GCC_541\Debug\Lab_1_3_LED.a(CyLFClk.o)
 .text.CySysTimerDelay
                0x00000000       0x3c .\CortexM0\ARM_GCC_541\Debug\Lab_1_3_LED.a(CyLFClk.o)
 .rodata        0x00000000        0xc .\CortexM0\ARM_GCC_541\Debug\Lab_1_3_LED.a(CyLFClk.o)
 .text          0x00000000        0x0 .\CortexM0\ARM_GCC_541\Debug\Lab_1_3_LED.a(PWM.o)
 .data          0x00000000        0x0 .\CortexM0\ARM_GCC_541\Debug\Lab_1_3_LED.a(PWM.o)
 .text.PWM_Stop
                0x00000000       0x10 .\CortexM0\ARM_GCC_541\Debug\Lab_1_3_LED.a(PWM.o)
 .text.PWM_ReadCounter
                0x00000000       0x14 .\CortexM0\ARM_GCC_541\Debug\Lab_1_3_LED.a(PWM.o)
 .text.PWM_ReadControlRegister
                0x00000000        0xc .\CortexM0\ARM_GCC_541\Debug\Lab_1_3_LED.a(PWM.o)
 .text.PWM_WriteControlRegister
                0x00000000        0xc .\CortexM0\ARM_GCC_541\Debug\Lab_1_3_LED.a(PWM.o)
 .text.PWM_ReadCompare
                0x00000000        0xc .\CortexM0\ARM_GCC_541\Debug\Lab_1_3_LED.a(PWM.o)
 .text.PWM_ReadPeriod
                0x00000000        0xc .\CortexM0\ARM_GCC_541\Debug\Lab_1_3_LED.a(PWM.o)
 .text          0x00000000        0x0 .\CortexM0\ARM_GCC_541\Debug\Lab_1_3_LED.a(Clock.o)
 .data          0x00000000        0x0 .\CortexM0\ARM_GCC_541\Debug\Lab_1_3_LED.a(Clock.o)
 .bss           0x00000000        0x0 .\CortexM0\ARM_GCC_541\Debug\Lab_1_3_LED.a(Clock.o)
 .text.Clock_Stop
                0x00000000       0x18 .\CortexM0\ARM_GCC_541\Debug\Lab_1_3_LED.a(Clock.o)
 .text.Clock_SetFractionalDividerRegister
                0x00000000       0x20 .\CortexM0\ARM_GCC_541\Debug\Lab_1_3_LED.a(Clock.o)
 .text.Clock_GetDividerRegister
                0x00000000       0x10 .\CortexM0\ARM_GCC_541\Debug\Lab_1_3_LED.a(Clock.o)
 .text.Clock_GetFractionalDividerRegister
                0x00000000        0x4 .\CortexM0\ARM_GCC_541\Debug\Lab_1_3_LED.a(Clock.o)
 .data          0x00000000        0x0 .\CortexM0\ARM_GCC_541\Debug\Lab_1_3_LED.a(CyBootAsmGnu.o)
 .bss           0x00000000        0x0 .\CortexM0\ARM_GCC_541\Debug\Lab_1_3_LED.a(CyBootAsmGnu.o)
 .text          0x00000000      0x114 d:/programs/psoccreator/psoc creator/4.2/psoc creator/import/gnu/arm/5.4.1/bin/../lib/gcc/arm-none-eabi/5.4.1/armv6-m\libgcc.a(_udivsi3.o)
 .data          0x00000000        0x0 d:/programs/psoccreator/psoc creator/4.2/psoc creator/import/gnu/arm/5.4.1/bin/../lib/gcc/arm-none-eabi/5.4.1/armv6-m\libgcc.a(_udivsi3.o)
 .bss           0x00000000        0x0 d:/programs/psoccreator/psoc creator/4.2/psoc creator/import/gnu/arm/5.4.1/bin/../lib/gcc/arm-none-eabi/5.4.1/armv6-m\libgcc.a(_udivsi3.o)
 .text          0x00000000      0x1d4 d:/programs/psoccreator/psoc creator/4.2/psoc creator/import/gnu/arm/5.4.1/bin/../lib/gcc/arm-none-eabi/5.4.1/armv6-m\libgcc.a(_divsi3.o)
 .data          0x00000000        0x0 d:/programs/psoccreator/psoc creator/4.2/psoc creator/import/gnu/arm/5.4.1/bin/../lib/gcc/arm-none-eabi/5.4.1/armv6-m\libgcc.a(_divsi3.o)
 .bss           0x00000000        0x0 d:/programs/psoccreator/psoc creator/4.2/psoc creator/import/gnu/arm/5.4.1/bin/../lib/gcc/arm-none-eabi/5.4.1/armv6-m\libgcc.a(_divsi3.o)
 .text          0x00000000        0x4 d:/programs/psoccreator/psoc creator/4.2/psoc creator/import/gnu/arm/5.4.1/bin/../lib/gcc/arm-none-eabi/5.4.1/armv6-m\libgcc.a(_dvmd_tls.o)
 .data          0x00000000        0x0 d:/programs/psoccreator/psoc creator/4.2/psoc creator/import/gnu/arm/5.4.1/bin/../lib/gcc/arm-none-eabi/5.4.1/armv6-m\libgcc.a(_dvmd_tls.o)
 .bss           0x00000000        0x0 d:/programs/psoccreator/psoc creator/4.2/psoc creator/import/gnu/arm/5.4.1/bin/../lib/gcc/arm-none-eabi/5.4.1/armv6-m\libgcc.a(_dvmd_tls.o)
 .text          0x00000000        0x0 d:/programs/psoccreator/psoc creator/4.2/psoc creator/import/gnu/arm/5.4.1/bin/../lib/gcc/arm-none-eabi/5.4.1/../../../../arm-none-eabi/lib/armv6-m\libg_nano.a(lib_a-errno.o)
 .data          0x00000000        0x0 d:/programs/psoccreator/psoc creator/4.2/psoc creator/import/gnu/arm/5.4.1/bin/../lib/gcc/arm-none-eabi/5.4.1/../../../../arm-none-eabi/lib/armv6-m\libg_nano.a(lib_a-errno.o)
 .bss           0x00000000        0x0 d:/programs/psoccreator/psoc creator/4.2/psoc creator/import/gnu/arm/5.4.1/bin/../lib/gcc/arm-none-eabi/5.4.1/../../../../arm-none-eabi/lib/armv6-m\libg_nano.a(lib_a-errno.o)
 .text          0x00000000        0x0 d:/programs/psoccreator/psoc creator/4.2/psoc creator/import/gnu/arm/5.4.1/bin/../lib/gcc/arm-none-eabi/5.4.1/../../../../arm-none-eabi/lib/armv6-m\libg_nano.a(lib_a-exit.o)
 .data          0x00000000        0x0 d:/programs/psoccreator/psoc creator/4.2/psoc creator/import/gnu/arm/5.4.1/bin/../lib/gcc/arm-none-eabi/5.4.1/../../../../arm-none-eabi/lib/armv6-m\libg_nano.a(lib_a-exit.o)
 .bss           0x00000000        0x0 d:/programs/psoccreator/psoc creator/4.2/psoc creator/import/gnu/arm/5.4.1/bin/../lib/gcc/arm-none-eabi/5.4.1/../../../../arm-none-eabi/lib/armv6-m\libg_nano.a(lib_a-exit.o)
 .text.exit     0x00000000       0x2c d:/programs/psoccreator/psoc creator/4.2/psoc creator/import/gnu/arm/5.4.1/bin/../lib/gcc/arm-none-eabi/5.4.1/../../../../arm-none-eabi/lib/armv6-m\libg_nano.a(lib_a-exit.o)
 .text          0x00000000        0x0 d:/programs/psoccreator/psoc creator/4.2/psoc creator/import/gnu/arm/5.4.1/bin/../lib/gcc/arm-none-eabi/5.4.1/../../../../arm-none-eabi/lib/armv6-m\libg_nano.a(lib_a-impure.o)
 .data          0x00000000        0x0 d:/programs/psoccreator/psoc creator/4.2/psoc creator/import/gnu/arm/5.4.1/bin/../lib/gcc/arm-none-eabi/5.4.1/../../../../arm-none-eabi/lib/armv6-m\libg_nano.a(lib_a-impure.o)
 .bss           0x00000000        0x0 d:/programs/psoccreator/psoc creator/4.2/psoc creator/import/gnu/arm/5.4.1/bin/../lib/gcc/arm-none-eabi/5.4.1/../../../../arm-none-eabi/lib/armv6-m\libg_nano.a(lib_a-impure.o)
 .rodata._global_impure_ptr
                0x00000000        0x4 d:/programs/psoccreator/psoc creator/4.2/psoc creator/import/gnu/arm/5.4.1/bin/../lib/gcc/arm-none-eabi/5.4.1/../../../../arm-none-eabi/lib/armv6-m\libg_nano.a(lib_a-impure.o)
 .text          0x00000000        0x0 d:/programs/psoccreator/psoc creator/4.2/psoc creator/import/gnu/arm/5.4.1/bin/../lib/gcc/arm-none-eabi/5.4.1/../../../../arm-none-eabi/lib/armv6-m\libg_nano.a(lib_a-init.o)
 .data          0x00000000        0x0 d:/programs/psoccreator/psoc creator/4.2/psoc creator/import/gnu/arm/5.4.1/bin/../lib/gcc/arm-none-eabi/5.4.1/../../../../arm-none-eabi/lib/armv6-m\libg_nano.a(lib_a-init.o)
 .bss           0x00000000        0x0 d:/programs/psoccreator/psoc creator/4.2/psoc creator/import/gnu/arm/5.4.1/bin/../lib/gcc/arm-none-eabi/5.4.1/../../../../arm-none-eabi/lib/armv6-m\libg_nano.a(lib_a-init.o)
 .text          0x00000000        0x0 d:/programs/psoccreator/psoc creator/4.2/psoc creator/import/gnu/arm/5.4.1/bin/../lib/gcc/arm-none-eabi/5.4.1/../../../../arm-none-eabi/lib/armv6-m\libg_nano.a(lib_a-memset.o)
 .data          0x00000000        0x0 d:/programs/psoccreator/psoc creator/4.2/psoc creator/import/gnu/arm/5.4.1/bin/../lib/gcc/arm-none-eabi/5.4.1/../../../../arm-none-eabi/lib/armv6-m\libg_nano.a(lib_a-memset.o)
 .bss           0x00000000        0x0 d:/programs/psoccreator/psoc creator/4.2/psoc creator/import/gnu/arm/5.4.1/bin/../lib/gcc/arm-none-eabi/5.4.1/../../../../arm-none-eabi/lib/armv6-m\libg_nano.a(lib_a-memset.o)
 .text          0x00000000        0x0 d:/programs/psoccreator/psoc creator/4.2/psoc creator/import/gnu/arm/5.4.1/bin/../lib/gcc/arm-none-eabi/5.4.1/armv6-m/crtend.o
 .data          0x00000000        0x0 d:/programs/psoccreator/psoc creator/4.2/psoc creator/import/gnu/arm/5.4.1/bin/../lib/gcc/arm-none-eabi/5.4.1/armv6-m/crtend.o
 .bss           0x00000000        0x0 d:/programs/psoccreator/psoc creator/4.2/psoc creator/import/gnu/arm/5.4.1/bin/../lib/gcc/arm-none-eabi/5.4.1/armv6-m/crtend.o
 .text          0x00000000        0x0 d:/programs/psoccreator/psoc creator/4.2/psoc creator/import/gnu/arm/5.4.1/bin/../lib/gcc/arm-none-eabi/5.4.1/armv6-m/crtn.o
 .data          0x00000000        0x0 d:/programs/psoccreator/psoc creator/4.2/psoc creator/import/gnu/arm/5.4.1/bin/../lib/gcc/arm-none-eabi/5.4.1/armv6-m/crtn.o
 .bss           0x00000000        0x0 d:/programs/psoccreator/psoc creator/4.2/psoc creator/import/gnu/arm/5.4.1/bin/../lib/gcc/arm-none-eabi/5.4.1/armv6-m/crtn.o

Memory Configuration

Name             Origin             Length             Attributes
rom              0x00000000         0x00040000         xr
ram              0x20000000         0x00008000         xrw
*default*        0x00000000         0xffffffff

Linker script and memory map

LOAD d:/programs/psoccreator/psoc creator/4.2/psoc creator/import/gnu/arm/5.4.1/bin/../lib/gcc/arm-none-eabi/5.4.1/armv6-m/crti.o
LOAD d:/programs/psoccreator/psoc creator/4.2/psoc creator/import/gnu/arm/5.4.1/bin/../lib/gcc/arm-none-eabi/5.4.1/armv6-m/crtbegin.o
LOAD d:/programs/psoccreator/psoc creator/4.2/psoc creator/import/gnu/arm/5.4.1/bin/../lib/gcc/arm-none-eabi/5.4.1/../../../../arm-none-eabi/lib/armv6-m/crt0.o
START GROUP
LOAD .\CortexM0\ARM_GCC_541\Debug\main.o
LOAD .\CortexM0\ARM_GCC_541\Debug\cyfitter_cfg.o
LOAD .\CortexM0\ARM_GCC_541\Debug\cymetadata.o
LOAD .\CortexM0\ARM_GCC_541\Debug\Cm0Start.o
LOAD .\CortexM0\ARM_GCC_541\Debug\Lab_1_3_LED.a
END GROUP
START GROUP
LOAD d:/programs/psoccreator/psoc creator/4.2/psoc creator/import/gnu/arm/5.4.1/bin/../lib/gcc/arm-none-eabi/5.4.1/armv6-m\libgcc.a
LOAD d:/programs/psoccreator/psoc creator/4.2/psoc creator/import/gnu/arm/5.4.1/bin/../lib/gcc/arm-none-eabi/5.4.1/../../../../arm-none-eabi/lib/armv6-m\libg_nano.a
LOAD d:/programs/psoccreator/psoc creator/4.2/psoc creator/import/gnu/arm/5.4.1/bin/../lib/gcc/arm-none-eabi/5.4.1/../../../../arm-none-eabi/lib/armv6-m\libc_nano.a
END GROUP
START GROUP
LOAD d:/programs/psoccreator/psoc creator/4.2/psoc creator/import/gnu/arm/5.4.1/bin/../lib/gcc/arm-none-eabi/5.4.1/armv6-m\libgcc.a
LOAD d:/programs/psoccreator/psoc creator/4.2/psoc creator/import/gnu/arm/5.4.1/bin/../lib/gcc/arm-none-eabi/5.4.1/../../../../arm-none-eabi/lib/armv6-m\libc_nano.a
END GROUP
LOAD d:/programs/psoccreator/psoc creator/4.2/psoc creator/import/gnu/arm/5.4.1/bin/../lib/gcc/arm-none-eabi/5.4.1/armv6-m/crtend.o
LOAD d:/programs/psoccreator/psoc creator/4.2/psoc creator/import/gnu/arm/5.4.1/bin/../lib/gcc/arm-none-eabi/5.4.1/armv6-m/crtn.o
START GROUP
LOAD d:/programs/psoccreator/psoc creator/4.2/psoc creator/import/gnu/arm/5.4.1/bin/../lib/gcc/arm-none-eabi/5.4.1/armv6-m\libgcc.a
LOAD d:/programs/psoccreator/psoc creator/4.2/psoc creator/import/gnu/arm/5.4.1/bin/../lib/gcc/arm-none-eabi/5.4.1/../../../../arm-none-eabi/lib/armv6-m\libc.a
LOAD d:/programs/psoccreator/psoc creator/4.2/psoc creator/import/gnu/arm/5.4.1/bin/../lib/gcc/arm-none-eabi/5.4.1/../../../../arm-none-eabi/lib/armv6-m\libnosys.a
END GROUP
                0x00000000                CY_APPL_ORIGIN = 0x0
                0x00000100                CY_FLASH_ROW_SIZE = 0x100
                0x00000001                CY_APPL_NUM = 0x1
                0x00000001                CY_APPL_MAX = 0x1
                0x00000040                CY_METADATA_SIZE = 0x40
                0x00000000                CY_APPL_LOADABLE = 0x0
                0x00000000                CY_CHECKSUM_EXCLUDE_SIZE = ALIGN (0x0, CY_FLASH_ROW_SIZE)
                0x00000000                CY_APP_FOR_STACK_AND_COPIER = 0x0
                [!provide]                PROVIDE (__cy_heap_start, _end)
                0x00000001                PROVIDE (__cy_region_num, ((__cy_regions_end - __cy_regions) / 0x10))
                0x20008000                PROVIDE (__cy_stack, (ORIGIN (ram) + LENGTH (ram)))
                [!provide]                PROVIDE (__cy_heap_end, (__cy_stack - 0x400))

.cybootloader   0x00000000        0x0
 *(.cybootloader)
                0x00000000                appl1_start = CY_APPL_ORIGIN?CY_APPL_ORIGIN:ALIGN (CY_FLASH_ROW_SIZE)
                0x0001ff00                appl2_start = (appl1_start + ALIGN ((((LENGTH (rom) - appl1_start) - (0x2 * CY_FLASH_ROW_SIZE)) / 0x2), CY_FLASH_ROW_SIZE))
                0x00000000                appl_start = (CY_APPL_NUM == 0x1)?appl1_start:appl2_start
                0x00000001                cy_project_type_bootloader = (appl_start == 0x0)?0x1:0x0
                0x00000000                cy_project_type_app_for_stack_and_copier = (CY_APP_FOR_STACK_AND_COPIER == 0x1)?0x1:0x0

.text           0x00000000      0x948
 CREATE_OBJECT_SYMBOLS
                0x00000000                PROVIDE (__cy_interrupt_vector, RomVectors)
 *(.romvectors)
 .romvectors    0x00000000       0x10 .\CortexM0\ARM_GCC_541\Debug\Cm0Start.o
                0x00000000                RomVectors
                0x00000001                ASSERT ((. != __cy_interrupt_vector), No interrupt vector)
                0x00000001                ASSERT (CY_APPL_ORIGIN?(SIZEOF (.cybootloader) <= CY_APPL_ORIGIN):0x1, Wrong image location)
                0x00000010                PROVIDE (__cy_reset, Reset)
 *(.text.Reset)
 .text.Reset    0x00000010        0x8 .\CortexM0\ARM_GCC_541\Debug\Cm0Start.o
                0x00000010                Reset
                0x00000001                ASSERT ((. != __cy_reset), No reset code)
 *(.psocinit)
 .psocinit      0x00000018      0x190 .\CortexM0\ARM_GCC_541\Debug\cyfitter_cfg.o
                0x000000e4                cyfitter_cfg
                0x000001a8                . = MAX (., 0x100)
 *(.text .text.* .gnu.linkonce.t.*)
 .text          0x000001a8       0x60 d:/programs/psoccreator/psoc creator/4.2/psoc creator/import/gnu/arm/5.4.1/bin/../lib/gcc/arm-none-eabi/5.4.1/armv6-m/crtbegin.o
 .text.main     0x00000208       0x54 .\CortexM0\ARM_GCC_541\Debug\main.o
                0x00000208                main
 .text.cfg_write_bytes32
                0x0000025c       0x34 .\CortexM0\ARM_GCC_541\Debug\cyfitter_cfg.o
 .text.AnalogSetDefault
                0x00000290       0x20 .\CortexM0\ARM_GCC_541\Debug\cyfitter_cfg.o
 .text.CYMEMZERO
                0x000002b0        0xc .\CortexM0\ARM_GCC_541\Debug\cyfitter_cfg.o
 .text.IntDefaultHandler
                0x000002bc       0x10 .\CortexM0\ARM_GCC_541\Debug\Cm0Start.o
                0x000002bc                IntDefaultHandler
 .text.Start_c  0x000002cc       0x48 .\CortexM0\ARM_GCC_541\Debug\Cm0Start.o
                0x000002cc                Start_c
 .text.initialize_psoc
                0x00000314       0x4c .\CortexM0\ARM_GCC_541\Debug\Cm0Start.o
                0x00000314                initialize_psoc
 .text.CySysClkEcoReadStatus
                0x00000360       0x10 .\CortexM0\ARM_GCC_541\Debug\Lab_1_3_LED.a(CyLib.o)
                0x00000360                CySysClkEcoReadStatus
 .text.CyIntEnable
                0x00000370       0x14 .\CortexM0\ARM_GCC_541\Debug\Lab_1_3_LED.a(CyLib.o)
                0x00000370                CyIntEnable
 .text.CyHalt   0x00000384        0x4 .\CortexM0\ARM_GCC_541\Debug\Lab_1_3_LED.a(CyLib.o)
                0x00000384                CyHalt
 .text.CyIntSetVector
                0x00000388       0x24 .\CortexM0\ARM_GCC_541\Debug\Lab_1_3_LED.a(CyLib.o)
                0x00000388                CyIntSetVector
 .text.CyDelay  0x000003ac       0x30 .\CortexM0\ARM_GCC_541\Debug\Lab_1_3_LED.a(CyLib.o)
                0x000003ac                CyDelay
 .text.CyDelayUs
                0x000003dc       0x14 .\CortexM0\ARM_GCC_541\Debug\Lab_1_3_LED.a(CyLib.o)
                0x000003dc                CyDelayUs
 .text.CySysClkWriteImoFreq
                0x000003f0      0x164 .\CortexM0\ARM_GCC_541\Debug\Lab_1_3_LED.a(CyLib.o)
                0x000003f0                CySysClkWriteImoFreq
 .text.CySysClkEcoStart
                0x00000554       0x54 .\CortexM0\ARM_GCC_541\Debug\Lab_1_3_LED.a(CyLib.o)
                0x00000554                CySysClkEcoStart
 .text.CySysWdtLocked
                0x000005a8       0x14 .\CortexM0\ARM_GCC_541\Debug\Lab_1_3_LED.a(CyLFClk.o)
 .text.CySysClkWcoStart
                0x000005bc       0x40 .\CortexM0\ARM_GCC_541\Debug\Lab_1_3_LED.a(CyLFClk.o)
                0x000005bc                CySysClkWcoStart
 .text.CySysClkWcoSetPowerMode
                0x000005fc       0x80 .\CortexM0\ARM_GCC_541\Debug\Lab_1_3_LED.a(CyLFClk.o)
                0x000005fc                CySysClkWcoSetPowerMode
 .text.CySysWdtLock
                0x0000067c       0x1c .\CortexM0\ARM_GCC_541\Debug\Lab_1_3_LED.a(CyLFClk.o)
                0x0000067c                CySysWdtLock
 .text.CySysWdtUnlock
                0x00000698       0x30 .\CortexM0\ARM_GCC_541\Debug\Lab_1_3_LED.a(CyLFClk.o)
                0x00000698                CySysWdtUnlock
 .text.CySysWdtClearInterrupt
                0x000006c8       0x4c .\CortexM0\ARM_GCC_541\Debug\Lab_1_3_LED.a(CyLFClk.o)
                0x000006c8                CySysWdtClearInterrupt
 .text.CySysWdtIsr
                0x00000714       0xa4 .\CortexM0\ARM_GCC_541\Debug\Lab_1_3_LED.a(CyLFClk.o)
                0x00000714                CySysWdtIsr
 .text.PWM_Enable
                0x000007b8       0x14 .\CortexM0\ARM_GCC_541\Debug\Lab_1_3_LED.a(PWM.o)
                0x000007b8                PWM_Enable
 .text.PWM_WriteCounter
                0x000007cc        0xc .\CortexM0\ARM_GCC_541\Debug\Lab_1_3_LED.a(PWM.o)
                0x000007cc                PWM_WriteCounter
 .text.PWM_WritePeriod
                0x000007d8        0xc .\CortexM0\ARM_GCC_541\Debug\Lab_1_3_LED.a(PWM.o)
                0x000007d8                PWM_WritePeriod
 .text.PWM_WriteCompare
                0x000007e4        0xc .\CortexM0\ARM_GCC_541\Debug\Lab_1_3_LED.a(PWM.o)
                0x000007e4                PWM_WriteCompare
 .text.PWM_SetInterruptMode
                0x000007f0        0xc .\CortexM0\ARM_GCC_541\Debug\Lab_1_3_LED.a(PWM.o)
                0x000007f0                PWM_SetInterruptMode
 .text.PWM_ReadStatusRegister
                0x000007fc        0xc .\CortexM0\ARM_GCC_541\Debug\Lab_1_3_LED.a(PWM.o)
                0x000007fc                PWM_ReadStatusRegister
 .text.PWM_ReadCapture
                0x00000808        0xc .\CortexM0\ARM_GCC_541\Debug\Lab_1_3_LED.a(PWM.o)
                0x00000808                PWM_ReadCapture
 .text.PWM_ClearFIFO
                0x00000814       0x14 .\CortexM0\ARM_GCC_541\Debug\Lab_1_3_LED.a(PWM.o)
                0x00000814                PWM_ClearFIFO
 .text.PWM_Init
                0x00000828       0x58 .\CortexM0\ARM_GCC_541\Debug\Lab_1_3_LED.a(PWM.o)
                0x00000828                PWM_Init
 .text.PWM_Start
                0x00000880       0x20 .\CortexM0\ARM_GCC_541\Debug\Lab_1_3_LED.a(PWM.o)
                0x00000880                PWM_Start
 .text.Clock_StartEx
                0x000008a0       0x1c .\CortexM0\ARM_GCC_541\Debug\Lab_1_3_LED.a(Clock.o)
                0x000008a0                Clock_StartEx
 *fill*         0x000008bc        0x4 
 .text          0x000008c0       0x20 .\CortexM0\ARM_GCC_541\Debug\Lab_1_3_LED.a(CyBootAsmGnu.o)
                0x000008c0                CyDelayCycles
                0x000008d2                CyEnterCriticalSection
                0x000008da                CyExitCriticalSection
 .text.__errno  0x000008e0        0xc d:/programs/psoccreator/psoc creator/4.2/psoc creator/import/gnu/arm/5.4.1/bin/../lib/gcc/arm-none-eabi/5.4.1/../../../../arm-none-eabi/lib/armv6-m\libg_nano.a(lib_a-errno.o)
                0x000008e0                __errno
 .text.__libc_init_array
                0x000008ec       0x4c d:/programs/psoccreator/psoc creator/4.2/psoc creator/import/gnu/arm/5.4.1/bin/../lib/gcc/arm-none-eabi/5.4.1/../../../../arm-none-eabi/lib/armv6-m\libg_nano.a(lib_a-init.o)
                0x000008ec                __libc_init_array
 .text.memset   0x00000938       0x10 d:/programs/psoccreator/psoc creator/4.2/psoc creator/import/gnu/arm/5.4.1/bin/../lib/gcc/arm-none-eabi/5.4.1/../../../../arm-none-eabi/lib/armv6-m\libg_nano.a(lib_a-memset.o)
                0x00000938                memset
 *(.plt)
 *(.gnu.warning)
 *(.glue_7t)
 .glue_7t       0x00000948        0x0 linker stubs
 *(.glue_7)
 .glue_7        0x00000948        0x0 linker stubs
 *(.vfp11_veneer)
 .vfp11_veneer  0x00000948        0x0 linker stubs
 *(.bootloader)
 *(.ARM.extab* .gnu.linkonce.armextab.*)
 *(.gcc_except_table)

.v4_bx          0x00000948        0x0
 .v4_bx         0x00000948        0x0 linker stubs

.iplt           0x00000948        0x0
 .iplt          0x00000948        0x0 d:/programs/psoccreator/psoc creator/4.2/psoc creator/import/gnu/arm/5.4.1/bin/../lib/gcc/arm-none-eabi/5.4.1/armv6-m/crtbegin.o

.eh_frame_hdr
 *(.eh_frame_hdr)

.eh_frame       0x00000948        0x4
 *(.eh_frame)
 .eh_frame      0x00000948        0x0 d:/programs/psoccreator/psoc creator/4.2/psoc creator/import/gnu/arm/5.4.1/bin/../lib/gcc/arm-none-eabi/5.4.1/armv6-m/crtbegin.o
 .eh_frame      0x00000948        0x4 d:/programs/psoccreator/psoc creator/4.2/psoc creator/import/gnu/arm/5.4.1/bin/../lib/gcc/arm-none-eabi/5.4.1/armv6-m/crtend.o
                [!provide]                PROVIDE (__exidx_start, .)

.ARM.exidx
 *(.ARM.exidx* .gnu.linkonce.armexidx.*)
                0x0000094c                __exidx_end = .

.rodata         0x0000094c      0x114
 *(.rodata .rodata.* .gnu.linkonce.r.*)
 .rodata        0x0000094c       0xb0 .\CortexM0\ARM_GCC_541\Debug\cyfitter_cfg.o
 .rodata        0x000009fc       0x2e .\CortexM0\ARM_GCC_541\Debug\Lab_1_3_LED.a(CyLib.o)
                0x000009fc                cyImoFreqMhz2Reg
 .rodata.str1.1
                0x00000a2a        0x2 d:/programs/psoccreator/psoc creator/4.2/psoc creator/import/gnu/arm/5.4.1/bin/../lib/gcc/arm-none-eabi/5.4.1/../../../../arm-none-eabi/lib/armv6-m\libg_nano.a(lib_a-impure.o)
                0x00000a2c                . = ALIGN (0x4)
 *(.init)
 .init          0x00000a2c        0x4 d:/programs/psoccreator/psoc creator/4.2/psoc creator/import/gnu/arm/5.4.1/bin/../lib/gcc/arm-none-eabi/5.4.1/armv6-m/crti.o
                0x00000a2c                _init
 .init          0x00000a30        0x8 d:/programs/psoccreator/psoc creator/4.2/psoc creator/import/gnu/arm/5.4.1/bin/../lib/gcc/arm-none-eabi/5.4.1/armv6-m/crtn.o
                0x00000a38                . = ALIGN (0x4)
                0x00000a38                __preinit_array_start = .
 *(.preinit_array)
                0x00000a38                __preinit_array_end = .
                0x00000a38                . = ALIGN (0x4)
                0x00000a38                __init_array_start = .
 *(SORT(.init_array.*))
 *(.init_array)
 .init_array    0x00000a38        0x4 d:/programs/psoccreator/psoc creator/4.2/psoc creator/import/gnu/arm/5.4.1/bin/../lib/gcc/arm-none-eabi/5.4.1/armv6-m/crtbegin.o
 .init_array    0x00000a3c        0x4 .\CortexM0\ARM_GCC_541\Debug\Cm0Start.o
                0x00000a40                __init_array_end = .
                0x00000a40                . = ALIGN (0x4)
 *(.fini)
 .fini          0x00000a40        0x4 d:/programs/psoccreator/psoc creator/4.2/psoc creator/import/gnu/arm/5.4.1/bin/../lib/gcc/arm-none-eabi/5.4.1/armv6-m/crti.o
                0x00000a40                _fini
 .fini          0x00000a44        0x8 d:/programs/psoccreator/psoc creator/4.2/psoc creator/import/gnu/arm/5.4.1/bin/../lib/gcc/arm-none-eabi/5.4.1/armv6-m/crtn.o
                0x00000a4c                . = ALIGN (0x4)
                0x00000a4c                __fini_array_start = .
 *(.fini_array)
 .fini_array    0x00000a4c        0x4 d:/programs/psoccreator/psoc creator/4.2/psoc creator/import/gnu/arm/5.4.1/bin/../lib/gcc/arm-none-eabi/5.4.1/armv6-m/crtbegin.o
 *(SORT(.fini_array.*))
                0x00000a50                __fini_array_end = .
                0x00000a50                . = ALIGN (0x4)
 *crtbegin.o(.ctors)
 *(EXCLUDE_FILE(*crtend.o) .ctors)
 *(SORT(.ctors.*))
 *crtend.o(.ctors)
                0x00000a50                . = ALIGN (0x4)
 *crtbegin.o(.dtors)
 *(EXCLUDE_FILE(*crtend.o) .dtors)
 *(SORT(.dtors.*))
 *crtend.o(.dtors)
                0x00000a50                . = ALIGN (0x4)
                0x00000a50                __cy_regions = .
                0x00000a50        0x4 LONG 0xa60 __cy_region_init_ram
                0x00000a54        0x4 LONG 0x200000c0 __cy_region_start_data
                0x00000a58        0x4 LONG 0x88 __cy_region_init_size_ram
                0x00000a5c        0x4 LONG 0x50 __cy_region_zero_size_ram
                0x00000a60                __cy_regions_end = .
                0x00000a60                . = ALIGN (0x8)
                0x00000a60                _etext = .

.cy_checksum_exclude
                0x00000a60        0x0
 *(.cy_checksum_exclude)

.ramvectors     0x20000000       0xc0
                0x20000000                __cy_region_start_ram = .
 *(.ramvectors)
 .ramvectors    0x20000000       0xc0 .\CortexM0\ARM_GCC_541\Debug\Cm0Start.o
                0x20000000                CyRamVectors

.noinit
 *(.noinit)

.data           0x200000c0       0x88 load address 0x00000a60
                0x200000c0                __cy_region_start_data = .
 *(.jcr)
 .jcr           0x200000c0        0x0 d:/programs/psoccreator/psoc creator/4.2/psoc creator/import/gnu/arm/5.4.1/bin/../lib/gcc/arm-none-eabi/5.4.1/armv6-m/crtbegin.o
 .jcr           0x200000c0        0x4 d:/programs/psoccreator/psoc creator/4.2/psoc creator/import/gnu/arm/5.4.1/bin/../lib/gcc/arm-none-eabi/5.4.1/armv6-m/crtend.o
 *(.got.plt)
 *(.got)
 *(.shdata)
 *(.data .data.* .gnu.linkonce.d.*)
 .data          0x200000c4       0x14 .\CortexM0\ARM_GCC_541\Debug\Lab_1_3_LED.a(CyLib.o)
                0x200000c4                CySysClkPumpConfig
                0x200000c8                cydelay32kMs
                0x200000cc                cydelayFreqKhz
                0x200000d0                cydelayFreqMhz
                0x200000d4                cydelayFreqHz
 .data          0x200000d8        0x8 .\CortexM0\ARM_GCC_541\Debug\Lab_1_3_LED.a(CyLFClk.o)
 .data.impure_data
                0x200000e0       0x60 d:/programs/psoccreator/psoc creator/4.2/psoc creator/import/gnu/arm/5.4.1/bin/../lib/gcc/arm-none-eabi/5.4.1/../../../../arm-none-eabi/lib/armv6-m\libg_nano.a(lib_a-impure.o)
 .data._impure_ptr
                0x20000140        0x4 d:/programs/psoccreator/psoc creator/4.2/psoc creator/import/gnu/arm/5.4.1/bin/../lib/gcc/arm-none-eabi/5.4.1/../../../../arm-none-eabi/lib/armv6-m\libg_nano.a(lib_a-impure.o)
                0x20000140                _impure_ptr
                0x20000148                . = ALIGN (0x8)
 *fill*         0x20000144        0x4 
 *(.ram)
                0x20000148                _edata = .

.igot.plt       0x20000148        0x0 load address 0x00000ae8
 .igot.plt      0x20000148        0x0 d:/programs/psoccreator/psoc creator/4.2/psoc creator/import/gnu/arm/5.4.1/bin/../lib/gcc/arm-none-eabi/5.4.1/armv6-m/crtbegin.o

.bss            0x20000148       0x50 load address 0x00000ae8
                0x20000148                PROVIDE (__bss_start__, .)
 *(.shbss)
 *(.bss .bss.* .gnu.linkonce.b.*)
 .bss           0x20000148       0x1c d:/programs/psoccreator/psoc creator/4.2/psoc creator/import/gnu/arm/5.4.1/bin/../lib/gcc/arm-none-eabi/5.4.1/armv6-m/crtbegin.o
 .bss           0x20000164        0x1 .\CortexM0\ARM_GCC_541\Debug\main.o
                0x20000164                i
 *fill*         0x20000165        0x3 
 .bss           0x20000168       0x28 .\CortexM0\ARM_GCC_541\Debug\Lab_1_3_LED.a(CyLFClk.o)
 .bss           0x20000190        0x1 .\CortexM0\ARM_GCC_541\Debug\Lab_1_3_LED.a(PWM.o)
                0x20000190                PWM_initVar
 *(COMMON)
                0x20000198                . = ALIGN (0x8)
 *fill*         0x20000191        0x7 
 *(.ram.b)
                0x20000198                _end = .
                0x20000198                __end = .
                0x20000198                PROVIDE (end, .)
                0x20000198                PROVIDE (__bss_end__, .)
                0x00000a60                __cy_region_init_ram = LOADADDR (.data)
                0x00000088                __cy_region_init_size_ram = (_edata - ADDR (.data))
                0x00000050                __cy_region_zero_size_ram = (_end - _edata)

.heap           0x20000198       0x80 load address 0x00000ae8
                0x20000198                . = _end
                0x20000218                . = (. + 0x80)
 *fill*         0x20000198       0x80 
                0x20000218                __cy_heap_limit = .

.stack          0x20007c00      0x400
                0x20007c00                __cy_stack_limit = .
                0x20008000                . = (. + 0x400)
 *fill*         0x20007c00      0x400 
                0x00000001                ASSERT ((__cy_stack_limit >= __cy_heap_limit), region RAM overflowed with stack)
                0x00000000                cy_checksum_exclude_size = (CY_APPL_LOADABLE == 0x1)?SIZEOF (.cy_checksum_exclude):0x0
                0x00000001                ASSERT ((cy_checksum_exclude_size <= CY_CHECKSUM_EXCLUDE_SIZE), CY_BOOT: Section .cy_checksum_exclude size exceedes specified limit.)
                0x0003ffc0                cyloadermeta_start = (cy_project_type_bootloader || cy_project_type_app_for_stack_and_copier)?(LENGTH (rom) - CY_METADATA_SIZE):0xf0000000

.cyloadermeta
 *(.cyloadermeta)
                0x0003ffc0                cyloadablemeta_start = cy_project_type_app_for_stack_and_copier?((LENGTH (rom) - CY_FLASH_ROW_SIZE) - CY_METADATA_SIZE):((LENGTH (rom) - (CY_FLASH_ROW_SIZE * (CY_APPL_NUM - 0x1))) - CY_METADATA_SIZE)

.cyloadablemeta
 *(.cyloadablemeta)

.cyflashprotect
                0x90400000       0x80
 *(.cyflashprotect)
 .cyflashprotect
                0x90400000       0x80 .\CortexM0\ARM_GCC_541\Debug\cymetadata.o
                0x90400000                cy_meta_flashprotect

.cymeta         0x90500000        0xc
 *(.cymeta)
 .cymeta        0x90500000        0xc .\CortexM0\ARM_GCC_541\Debug\cymetadata.o
                0x90500000                cy_metadata

.cychipprotect  0x90600000        0x1
 *(.cychipprotect)
 .cychipprotect
                0x90600000        0x1 .\CortexM0\ARM_GCC_541\Debug\cymetadata.o
                0x90600000                cy_meta_chipprotect

.rel.dyn        0x00000ae8        0x0 load address 0x90600004
 .rel.iplt      0x00000ae8        0x0 d:/programs/psoccreator/psoc creator/4.2/psoc creator/import/gnu/arm/5.4.1/bin/../lib/gcc/arm-none-eabi/5.4.1/armv6-m/crtbegin.o

.stab
 *(.stab)

.stabstr
 *(.stabstr)

.debug
 *(.debug)

.line
 *(.line)

.debug_srcinfo
 *(.debug_srcinfo)

.debug_sfnames
 *(.debug_sfnames)

.debug_aranges  0x00000000      0x510
 *(.debug_aranges)
 .debug_aranges
                0x00000000       0x20 .\CortexM0\ARM_GCC_541\Debug\main.o
 .debug_aranges
                0x00000020       0x40 .\CortexM0\ARM_GCC_541\Debug\cyfitter_cfg.o
 .debug_aranges
                0x00000060       0x18 .\CortexM0\ARM_GCC_541\Debug\cymetadata.o
 .debug_aranges
                0x00000078       0x48 .\CortexM0\ARM_GCC_541\Debug\Cm0Start.o
 .debug_aranges
                0x000000c0      0x1d0 .\CortexM0\ARM_GCC_541\Debug\Lab_1_3_LED.a(CyLib.o)
 .debug_aranges
                0x00000290      0x188 .\CortexM0\ARM_GCC_541\Debug\Lab_1_3_LED.a(CyLFClk.o)
 .debug_aranges
                0x00000418       0x98 .\CortexM0\ARM_GCC_541\Debug\Lab_1_3_LED.a(PWM.o)
 .debug_aranges
                0x000004b0       0x40 .\CortexM0\ARM_GCC_541\Debug\Lab_1_3_LED.a(Clock.o)
 .debug_aranges
                0x000004f0       0x20 .\CortexM0\ARM_GCC_541\Debug\Lab_1_3_LED.a(CyBootAsmGnu.o)

.debug_pubnames
 *(.debug_pubnames)

.debug_info     0x00000000     0x2cbb
 *(.debug_info .gnu.linkonce.wi.*)
 .debug_info    0x00000000      0x141 .\CortexM0\ARM_GCC_541\Debug\main.o
 .debug_info    0x00000141      0x42d .\CortexM0\ARM_GCC_541\Debug\cyfitter_cfg.o
 .debug_info    0x0000056e       0xf8 .\CortexM0\ARM_GCC_541\Debug\cymetadata.o
 .debug_info    0x00000666      0x3a2 .\CortexM0\ARM_GCC_541\Debug\Cm0Start.o
 .debug_info    0x00000a08      0xd2b .\CortexM0\ARM_GCC_541\Debug\Lab_1_3_LED.a(CyLib.o)
 .debug_info    0x00001733     0x1071 .\CortexM0\ARM_GCC_541\Debug\Lab_1_3_LED.a(CyLFClk.o)
 .debug_info    0x000027a4      0x334 .\CortexM0\ARM_GCC_541\Debug\Lab_1_3_LED.a(PWM.o)
 .debug_info    0x00002ad8      0x166 .\CortexM0\ARM_GCC_541\Debug\Lab_1_3_LED.a(Clock.o)
 .debug_info    0x00002c3e       0x7d .\CortexM0\ARM_GCC_541\Debug\Lab_1_3_LED.a(CyBootAsmGnu.o)

.debug_abbrev   0x00000000      0xaae
 *(.debug_abbrev)
 .debug_abbrev  0x00000000       0xa5 .\CortexM0\ARM_GCC_541\Debug\main.o
 .debug_abbrev  0x000000a5      0x1af .\CortexM0\ARM_GCC_541\Debug\cyfitter_cfg.o
 .debug_abbrev  0x00000254       0x5d .\CortexM0\ARM_GCC_541\Debug\cymetadata.o
 .debug_abbrev  0x000002b1      0x1d7 .\CortexM0\ARM_GCC_541\Debug\Cm0Start.o
 .debug_abbrev  0x00000488      0x1e0 .\CortexM0\ARM_GCC_541\Debug\Lab_1_3_LED.a(CyLib.o)
 .debug_abbrev  0x00000668      0x248 .\CortexM0\ARM_GCC_541\Debug\Lab_1_3_LED.a(CyLFClk.o)
 .debug_abbrev  0x000008b0      0x133 .\CortexM0\ARM_GCC_541\Debug\Lab_1_3_LED.a(PWM.o)
 .debug_abbrev  0x000009e3       0xb7 .\CortexM0\ARM_GCC_541\Debug\Lab_1_3_LED.a(Clock.o)
 .debug_abbrev  0x00000a9a       0x14 .\CortexM0\ARM_GCC_541\Debug\Lab_1_3_LED.a(CyBootAsmGnu.o)

.debug_line     0x00000000     0x1362
 *(.debug_line)
 .debug_line    0x00000000       0xa8 .\CortexM0\ARM_GCC_541\Debug\main.o
 .debug_line    0x000000a8      0x183 .\CortexM0\ARM_GCC_541\Debug\cyfitter_cfg.o
 .debug_line    0x0000022b      0x133 .\CortexM0\ARM_GCC_541\Debug\cymetadata.o
 .debug_line    0x0000035e      0x228 .\CortexM0\ARM_GCC_541\Debug\Cm0Start.o
 .debug_line    0x00000586      0x553 .\CortexM0\ARM_GCC_541\Debug\Lab_1_3_LED.a(CyLib.o)
 .debug_line    0x00000ad9      0x5db .\CortexM0\ARM_GCC_541\Debug\Lab_1_3_LED.a(CyLFClk.o)
 .debug_line    0x000010b4      0x18e .\CortexM0\ARM_GCC_541\Debug\Lab_1_3_LED.a(PWM.o)
 .debug_line    0x00001242       0xb8 .\CortexM0\ARM_GCC_541\Debug\Lab_1_3_LED.a(Clock.o)
 .debug_line    0x000012fa       0x68 .\CortexM0\ARM_GCC_541\Debug\Lab_1_3_LED.a(CyBootAsmGnu.o)

.debug_frame    0x00000000      0xd44
 *(.debug_frame)
 .debug_frame   0x00000000       0x2c .\CortexM0\ARM_GCC_541\Debug\main.o
 .debug_frame   0x0000002c       0x9c .\CortexM0\ARM_GCC_541\Debug\cyfitter_cfg.o
 .debug_frame   0x000000c8       0xbc .\CortexM0\ARM_GCC_541\Debug\Cm0Start.o
 .debug_frame   0x00000184      0x4a4 .\CortexM0\ARM_GCC_541\Debug\Lab_1_3_LED.a(CyLib.o)
 .debug_frame   0x00000628      0x4a8 .\CortexM0\ARM_GCC_541\Debug\Lab_1_3_LED.a(CyLFClk.o)
 .debug_frame   0x00000ad0      0x134 .\CortexM0\ARM_GCC_541\Debug\Lab_1_3_LED.a(PWM.o)
 .debug_frame   0x00000c04       0x6c .\CortexM0\ARM_GCC_541\Debug\Lab_1_3_LED.a(Clock.o)
 .debug_frame   0x00000c70       0x20 d:/programs/psoccreator/psoc creator/4.2/psoc creator/import/gnu/arm/5.4.1/bin/../lib/gcc/arm-none-eabi/5.4.1/armv6-m\libgcc.a(_udivsi3.o)
 .debug_frame   0x00000c90       0x20 d:/programs/psoccreator/psoc creator/4.2/psoc creator/import/gnu/arm/5.4.1/bin/../lib/gcc/arm-none-eabi/5.4.1/armv6-m\libgcc.a(_divsi3.o)
 .debug_frame   0x00000cb0       0x20 d:/programs/psoccreator/psoc creator/4.2/psoc creator/import/gnu/arm/5.4.1/bin/../lib/gcc/arm-none-eabi/5.4.1/../../../../arm-none-eabi/lib/armv6-m\libg_nano.a(lib_a-errno.o)
 .debug_frame   0x00000cd0       0x28 d:/programs/psoccreator/psoc creator/4.2/psoc creator/import/gnu/arm/5.4.1/bin/../lib/gcc/arm-none-eabi/5.4.1/../../../../arm-none-eabi/lib/armv6-m\libg_nano.a(lib_a-exit.o)
 .debug_frame   0x00000cf8       0x2c d:/programs/psoccreator/psoc creator/4.2/psoc creator/import/gnu/arm/5.4.1/bin/../lib/gcc/arm-none-eabi/5.4.1/../../../../arm-none-eabi/lib/armv6-m\libg_nano.a(lib_a-init.o)
 .debug_frame   0x00000d24       0x20 d:/programs/psoccreator/psoc creator/4.2/psoc creator/import/gnu/arm/5.4.1/bin/../lib/gcc/arm-none-eabi/5.4.1/../../../../arm-none-eabi/lib/armv6-m\libg_nano.a(lib_a-memset.o)

.debug_str      0x00000000     0x1352
 *(.debug_str)
 .debug_str     0x00000000      0x16b .\CortexM0\ARM_GCC_541\Debug\main.o
                                0x1ab (size before relaxing)
 .debug_str     0x0000016b      0x176 .\CortexM0\ARM_GCC_541\Debug\cyfitter_cfg.o
                                0x307 (size before relaxing)
 .debug_str     0x000002e1       0x63 .\CortexM0\ARM_GCC_541\Debug\cymetadata.o
                                0x1b5 (size before relaxing)
 .debug_str     0x00000344      0x13a .\CortexM0\ARM_GCC_541\Debug\Cm0Start.o
                                0x2ee (size before relaxing)
 .debug_str     0x0000047e      0x5ce .\CortexM0\ARM_GCC_541\Debug\Lab_1_3_LED.a(CyLib.o)
                                0x7e5 (size before relaxing)
 .debug_str     0x00000a4c      0x6ec .\CortexM0\ARM_GCC_541\Debug\Lab_1_3_LED.a(CyLFClk.o)
                                0x925 (size before relaxing)
 .debug_str     0x00001138      0x15d .\CortexM0\ARM_GCC_541\Debug\Lab_1_3_LED.a(PWM.o)
                                0x318 (size before relaxing)
 .debug_str     0x00001295       0xbd .\CortexM0\ARM_GCC_541\Debug\Lab_1_3_LED.a(Clock.o)
                                0x238 (size before relaxing)

.debug_loc      0x00000000     0x18c5
 *(.debug_loc)
 .debug_loc     0x00000000      0x118 .\CortexM0\ARM_GCC_541\Debug\cyfitter_cfg.o
 .debug_loc     0x00000118      0x14f .\CortexM0\ARM_GCC_541\Debug\Cm0Start.o
 .debug_loc     0x00000267      0x818 .\CortexM0\ARM_GCC_541\Debug\Lab_1_3_LED.a(CyLib.o)
 .debug_loc     0x00000a7f      0xdaa .\CortexM0\ARM_GCC_541\Debug\Lab_1_3_LED.a(CyLFClk.o)
 .debug_loc     0x00001829       0x26 .\CortexM0\ARM_GCC_541\Debug\Lab_1_3_LED.a(PWM.o)
 .debug_loc     0x0000184f       0x76 .\CortexM0\ARM_GCC_541\Debug\Lab_1_3_LED.a(Clock.o)

.debug_macinfo
 *(.debug_macinfo)

.debug_ranges   0x00000000      0x468
 *(.debug_ranges)
 .debug_ranges  0x00000000       0x10 .\CortexM0\ARM_GCC_541\Debug\main.o
 .debug_ranges  0x00000010       0x30 .\CortexM0\ARM_GCC_541\Debug\cyfitter_cfg.o
 .debug_ranges  0x00000040       0x38 .\CortexM0\ARM_GCC_541\Debug\Cm0Start.o
 .debug_ranges  0x00000078      0x1c0 .\CortexM0\ARM_GCC_541\Debug\Lab_1_3_LED.a(CyLib.o)
 .debug_ranges  0x00000238      0x178 .\CortexM0\ARM_GCC_541\Debug\Lab_1_3_LED.a(CyLFClk.o)
 .debug_ranges  0x000003b0       0x88 .\CortexM0\ARM_GCC_541\Debug\Lab_1_3_LED.a(PWM.o)
 .debug_ranges  0x00000438       0x30 .\CortexM0\ARM_GCC_541\Debug\Lab_1_3_LED.a(Clock.o)

.comment        0x00000000       0x6e
 .comment       0x00000000       0x6e .\CortexM0\ARM_GCC_541\Debug\main.o
                                 0x6f (size before relaxing)
 .comment       0x0000006e       0x6f .\CortexM0\ARM_GCC_541\Debug\cyfitter_cfg.o
 .comment       0x0000006e       0x6f .\CortexM0\ARM_GCC_541\Debug\cymetadata.o
 .comment       0x0000006e       0x6f .\CortexM0\ARM_GCC_541\Debug\Cm0Start.o
 .comment       0x0000006e       0x6f .\CortexM0\ARM_GCC_541\Debug\Lab_1_3_LED.a(CyLib.o)
 .comment       0x0000006e       0x6f .\CortexM0\ARM_GCC_541\Debug\Lab_1_3_LED.a(CyLFClk.o)
 .comment       0x0000006e       0x6f .\CortexM0\ARM_GCC_541\Debug\Lab_1_3_LED.a(PWM.o)
 .comment       0x0000006e       0x6f .\CortexM0\ARM_GCC_541\Debug\Lab_1_3_LED.a(Clock.o)

.debug_weaknames
 *(.debug_weaknames)

.debug_funcnames
 *(.debug_funcnames)

.debug_typenames
 *(.debug_typenames)

.debug_varnames
 *(.debug_varnames)

.note.gnu.arm.ident
 *(.note.gnu.arm.ident)

.ARM.attributes
                0x00000000       0x28
 *(.ARM.attributes)
 .ARM.attributes
                0x00000000       0x1e d:/programs/psoccreator/psoc creator/4.2/psoc creator/import/gnu/arm/5.4.1/bin/../lib/gcc/arm-none-eabi/5.4.1/armv6-m/crti.o
 .ARM.attributes
                0x0000001e       0x2c d:/programs/psoccreator/psoc creator/4.2/psoc creator/import/gnu/arm/5.4.1/bin/../lib/gcc/arm-none-eabi/5.4.1/armv6-m/crtbegin.o
 .ARM.attributes
                0x0000004a       0x1b d:/programs/psoccreator/psoc creator/4.2/psoc creator/import/gnu/arm/5.4.1/bin/../lib/gcc/arm-none-eabi/5.4.1/../../../../arm-none-eabi/lib/armv6-m/crt0.o
 .ARM.attributes
                0x00000065       0x31 .\CortexM0\ARM_GCC_541\Debug\main.o
 .ARM.attributes
                0x00000096       0x31 .\CortexM0\ARM_GCC_541\Debug\cyfitter_cfg.o
 .ARM.attributes
                0x000000c7       0x31 .\CortexM0\ARM_GCC_541\Debug\cymetadata.o
 .ARM.attributes
                0x000000f8       0x31 .\CortexM0\ARM_GCC_541\Debug\Cm0Start.o
 .ARM.attributes
                0x00000129       0x31 .\CortexM0\ARM_GCC_541\Debug\Lab_1_3_LED.a(CyLib.o)
 .ARM.attributes
                0x0000015a       0x31 .\CortexM0\ARM_GCC_541\Debug\Lab_1_3_LED.a(CyLFClk.o)
 .ARM.attributes
                0x0000018b       0x31 .\CortexM0\ARM_GCC_541\Debug\Lab_1_3_LED.a(PWM.o)
 .ARM.attributes
                0x000001bc       0x31 .\CortexM0\ARM_GCC_541\Debug\Lab_1_3_LED.a(Clock.o)
 .ARM.attributes
                0x000001ed       0x21 .\CortexM0\ARM_GCC_541\Debug\Lab_1_3_LED.a(CyBootAsmGnu.o)
 .ARM.attributes
                0x0000020e       0x1e d:/programs/psoccreator/psoc creator/4.2/psoc creator/import/gnu/arm/5.4.1/bin/../lib/gcc/arm-none-eabi/5.4.1/armv6-m\libgcc.a(_udivsi3.o)
 .ARM.attributes
                0x0000022c       0x1e d:/programs/psoccreator/psoc creator/4.2/psoc creator/import/gnu/arm/5.4.1/bin/../lib/gcc/arm-none-eabi/5.4.1/armv6-m\libgcc.a(_divsi3.o)
 .ARM.attributes
                0x0000024a       0x1e d:/programs/psoccreator/psoc creator/4.2/psoc creator/import/gnu/arm/5.4.1/bin/../lib/gcc/arm-none-eabi/5.4.1/armv6-m\libgcc.a(_dvmd_tls.o)
 .ARM.attributes
                0x00000268       0x2c d:/programs/psoccreator/psoc creator/4.2/psoc creator/import/gnu/arm/5.4.1/bin/../lib/gcc/arm-none-eabi/5.4.1/../../../../arm-none-eabi/lib/armv6-m\libg_nano.a(lib_a-errno.o)
 .ARM.attributes
                0x00000294       0x2c d:/programs/psoccreator/psoc creator/4.2/psoc creator/import/gnu/arm/5.4.1/bin/../lib/gcc/arm-none-eabi/5.4.1/../../../../arm-none-eabi/lib/armv6-m\libg_nano.a(lib_a-exit.o)
 .ARM.attributes
                0x000002c0       0x2c d:/programs/psoccreator/psoc creator/4.2/psoc creator/import/gnu/arm/5.4.1/bin/../lib/gcc/arm-none-eabi/5.4.1/../../../../arm-none-eabi/lib/armv6-m\libg_nano.a(lib_a-impure.o)
 .ARM.attributes
                0x000002ec       0x2c d:/programs/psoccreator/psoc creator/4.2/psoc creator/import/gnu/arm/5.4.1/bin/../lib/gcc/arm-none-eabi/5.4.1/../../../../arm-none-eabi/lib/armv6-m\libg_nano.a(lib_a-init.o)
 .ARM.attributes
                0x00000318       0x2c d:/programs/psoccreator/psoc creator/4.2/psoc creator/import/gnu/arm/5.4.1/bin/../lib/gcc/arm-none-eabi/5.4.1/../../../../arm-none-eabi/lib/armv6-m\libg_nano.a(lib_a-memset.o)
 .ARM.attributes
                0x00000344       0x2c d:/programs/psoccreator/psoc creator/4.2/psoc creator/import/gnu/arm/5.4.1/bin/../lib/gcc/arm-none-eabi/5.4.1/armv6-m/crtend.o
 .ARM.attributes
                0x00000370       0x1e d:/programs/psoccreator/psoc creator/4.2/psoc creator/import/gnu/arm/5.4.1/bin/../lib/gcc/arm-none-eabi/5.4.1/armv6-m/crtn.o

/DISCARD/
 *(.note.GNU-stack)
OUTPUT(D:\POK_project\PsoC\LABs_BLE\Lab_1_3_LED.cydsn\CortexM0\ARM_GCC_541\Debug\Lab_1_3_LED.elf elf32-littlearm)
